Archive member included to satisfy reference by file (symbol)

d:/program files (x86)/atmel/studio/7.0/toolchain/avr8/avr8-gnu-toolchain/bin/../lib/gcc/avr/5.4.0/../../../../avr/lib/avr5\libm.a(addsf3.o)
                              Sketch.o (__subsf3)
d:/program files (x86)/atmel/studio/7.0/toolchain/avr8/avr8-gnu-toolchain/bin/../lib/gcc/avr/5.4.0/../../../../avr/lib/avr5\libm.a(addsf3x.o)
                              d:/program files (x86)/atmel/studio/7.0/toolchain/avr8/avr8-gnu-toolchain/bin/../lib/gcc/avr/5.4.0/../../../../avr/lib/avr5\libm.a(addsf3.o) (__addsf3x)
d:/program files (x86)/atmel/studio/7.0/toolchain/avr8/avr8-gnu-toolchain/bin/../lib/gcc/avr/5.4.0/../../../../avr/lib/avr5\libm.a(cmpsf2.o)
                              Sketch.o (__ltsf2)
d:/program files (x86)/atmel/studio/7.0/toolchain/avr8/avr8-gnu-toolchain/bin/../lib/gcc/avr/5.4.0/../../../../avr/lib/avr5\libm.a(divsf3.o)
                              Sketch.o (__divsf3)
d:/program files (x86)/atmel/studio/7.0/toolchain/avr8/avr8-gnu-toolchain/bin/../lib/gcc/avr/5.4.0/../../../../avr/lib/avr5\libm.a(divsf3x.o)
                              d:/program files (x86)/atmel/studio/7.0/toolchain/avr8/avr8-gnu-toolchain/bin/../lib/gcc/avr/5.4.0/../../../../avr/lib/avr5\libm.a(divsf3.o) (__divsf3x)
d:/program files (x86)/atmel/studio/7.0/toolchain/avr8/avr8-gnu-toolchain/bin/../lib/gcc/avr/5.4.0/../../../../avr/lib/avr5\libm.a(fixunssfsi.o)
                              Sketch.o (__fixunssfsi)
d:/program files (x86)/atmel/studio/7.0/toolchain/avr8/avr8-gnu-toolchain/bin/../lib/gcc/avr/5.4.0/../../../../avr/lib/avr5\libm.a(floatsisf.o)
                              Sketch.o (__floatsisf)
d:/program files (x86)/atmel/studio/7.0/toolchain/avr8/avr8-gnu-toolchain/bin/../lib/gcc/avr/5.4.0/../../../../avr/lib/avr5\libm.a(fp_cmp.o)
                              d:/program files (x86)/atmel/studio/7.0/toolchain/avr8/avr8-gnu-toolchain/bin/../lib/gcc/avr/5.4.0/../../../../avr/lib/avr5\libm.a(cmpsf2.o) (__fp_cmp)
d:/program files (x86)/atmel/studio/7.0/toolchain/avr8/avr8-gnu-toolchain/bin/../lib/gcc/avr/5.4.0/../../../../avr/lib/avr5\libm.a(fp_inf.o)
                              d:/program files (x86)/atmel/studio/7.0/toolchain/avr8/avr8-gnu-toolchain/bin/../lib/gcc/avr/5.4.0/../../../../avr/lib/avr5\libm.a(addsf3x.o) (__fp_inf)
d:/program files (x86)/atmel/studio/7.0/toolchain/avr8/avr8-gnu-toolchain/bin/../lib/gcc/avr/5.4.0/../../../../avr/lib/avr5\libm.a(fp_nan.o)
                              d:/program files (x86)/atmel/studio/7.0/toolchain/avr8/avr8-gnu-toolchain/bin/../lib/gcc/avr/5.4.0/../../../../avr/lib/avr5\libm.a(addsf3x.o) (__fp_nan)
d:/program files (x86)/atmel/studio/7.0/toolchain/avr8/avr8-gnu-toolchain/bin/../lib/gcc/avr/5.4.0/../../../../avr/lib/avr5\libm.a(fp_pscA.o)
                              d:/program files (x86)/atmel/studio/7.0/toolchain/avr8/avr8-gnu-toolchain/bin/../lib/gcc/avr/5.4.0/../../../../avr/lib/avr5\libm.a(addsf3x.o) (__fp_pscA)
d:/program files (x86)/atmel/studio/7.0/toolchain/avr8/avr8-gnu-toolchain/bin/../lib/gcc/avr/5.4.0/../../../../avr/lib/avr5\libm.a(fp_pscB.o)
                              d:/program files (x86)/atmel/studio/7.0/toolchain/avr8/avr8-gnu-toolchain/bin/../lib/gcc/avr/5.4.0/../../../../avr/lib/avr5\libm.a(addsf3x.o) (__fp_pscB)
d:/program files (x86)/atmel/studio/7.0/toolchain/avr8/avr8-gnu-toolchain/bin/../lib/gcc/avr/5.4.0/../../../../avr/lib/avr5\libm.a(fp_round.o)
                              d:/program files (x86)/atmel/studio/7.0/toolchain/avr8/avr8-gnu-toolchain/bin/../lib/gcc/avr/5.4.0/../../../../avr/lib/avr5\libm.a(addsf3.o) (__fp_round)
d:/program files (x86)/atmel/studio/7.0/toolchain/avr8/avr8-gnu-toolchain/bin/../lib/gcc/avr/5.4.0/../../../../avr/lib/avr5\libm.a(fp_split3.o)
                              d:/program files (x86)/atmel/studio/7.0/toolchain/avr8/avr8-gnu-toolchain/bin/../lib/gcc/avr/5.4.0/../../../../avr/lib/avr5\libm.a(addsf3x.o) (__fp_split3)
d:/program files (x86)/atmel/studio/7.0/toolchain/avr8/avr8-gnu-toolchain/bin/../lib/gcc/avr/5.4.0/../../../../avr/lib/avr5\libm.a(fp_zero.o)
                              d:/program files (x86)/atmel/studio/7.0/toolchain/avr8/avr8-gnu-toolchain/bin/../lib/gcc/avr/5.4.0/../../../../avr/lib/avr5\libm.a(addsf3x.o) (__fp_zero)
d:/program files (x86)/atmel/studio/7.0/toolchain/avr8/avr8-gnu-toolchain/bin/../lib/gcc/avr/5.4.0/../../../../avr/lib/avr5\libm.a(gesf2.o)
                              Sketch.o (__gtsf2)
d:/program files (x86)/atmel/studio/7.0/toolchain/avr8/avr8-gnu-toolchain/bin/../lib/gcc/avr/5.4.0/../../../../avr/lib/avr5\libm.a(mulsf3.o)
                              Sketch.o (__mulsf3)
d:/program files (x86)/atmel/studio/7.0/toolchain/avr8/avr8-gnu-toolchain/bin/../lib/gcc/avr/5.4.0/../../../../avr/lib/avr5\libm.a(mulsf3x.o)
                              d:/program files (x86)/atmel/studio/7.0/toolchain/avr8/avr8-gnu-toolchain/bin/../lib/gcc/avr/5.4.0/../../../../avr/lib/avr5\libm.a(mulsf3.o) (__mulsf3x)
[...]
Memory Configuration

Name             Origin             Length             Attributes
text             0x00000000         0x00020000         xr
data             0x00800060         0x0000ffa0         rw !x
eeprom           0x00810000         0x00010000         rw !x
fuse             0x00820000         0x00000003         rw !x
lock             0x00830000         0x00000400         rw !x
signature        0x00840000         0x00000400         rw !x
user_signatures  0x00850000         0x00000400         rw !x
*default*        0x00000000         0xffffffff

Linker script and memory map

Address of section .data set to 0x800100
LOAD D:/Program Files (x86)/Atmel/Studio/7.0/Packs/Atmel/ATmega_DFP/1.2.132/gcc/dev/atmega32u4/avr5/crtatmega32u4.o
LOAD Sketch.o
START GROUP
LOAD d:/program files (x86)/atmel/studio/7.0/toolchain/avr8/avr8-gnu-toolchain/bin/../lib/gcc/avr/5.4.0/../../../../avr/lib/avr5\libm.a
LOAD C:\Users\sun\Desktop\DOCUME~1\SRL\SALAMA~1\code\firmware\FIRMWA~1\test\MOTOR_~1\ARDUIN~1\ARDUIN~1\Debug\libArduinoCore.a
END GROUP
LOAD d:/program files (x86)/atmel/studio/7.0/toolchain/avr8/avr8-gnu-toolchain/bin/../lib/gcc/avr/5.4.0/avr5\libgcc.a
LOAD d:/program files (x86)/atmel/studio/7.0/toolchain/avr8/avr8-gnu-toolchain/bin/../lib/gcc/avr/5.4.0/../../../../avr/lib/avr5\libm.a
START GROUP
LOAD d:/program files (x86)/atmel/studio/7.0/toolchain/avr8/avr8-gnu-toolchain/bin/../lib/gcc/avr/5.4.0/avr5\libgcc.a
LOAD d:/program files (x86)/atmel/studio/7.0/toolchain/avr8/avr8-gnu-toolchain/bin/../lib/gcc/avr/5.4.0/../../../../avr/lib/avr5\libm.a
LOAD d:/program files (x86)/atmel/studio/7.0/toolchain/avr8/avr8-gnu-toolchain/bin/../lib/gcc/avr/5.4.0/../../../../avr/lib/avr5\libc.a
LOAD D:/Program Files (x86)/Atmel/Studio/7.0/Packs/Atmel/ATmega_DFP/1.2.132/gcc/dev/atmega32u4/avr5\libatmega32u4.a
END GROUP
                0x00000000                __TEXT_REGION_ORIGIN__ = DEFINED (__TEXT_REGION_ORIGIN__)?__TEXT_REGION_ORIGIN__:0x0
                0x00800060                __DATA_REGION_ORIGIN__ = DEFINED (__DATA_REGION_ORIGIN__)?__DATA_REGION_ORIGIN__:0x800060
                0x00020000                __TEXT_REGION_LENGTH__ = DEFINED (__TEXT_REGION_LENGTH__)?__TEXT_REGION_LENGTH__:0x20000
                0x0000ffa0                __DATA_REGION_LENGTH__ = DEFINED (__DATA_REGION_LENGTH__)?__DATA_REGION_LENGTH__:0xffa0
                0x00010000                __EEPROM_REGION_LENGTH__ = DEFINED (__EEPROM_REGION_LENGTH__)?__EEPROM_REGION_LENGTH__:0x10000
                [0x00000003]                __FUSE_REGION_LENGTH__ = DEFINED (__FUSE_REGION_LENGTH__)?__FUSE_REGION_LENGTH__:0x400
                0x00000400                __LOCK_REGION_LENGTH__ = DEFINED (__LOCK_REGION_LENGTH__)?__LOCK_REGION_LENGTH__:0x400
                0x00000400                __SIGNATURE_REGION_LENGTH__ = DEFINED (__SIGNATURE_REGION_LENGTH__)?__SIGNATURE_REGION_LENGTH__:0x400
                0x00000400                __USER_SIGNATURE_REGION_LENGTH__ = DEFINED (__USER_SIGNATURE_REGION_LENGTH__)?__USER_SIGNATURE_REGION_LENGTH__:0x400

.hash
 *(.hash)

.dynsym
 *(.dynsym)

.dynstr
 *(.dynstr)

.gnu.version
 *(.gnu.version)

.gnu.version_d
 *(.gnu.version_d)

.gnu.version_r
 *(.gnu.version_r)

.rel.init
 *(.rel.init)

.rela.init
 *(.rela.init)

.rel.text
 *(.rel.text)
 *(.rel.text.*)
 *(.rel.gnu.linkonce.t*)

.rela.text
 *(.rela.text)
 *(.rela.text.*)
 *(.rela.gnu.linkonce.t*)

.rel.fini
 *(.rel.fini)

.rela.fini
 *(.rela.fini)

.rel.rodata
 *(.rel.rodata)
 *(.rel.rodata.*)
 *(.rel.gnu.linkonce.r*)

.rela.rodata
 *(.rela.rodata)
 *(.rela.rodata.*)
 *(.rela.gnu.linkonce.r*)

.rel.data
 *(.rel.data)
 *(.rel.data.*)
 *(.rel.gnu.linkonce.d*)

.rela.data
 *(.rela.data)
 *(.rela.data.*)
 *(.rela.gnu.linkonce.d*)

.rel.ctors
 *(.rel.ctors)

.rela.ctors
 *(.rela.ctors)

.rel.dtors
 *(.rel.dtors)

.rela.dtors
 *(.rela.dtors)

.rel.got
 *(.rel.got)

.rela.got
 *(.rela.got)

.rel.bss
 *(.rel.bss)

.rela.bss
 *(.rela.bss)

.rel.plt
 *(.rel.plt)

.rela.plt
 *(.rela.plt)

.text           0x00000000     0x2e5a
 *(.vectors)
 .vectors       0x00000000       0xac D:/Program Files (x86)/Atmel/Studio/7.0/Packs/Atmel/ATmega_DFP/1.2.132/gcc/dev/atmega32u4/avr5/crtatmega32u4.o
                0x00000000                __vector_default
                0x00000000                __vectors
 *(.vectors)
 *(.progmem.gcc*)
 .progmem.gcc_sw_table.turnOffPWM
                0x000000ac       0x1e C:\Users\sun\Desktop\DOCUME~1\SRL\SALAMA~1\code\firmware\FIRMWA~1\test\MOTOR_~1\ARDUIN~1\ARDUIN~1\Debug\libArduinoCore.a(wiring_digital.o)
                0x000000ca                . = ALIGN (0x2)
                0x000000ca                __trampolines_start = .
 *(.trampolines)
 .trampolines   0x000000ca        0x0 linker stubs
 *(.trampolines*)
                0x000000ca                __trampolines_end = .
 *libprintf_flt.a:*(.progmem.data)
 *libc.a:*(.progmem.data)
 *(.progmem*)
 .progmem.data.USB_DeviceDescriptorB
                0x000000ca       0x12 C:\Users\sun\Desktop\DOCUME~1\SRL\SALAMA~1\code\firmware\FIRMWA~1\test\MOTOR_~1\ARDUIN~1\ARDUIN~1\Debug\libArduinoCore.a(USBCore.o)
                0x000000ca                USB_DeviceDescriptorB
 .progmem.data.USB_DeviceDescriptor
                0x000000dc       0x12 C:\Users\sun\Desktop\DOCUME~1\SRL\SALAMA~1\code\firmware\FIRMWA~1\test\MOTOR_~1\ARDUIN~1\ARDUIN~1\Debug\libArduinoCore.a(USBCore.o)
                0x000000dc                USB_DeviceDescriptor
 .progmem.data.STRING_MANUFACTURER
                0x000000ee        0xc C:\Users\sun\Desktop\DOCUME~1\SRL\SALAMA~1\code\firmware\FIRMWA~1\test\MOTOR_~1\ARDUIN~1\ARDUIN~1\Debug\libArduinoCore.a(USBCore.o)
                0x000000ee                STRING_MANUFACTURER
 .progmem.data.STRING_PRODUCT
                0x000000fa        0xe C:\Users\sun\Desktop\DOCUME~1\SRL\SALAMA~1\code\firmware\FIRMWA~1\test\MOTOR_~1\ARDUIN~1\ARDUIN~1\Debug\libArduinoCore.a(USBCore.o)
                0x000000fa                STRING_PRODUCT
 .progmem.data.STRING_LANGUAGE
                0x00000108        0x4 C:\Users\sun\Desktop\DOCUME~1\SRL\SALAMA~1\code\firmware\FIRMWA~1\test\MOTOR_~1\ARDUIN~1\ARDUIN~1\Debug\libArduinoCore.a(USBCore.o)
                0x00000108                STRING_LANGUAGE
 .progmem.data.analog_pin_to_channel_PGM
                0x0000010c        0xc C:\Users\sun\Desktop\DOCUME~1\SRL\SALAMA~1\code\firmware\FIRMWA~1\test\MOTOR_~1\ARDUIN~1\ARDUIN~1\Debug\libArduinoCore.a(wiring_digital.o)
                0x0000010c                analog_pin_to_channel_PGM
 .progmem.data.digital_pin_to_timer_PGM
                0x00000118       0x1f C:\Users\sun\Desktop\DOCUME~1\SRL\SALAMA~1\code\firmware\FIRMWA~1\test\MOTOR_~1\ARDUIN~1\ARDUIN~1\Debug\libArduinoCore.a(wiring_digital.o)
                0x00000118                digital_pin_to_timer_PGM
 .progmem.data.digital_pin_to_bit_mask_PGM
                0x00000137       0x1f C:\Users\sun\Desktop\DOCUME~1\SRL\SALAMA~1\code\firmware\FIRMWA~1\test\MOTOR_~1\ARDUIN~1\ARDUIN~1\Debug\libArduinoCore.a(wiring_digital.o)
                0x00000137                digital_pin_to_bit_mask_PGM
 .progmem.data.digital_pin_to_port_PGM
                0x00000156       0x1f C:\Users\sun\Desktop\DOCUME~1\SRL\SALAMA~1\code\firmware\FIRMWA~1\test\MOTOR_~1\ARDUIN~1\ARDUIN~1\Debug\libArduinoCore.a(wiring_digital.o)
                0x00000156                digital_pin_to_port_PGM
 .progmem.data.port_to_output_PGM
                0x00000175        0xe C:\Users\sun\Desktop\DOCUME~1\SRL\SALAMA~1\code\firmware\FIRMWA~1\test\MOTOR_~1\ARDUIN~1\ARDUIN~1\Debug\libArduinoCore.a(wiring_digital.o)
                0x00000175                port_to_output_PGM
 .progmem.data.port_to_mode_PGM
                0x00000183        0xe C:\Users\sun\Desktop\DOCUME~1\SRL\SALAMA~1\code\firmware\FIRMWA~1\test\MOTOR_~1\ARDUIN~1\ARDUIN~1\Debug\libArduinoCore.a(wiring_digital.o)
                0x00000183                port_to_mode_PGM
 .progmem.data._cdcInterface
                0x00000191       0x42 C:\Users\sun\Desktop\DOCUME~1\SRL\SALAMA~1\code\firmware\FIRMWA~1\test\MOTOR_~1\ARDUIN~1\ARDUIN~1\Debug\libArduinoCore.a(CDC.o)
                0x00000191                _cdcInterface
                0x000001d4                . = ALIGN (0x2)
 *fill*         0x000001d3        0x1 
 *(.jumptables)
 *(.jumptables*)
 *(.lowtext)
 *(.lowtext*)
                0x000001d4                __ctors_start = .
 *(.ctors)
 .ctors         0x000001d4        0x2 Sketch.o
 .ctors         0x000001d6        0x2 C:\Users\sun\Desktop\DOCUME~1\SRL\SALAMA~1\code\firmware\FIRMWA~1\test\MOTOR_~1\ARDUIN~1\ARDUIN~1\Debug\libArduinoCore.a(HardwareSerial1.o)
 .ctors         0x000001d8        0x2 C:\Users\sun\Desktop\DOCUME~1\SRL\SALAMA~1\code\firmware\FIRMWA~1\test\MOTOR_~1\ARDUIN~1\ARDUIN~1\Debug\libArduinoCore.a(CDC.o)
                0x000001da                __ctors_end = .
                0x000001da                __dtors_start = .
 *(.dtors)
                0x000001da                __dtors_end = .
 SORT(*)(.ctors)
 SORT(*)(.dtors)
 *(.init0)
 .init0         0x000001da        0x0 D:/Program Files (x86)/Atmel/Studio/7.0/Packs/Atmel/ATmega_DFP/1.2.132/gcc/dev/atmega32u4/avr5/crtatmega32u4.o
                0x000001da                __init
 *(.init0)
 *(.init1)
 *(.init1)
 *(.init2)
 .init2         0x000001da        0xc D:/Program Files (x86)/Atmel/Studio/7.0/Packs/Atmel/ATmega_DFP/1.2.132/gcc/dev/atmega32u4/avr5/crtatmega32u4.o
 *(.init2)
 *(.init3)
 *(.init3)
 *(.init4)
 .init4         0x000001e6       0x16 d:/program files (x86)/atmel/studio/7.0/toolchain/avr8/avr8-gnu-toolchain/bin/../lib/gcc/avr/5.4.0/avr5\libgcc.a(_copy_data.o)
                0x000001e6                __do_copy_data
 .init4         0x000001fc       0x10 d:/program files (x86)/atmel/studio/7.0/toolchain/avr8/avr8-gnu-toolchain/bin/../lib/gcc/avr/5.4.0/avr5\libgcc.a(_clear_bss.o)
                0x000001fc                __do_clear_bss
 *(.init4)
 *(.init5)
 *(.init5)
 *(.init6)
 .init6         0x0000020c       0x16 d:/program files (x86)/atmel/studio/7.0/toolchain/avr8/avr8-gnu-toolchain/bin/../lib/gcc/avr/5.4.0/avr5\libgcc.a(_ctors.o)
                0x0000020c                __do_global_ctors
 *(.init6)
 *(.init7)
 *(.init7)
 *(.init8)
 *(.init8)
 *(.init9)
 .init9         0x00000222        0x8 D:/Program Files (x86)/Atmel/Studio/7.0/Packs/Atmel/ATmega_DFP/1.2.132/gcc/dev/atmega32u4/avr5/crtatmega32u4.o
 *(.init9)
 *(.text)
 .text          0x0000022a        0x4 D:/Program Files (x86)/Atmel/Studio/7.0/Packs/Atmel/ATmega_DFP/1.2.132/gcc/dev/atmega32u4/avr5/crtatmega32u4.o
                0x0000022a                __vector_38
                0x0000022a                __vector_22
                0x0000022a                __vector_28
                0x0000022a                __vector_1
                0x0000022a                __vector_32
                0x0000022a                __vector_34
                0x0000022a                __vector_24
                0x0000022a                __vector_12
                0x0000022a                __bad_interrupt
                0x0000022a                __vector_6
                0x0000022a                __vector_31
                0x0000022a                __vector_35
                0x0000022a                __vector_39
                0x0000022a                __vector_3
                0x0000022a                __vector_30
                0x0000022a                __vector_13
                0x0000022a                __vector_17
                0x0000022a                __vector_19
                0x0000022a                __vector_7
                0x0000022a                __vector_41
                0x0000022a                __vector_27
                0x0000022a                __vector_5
                0x0000022a                __vector_33
                0x0000022a                __vector_37
                0x0000022a                __vector_4
                0x0000022a                __vector_9
                0x0000022a                __vector_2
                0x0000022a                __vector_21
                0x0000022a                __vector_15
                0x0000022a                __vector_36
                0x0000022a                __vector_29
                0x0000022a                __vector_40
                0x0000022a                __vector_8
                0x0000022a                __vector_14
                0x0000022a                __vector_16
                0x0000022a                __vector_18
                0x0000022a                __vector_20
                0x0000022a                __vector_42
                0x0000022e                . = ALIGN (0x2)
 *(.text.*)
 .text._ZN8SPIClass8transferEh
                0x0000022e        0xe Sketch.o
                0x0000022e                _ZN8SPIClass8transferEh
 .text._Z12initEncodersv
                0x0000023c       0x9c Sketch.o
                0x0000023c                _Z12initEncodersv
 .text._Z11readEncoderi
                0x000002d8      0x154 Sketch.o
                0x000002d8                _Z11readEncoderi
 .text.loop     0x0000042c      0x508 Sketch.o
                0x0000042c                loop
 .text._Z17clearEncoderCountv
                0x00000934      0x118 Sketch.o
                0x00000934                _Z17clearEncoderCountv
 .text.setup    0x00000a4c      0x1ae Sketch.o
                0x00000a4c                setup
 .text.startup._GLOBAL__sub_I_gear_ratio
                0x00000bfa      0x1da Sketch.o
 .text.avr-libc.fplib
                0x00000dd4        0xe d:/program files (x86)/atmel/studio/7.0/toolchain/avr8/avr8-gnu-toolchain/bin/../lib/gcc/avr/5.4.0/../../../../avr/lib/avr5\libm.a(addsf3.o)
                0x00000dd4                __subsf3
                0x00000dd6                __addsf3
 .text.avr-libc.fplib
                0x00000de2       0xcc d:/program files (x86)/atmel/studio/7.0/toolchain/avr8/avr8-gnu-toolchain/bin/../lib/gcc/avr/5.4.0/../../../../avr/lib/avr5\libm.a(addsf3x.o)
                0x00000e04                __addsf3x
 .text.avr-libc.fplib
                0x00000eae        0xa d:/program files (x86)/atmel/studio/7.0/toolchain/avr8/avr8-gnu-toolchain/bin/../lib/gcc/avr/5.4.0/../../../../avr/lib/avr5\libm.a(cmpsf2.o)
                0x00000eae                __nesf2
                0x00000eae                __eqsf2
                0x00000eae                __cmpsf2
                0x00000eae                __ltsf2
                0x00000eae                __lesf2
 .text.avr-libc.fplib
                0x00000eb8        0x8 d:/program files (x86)/atmel/studio/7.0/toolchain/avr8/avr8-gnu-toolchain/bin/../lib/gcc/avr/5.4.0/../../../../avr/lib/avr5\libm.a(divsf3.o)
                0x00000eb8                __divsf3
 .text.avr-libc.fplib
                0x00000ec0       0xdc d:/program files (x86)/atmel/studio/7.0/toolchain/avr8/avr8-gnu-toolchain/bin/../lib/gcc/avr/5.4.0/../../../../avr/lib/avr5\libm.a(divsf3x.o)
                0x00000ee0                __divsf3x
                0x00000ee6                __divsf3_pse
 .text.avr-libc.fplib
                0x00000f9c       0x5e d:/program files (x86)/atmel/studio/7.0/toolchain/avr8/avr8-gnu-toolchain/bin/../lib/gcc/avr/5.4.0/../../../../avr/lib/avr5\libm.a(fixunssfsi.o)
                0x00000f9c                __fixunssfsi
 .text.avr-libc.fplib
                0x00000ffa       0x7a d:/program files (x86)/atmel/studio/7.0/toolchain/avr8/avr8-gnu-toolchain/bin/../lib/gcc/avr/5.4.0/../../../../avr/lib/avr5\libm.a(floatsisf.o)
                0x00000ffa                __floatunsisf
                0x00000ffe                __floatsisf
 .text.avr-libc.fplib
                0x00001074       0x48 d:/program files (x86)/atmel/studio/7.0/toolchain/avr8/avr8-gnu-toolchain/bin/../lib/gcc/avr/5.4.0/../../../../avr/lib/avr5\libm.a(fp_cmp.o)
                0x00001074                __fp_cmp
 .text.avr-libc.fplib
                0x000010bc        0xc d:/program files (x86)/atmel/studio/7.0/toolchain/avr8/avr8-gnu-toolchain/bin/../lib/gcc/avr/5.4.0/../../../../avr/lib/avr5\libm.a(fp_inf.o)
                0x000010bc                __fp_inf
 .text.avr-libc.fplib
                0x000010c8        0x6 d:/program files (x86)/atmel/studio/7.0/toolchain/avr8/avr8-gnu-toolchain/bin/../lib/gcc/avr/5.4.0/../../../../avr/lib/avr5\libm.a(fp_nan.o)
                0x000010c8                __fp_nan
 .text.avr-libc.fplib
                0x000010ce        0xe d:/program files (x86)/atmel/studio/7.0/toolchain/avr8/avr8-gnu-toolchain/bin/../lib/gcc/avr/5.4.0/../../../../avr/lib/avr5\libm.a(fp_pscA.o)
                0x000010ce                __fp_pscA
 .text.avr-libc.fplib
                0x000010dc        0xe d:/program files (x86)/atmel/studio/7.0/toolchain/avr8/avr8-gnu-toolchain/bin/../lib/gcc/avr/5.4.0/../../../../avr/lib/avr5\libm.a(fp_pscB.o)
                0x000010dc                __fp_pscB
 .text.avr-libc.fplib
                0x000010ea       0x22 d:/program files (x86)/atmel/studio/7.0/toolchain/avr8/avr8-gnu-toolchain/bin/../lib/gcc/avr/5.4.0/../../../../avr/lib/avr5\libm.a(fp_round.o)
                0x000010ea                __fp_round
 .text.avr-libc.fplib
                0x0000110c       0x44 d:/program files (x86)/atmel/studio/7.0/toolchain/avr8/avr8-gnu-toolchain/bin/../lib/gcc/avr/5.4.0/../../../../avr/lib/avr5\libm.a(fp_split3.o)
                0x0000110c                __fp_split3
                0x0000111c                __fp_splitA
 .text.avr-libc.fplib
                0x00001150        0xe d:/program files (x86)/atmel/studio/7.0/toolchain/avr8/avr8-gnu-toolchain/bin/../lib/gcc/avr/5.4.0/../../../../avr/lib/avr5\libm.a(fp_zero.o)
                0x00001150                __fp_zero
                0x00001152                __fp_szero
 .text.avr-libc.fplib
                0x0000115e        0xa d:/program files (x86)/atmel/studio/7.0/toolchain/avr8/avr8-gnu-toolchain/bin/../lib/gcc/avr/5.4.0/../../../../avr/lib/avr5\libm.a(gesf2.o)
                0x0000115e                __gesf2
                0x0000115e                __gtsf2
 .text.avr-libc.fplib
                0x00001168        0x8 d:/program files (x86)/atmel/studio/7.0/toolchain/avr8/avr8-gnu-toolchain/bin/../lib/gcc/avr/5.4.0/../../../../avr/lib/avr5\libm.a(mulsf3.o)
                0x00001168                __mulsf3
 .text.avr-libc.fplib
                0x00001170       0xd2 d:/program files (x86)/atmel/studio/7.0/toolchain/avr8/avr8-gnu-toolchain/bin/../lib/gcc/avr/5.4.0/../../../../avr/lib/avr5\libm.a(mulsf3x.o)
                0x0000118e                __mulsf3x
                0x00001194                __mulsf3_pse
 .text._ZN14HardwareSerial9availableEv
                0x00001242       0x18 C:\Users\sun\Desktop\DOCUME~1\SRL\SALAMA~1\code\firmware\FIRMWA~1\test\MOTOR_~1\ARDUIN~1\ARDUIN~1\Debug\libArduinoCore.a(HardwareSerial.o)
                0x00001242                _ZN14HardwareSerial9availableEv
 .text._ZN14HardwareSerial4peekEv
                0x0000125a       0x1c C:\Users\sun\Desktop\DOCUME~1\SRL\SALAMA~1\code\firmware\FIRMWA~1\test\MOTOR_~1\ARDUIN~1\ARDUIN~1\Debug\libArduinoCore.a(HardwareSerial.o)
                0x0000125a                _ZN14HardwareSerial4peekEv
 .text._ZN14HardwareSerial4readEv
                0x00001276       0x28 C:\Users\sun\Desktop\DOCUME~1\SRL\SALAMA~1\code\firmware\FIRMWA~1\test\MOTOR_~1\ARDUIN~1\ARDUIN~1\Debug\libArduinoCore.a(HardwareSerial.o)
                0x00001276                _ZN14HardwareSerial4readEv
 .text._Z14serialEventRunv
                0x0000129e       0x1c C:\Users\sun\Desktop\DOCUME~1\SRL\SALAMA~1\code\firmware\FIRMWA~1\test\MOTOR_~1\ARDUIN~1\ARDUIN~1\Debug\libArduinoCore.a(HardwareSerial.o)
                0x0000129e                _Z14serialEventRunv
 .text._ZN14HardwareSerial17_tx_udr_empty_irqEv
                0x000012ba       0x42 C:\Users\sun\Desktop\DOCUME~1\SRL\SALAMA~1\code\firmware\FIRMWA~1\test\MOTOR_~1\ARDUIN~1\ARDUIN~1\Debug\libArduinoCore.a(HardwareSerial.o)
                0x000012ba                _ZN14HardwareSerial17_tx_udr_empty_irqEv
 .text._ZN14HardwareSerial5writeEh
                0x000012fc       0x8e C:\Users\sun\Desktop\DOCUME~1\SRL\SALAMA~1\code\firmware\FIRMWA~1\test\MOTOR_~1\ARDUIN~1\ARDUIN~1\Debug\libArduinoCore.a(HardwareSerial.o)
                0x000012fc                _ZN14HardwareSerial5writeEh
 .text._ZN14HardwareSerial5flushEv
                0x0000138a       0x44 C:\Users\sun\Desktop\DOCUME~1\SRL\SALAMA~1\code\firmware\FIRMWA~1\test\MOTOR_~1\ARDUIN~1\ARDUIN~1\Debug\libArduinoCore.a(HardwareSerial.o)
                0x0000138a                _ZN14HardwareSerial5flushEv
 .text._ZN14HardwareSerial5beginEmh
                0x000013ce       0xca C:\Users\sun\Desktop\DOCUME~1\SRL\SALAMA~1\code\firmware\FIRMWA~1\test\MOTOR_~1\ARDUIN~1\ARDUIN~1\Debug\libArduinoCore.a(HardwareSerial.o)
                0x000013ce                _ZN14HardwareSerial5beginEmh
 .text.__vector_25
                0x00001498       0x64 C:\Users\sun\Desktop\DOCUME~1\SRL\SALAMA~1\code\firmware\FIRMWA~1\test\MOTOR_~1\ARDUIN~1\ARDUIN~1\Debug\libArduinoCore.a(HardwareSerial1.o)
                0x00001498                __vector_25
 .text.__vector_26
                0x000014fc       0x4c C:\Users\sun\Desktop\DOCUME~1\SRL\SALAMA~1\code\firmware\FIRMWA~1\test\MOTOR_~1\ARDUIN~1\ARDUIN~1\Debug\libArduinoCore.a(HardwareSerial1.o)
                0x000014fc                __vector_26
 .text._Z17Serial1_availablev
                0x00001548       0x14 C:\Users\sun\Desktop\DOCUME~1\SRL\SALAMA~1\code\firmware\FIRMWA~1\test\MOTOR_~1\ARDUIN~1\ARDUIN~1\Debug\libArduinoCore.a(HardwareSerial1.o)
                0x00001548                _Z17Serial1_availablev
 .text.startup._GLOBAL__sub_I___vector_25
                0x0000155c       0x5a C:\Users\sun\Desktop\DOCUME~1\SRL\SALAMA~1\code\firmware\FIRMWA~1\test\MOTOR_~1\ARDUIN~1\ARDUIN~1\Debug\libArduinoCore.a(HardwareSerial1.o)
 .text.initVariant
                0x000015b6        0x2 C:\Users\sun\Desktop\DOCUME~1\SRL\SALAMA~1\code\firmware\FIRMWA~1\test\MOTOR_~1\ARDUIN~1\ARDUIN~1\Debug\libArduinoCore.a(main.o)
                0x000015b6                initVariant
 .text.startup.main
                0x000015b8       0x26 C:\Users\sun\Desktop\DOCUME~1\SRL\SALAMA~1\code\firmware\FIRMWA~1\test\MOTOR_~1\ARDUIN~1\ARDUIN~1\Debug\libArduinoCore.a(main.o)
                0x000015b8                main
 .text._ZN5Print5writeEPKhj
                0x000015de       0x54 C:\Users\sun\Desktop\DOCUME~1\SRL\SALAMA~1\code\firmware\FIRMWA~1\test\MOTOR_~1\ARDUIN~1\ARDUIN~1\Debug\libArduinoCore.a(Print.o)
                0x000015de                _ZN5Print5writeEPKhj
 .text._ZN5Print5writeEPKc
                0x00001632       0x2a C:\Users\sun\Desktop\DOCUME~1\SRL\SALAMA~1\code\firmware\FIRMWA~1\test\MOTOR_~1\ARDUIN~1\ARDUIN~1\Debug\libArduinoCore.a(Print.o)
                0x00001632                _ZN5Print5writeEPKc
 .text._ZN5Print5printEPKc
                0x0000165c        0x4 C:\Users\sun\Desktop\DOCUME~1\SRL\SALAMA~1\code\firmware\FIRMWA~1\test\MOTOR_~1\ARDUIN~1\ARDUIN~1\Debug\libArduinoCore.a(Print.o)
                0x0000165c                _ZN5Print5printEPKc
 .text._ZN5Print7printlnEv
                0x00001660        0x8 C:\Users\sun\Desktop\DOCUME~1\SRL\SALAMA~1\code\firmware\FIRMWA~1\test\MOTOR_~1\ARDUIN~1\ARDUIN~1\Debug\libArduinoCore.a(Print.o)
                0x00001660                _ZN5Print7printlnEv
 .text._ZN5Print7printlnEPKc
                0x00001668       0x24 C:\Users\sun\Desktop\DOCUME~1\SRL\SALAMA~1\code\firmware\FIRMWA~1\test\MOTOR_~1\ARDUIN~1\ARDUIN~1\Debug\libArduinoCore.a(Print.o)
                0x00001668                _ZN5Print7printlnEPKc
 .text._ZL4RecvPVhh
                0x0000168c       0x1a C:\Users\sun\Desktop\DOCUME~1\SRL\SALAMA~1\code\firmware\FIRMWA~1\test\MOTOR_~1\ARDUIN~1\ARDUIN~1\Debug\libArduinoCore.a(USBCore.o)
 .text._ZL11SendControlh
                0x000016a6       0x5c C:\Users\sun\Desktop\DOCUME~1\SRL\SALAMA~1\code\firmware\FIRMWA~1\test\MOTOR_~1\ARDUIN~1\ARDUIN~1\Debug\libArduinoCore.a(USBCore.o)
 .text._ZL24USB_SendStringDescriptorPKhhh
                0x00001702       0x6a C:\Users\sun\Desktop\DOCUME~1\SRL\SALAMA~1\code\firmware\FIRMWA~1\test\MOTOR_~1\ARDUIN~1\ARDUIN~1\Debug\libArduinoCore.a(USBCore.o)
 .text._ZL15USB_ClockEnablev
                0x0000176c       0x46 C:\Users\sun\Desktop\DOCUME~1\SRL\SALAMA~1\code\firmware\FIRMWA~1\test\MOTOR_~1\ARDUIN~1\ARDUIN~1\Debug\libArduinoCore.a(USBCore.o)
 .text._ZL14SendInterfacesv
                0x000017b2       0x2c C:\Users\sun\Desktop\DOCUME~1\SRL\SALAMA~1\code\firmware\FIRMWA~1\test\MOTOR_~1\ARDUIN~1\ARDUIN~1\Debug\libArduinoCore.a(USBCore.o)
 .text._ZN6LockEPC2Eh
                0x000017de       0x10 C:\Users\sun\Desktop\DOCUME~1\SRL\SALAMA~1\code\firmware\FIRMWA~1\test\MOTOR_~1\ARDUIN~1\ARDUIN~1\Debug\libArduinoCore.a(USBCore.o)
                0x000017de                _ZN6LockEPC2Eh
                0x000017de                _ZN6LockEPC1Eh
 .text._Z13USB_Availableh
                0x000017ee       0x24 C:\Users\sun\Desktop\DOCUME~1\SRL\SALAMA~1\code\firmware\FIRMWA~1\test\MOTOR_~1\ARDUIN~1\ARDUIN~1\Debug\libArduinoCore.a(USBCore.o)
                0x000017ee                _Z13USB_Availableh
 .text._Z8USB_RecvhPvi
                0x00001812       0x86 C:\Users\sun\Desktop\DOCUME~1\SRL\SALAMA~1\code\firmware\FIRMWA~1\test\MOTOR_~1\ARDUIN~1\ARDUIN~1\Debug\libArduinoCore.a(USBCore.o)
                0x00001812                _Z8USB_RecvhPvi
 .text._Z8USB_Recvh
                0x00001898       0x2e C:\Users\sun\Desktop\DOCUME~1\SRL\SALAMA~1\code\firmware\FIRMWA~1\test\MOTOR_~1\ARDUIN~1\ARDUIN~1\Debug\libArduinoCore.a(USBCore.o)
                0x00001898                _Z8USB_Recvh
 .text._Z13USB_SendSpaceh
                0x000018c6       0x34 C:\Users\sun\Desktop\DOCUME~1\SRL\SALAMA~1\code\firmware\FIRMWA~1\test\MOTOR_~1\ARDUIN~1\ARDUIN~1\Debug\libArduinoCore.a(USBCore.o)
                0x000018c6                _Z13USB_SendSpaceh
 .text._Z8USB_SendhPKvi
                0x000018fa      0x12a C:\Users\sun\Desktop\DOCUME~1\SRL\SALAMA~1\code\firmware\FIRMWA~1\test\MOTOR_~1\ARDUIN~1\ARDUIN~1\Debug\libArduinoCore.a(USBCore.o)
                0x000018fa                _Z8USB_SendhPKvi
 .text._Z11InitControli
                0x00001a24       0x16 C:\Users\sun\Desktop\DOCUME~1\SRL\SALAMA~1\code\firmware\FIRMWA~1\test\MOTOR_~1\ARDUIN~1\ARDUIN~1\Debug\libArduinoCore.a(USBCore.o)
                0x00001a24                _Z11InitControli
 .text._Z15USB_SendControlhPKvi
                0x00001a3a       0x4e C:\Users\sun\Desktop\DOCUME~1\SRL\SALAMA~1\code\firmware\FIRMWA~1\test\MOTOR_~1\ARDUIN~1\ARDUIN~1\Debug\libArduinoCore.a(USBCore.o)
                0x00001a3a                _Z15USB_SendControlhPKvi
 .text._Z15USB_RecvControlPvi
                0x00001a88       0x66 C:\Users\sun\Desktop\DOCUME~1\SRL\SALAMA~1\code\firmware\FIRMWA~1\test\MOTOR_~1\ARDUIN~1\ARDUIN~1\Debug\libArduinoCore.a(USBCore.o)
                0x00001a88                _Z15USB_RecvControlPvi
 .text.__vector_11
                0x00001aee      0x2ce C:\Users\sun\Desktop\DOCUME~1\SRL\SALAMA~1\code\firmware\FIRMWA~1\test\MOTOR_~1\ARDUIN~1\ARDUIN~1\Debug\libArduinoCore.a(USBCore.o)
                0x00001aee                __vector_11
 .text._Z9USB_Flushh
                0x00001dbc       0x14 C:\Users\sun\Desktop\DOCUME~1\SRL\SALAMA~1\code\firmware\FIRMWA~1\test\MOTOR_~1\ARDUIN~1\ARDUIN~1\Debug\libArduinoCore.a(USBCore.o)
                0x00001dbc                _Z9USB_Flushh
 .text.__vector_10
                0x00001dd0      0x102 C:\Users\sun\Desktop\DOCUME~1\SRL\SALAMA~1\code\firmware\FIRMWA~1\test\MOTOR_~1\ARDUIN~1\ARDUIN~1\Debug\libArduinoCore.a(USBCore.o)
                0x00001dd0                __vector_10
 .text._ZN10USBDevice_6attachEv
                0x00001ed2       0x3e C:\Users\sun\Desktop\DOCUME~1\SRL\SALAMA~1\code\firmware\FIRMWA~1\test\MOTOR_~1\ARDUIN~1\ARDUIN~1\Debug\libArduinoCore.a(USBCore.o)
                0x00001ed2                _ZN10USBDevice_6attachEv
 .text.__vector_23
                0x00001f10       0x94 C:\Users\sun\Desktop\DOCUME~1\SRL\SALAMA~1\code\firmware\FIRMWA~1\test\MOTOR_~1\ARDUIN~1\ARDUIN~1\Debug\libArduinoCore.a(wiring.o)
                0x00001f10                __vector_23
 .text.millis   0x00001fa4       0x18 C:\Users\sun\Desktop\DOCUME~1\SRL\SALAMA~1\code\firmware\FIRMWA~1\test\MOTOR_~1\ARDUIN~1\ARDUIN~1\Debug\libArduinoCore.a(wiring.o)
                0x00001fa4                millis
 .text.micros   0x00001fbc       0x4a C:\Users\sun\Desktop\DOCUME~1\SRL\SALAMA~1\code\firmware\FIRMWA~1\test\MOTOR_~1\ARDUIN~1\ARDUIN~1\Debug\libArduinoCore.a(wiring.o)
                0x00001fbc                micros
 .text.delay    0x00002006       0x78 C:\Users\sun\Desktop\DOCUME~1\SRL\SALAMA~1\code\firmware\FIRMWA~1\test\MOTOR_~1\ARDUIN~1\ARDUIN~1\Debug\libArduinoCore.a(wiring.o)
                0x00002006                delay
 .text.delayMicroseconds
                0x0000207e       0x16 C:\Users\sun\Desktop\DOCUME~1\SRL\SALAMA~1\code\firmware\FIRMWA~1\test\MOTOR_~1\ARDUIN~1\ARDUIN~1\Debug\libArduinoCore.a(wiring.o)
                0x0000207e                delayMicroseconds
 .text.init     0x00002094       0xac C:\Users\sun\Desktop\DOCUME~1\SRL\SALAMA~1\code\firmware\FIRMWA~1\test\MOTOR_~1\ARDUIN~1\ARDUIN~1\Debug\libArduinoCore.a(wiring.o)
                0x00002094                init
 .text.analogRead
                0x00002140       0x62 C:\Users\sun\Desktop\DOCUME~1\SRL\SALAMA~1\code\firmware\FIRMWA~1\test\MOTOR_~1\ARDUIN~1\ARDUIN~1\Debug\libArduinoCore.a(wiring_analog.o)
                0x00002140                analogRead
 .text.turnOffPWM
                0x000021a2       0x7a C:\Users\sun\Desktop\DOCUME~1\SRL\SALAMA~1\code\firmware\FIRMWA~1\test\MOTOR_~1\ARDUIN~1\ARDUIN~1\Debug\libArduinoCore.a(wiring_digital.o)
 .text.pinMode  0x0000221c       0x78 C:\Users\sun\Desktop\DOCUME~1\SRL\SALAMA~1\code\firmware\FIRMWA~1\test\MOTOR_~1\ARDUIN~1\ARDUIN~1\Debug\libArduinoCore.a(wiring_digital.o)
                0x0000221c                pinMode
 .text.digitalWrite
                0x00002294       0x5e C:\Users\sun\Desktop\DOCUME~1\SRL\SALAMA~1\code\firmware\FIRMWA~1\test\MOTOR_~1\ARDUIN~1\ARDUIN~1\Debug\libArduinoCore.a(wiring_digital.o)
                0x00002294                digitalWrite
 .text._ZN3PID7ComputeEv
                0x000022f2      0x244 C:\Users\sun\Desktop\DOCUME~1\SRL\SALAMA~1\code\firmware\FIRMWA~1\test\MOTOR_~1\ARDUIN~1\ARDUIN~1\Debug\libArduinoCore.a(PID_v1.o)
                0x000022f2                _ZN3PID7ComputeEv
 .text._ZN3PID10SetTuningsEddd
                0x00002536      0x178 C:\Users\sun\Desktop\DOCUME~1\SRL\SALAMA~1\code\firmware\FIRMWA~1\test\MOTOR_~1\ARDUIN~1\ARDUIN~1\Debug\libArduinoCore.a(PID_v1.o)
                0x00002536                _ZN3PID10SetTuningsEddd
 .text._ZN3PID13SetSampleTimeEi
                0x000026ae       0x90 C:\Users\sun\Desktop\DOCUME~1\SRL\SALAMA~1\code\firmware\FIRMWA~1\test\MOTOR_~1\ARDUIN~1\ARDUIN~1\Debug\libArduinoCore.a(PID_v1.o)
                0x000026ae                _ZN3PID13SetSampleTimeEi
 .text._ZN3PID15SetOutputLimitsEdd
                0x0000273e      0x100 C:\Users\sun\Desktop\DOCUME~1\SRL\SALAMA~1\code\firmware\FIRMWA~1\test\MOTOR_~1\ARDUIN~1\ARDUIN~1\Debug\libArduinoCore.a(PID_v1.o)
                0x0000273e                _ZN3PID15SetOutputLimitsEdd
 .text._ZN3PID10InitializeEv
                0x0000283e       0x8c C:\Users\sun\Desktop\DOCUME~1\SRL\SALAMA~1\code\firmware\FIRMWA~1\test\MOTOR_~1\ARDUIN~1\ARDUIN~1\Debug\libArduinoCore.a(PID_v1.o)
                0x0000283e                _ZN3PID10InitializeEv
 .text._ZN3PID7SetModeEi
                0x000028ca       0x2c C:\Users\sun\Desktop\DOCUME~1\SRL\SALAMA~1\code\firmware\FIRMWA~1\test\MOTOR_~1\ARDUIN~1\ARDUIN~1\Debug\libArduinoCore.a(PID_v1.o)
                0x000028ca                _ZN3PID7SetModeEi
 .text._ZN3PID22SetControllerDirectionEi
                0x000028f6       0x78 C:\Users\sun\Desktop\DOCUME~1\SRL\SALAMA~1\code\firmware\FIRMWA~1\test\MOTOR_~1\ARDUIN~1\ARDUIN~1\Debug\libArduinoCore.a(PID_v1.o)
                0x000028f6                _ZN3PID22SetControllerDirectionEi
 .text._ZN3PIDC2EPdS0_S0_dddi
                0x0000296e       0xfa C:\Users\sun\Desktop\DOCUME~1\SRL\SALAMA~1\code\firmware\FIRMWA~1\test\MOTOR_~1\ARDUIN~1\ARDUIN~1\Debug\libArduinoCore.a(PID_v1.o)
                0x0000296e                _ZN3PIDC2EPdS0_S0_dddi
                0x0000296e                _ZN3PIDC1EPdS0_S0_dddi
 .text._ZN8SPIClass5beginEv
                0x00002a68       0x6c C:\Users\sun\Desktop\DOCUME~1\SRL\SALAMA~1\code\firmware\FIRMWA~1\test\MOTOR_~1\ARDUIN~1\ARDUIN~1\Debug\libArduinoCore.a(SPI.o)
                0x00002a68                _ZN8SPIClass5beginEv
 .text._ZN7Serial_5writeEh
                0x00002ad4       0x2c C:\Users\sun\Desktop\DOCUME~1\SRL\SALAMA~1\code\firmware\FIRMWA~1\test\MOTOR_~1\ARDUIN~1\ARDUIN~1\Debug\libArduinoCore.a(CDC.o)
                0x00002ad4                _ZN7Serial_5writeEh
 .text._ZN7Serial_4peekEv
                0x00002b00       0x22 C:\Users\sun\Desktop\DOCUME~1\SRL\SALAMA~1\code\firmware\FIRMWA~1\test\MOTOR_~1\ARDUIN~1\ARDUIN~1\Debug\libArduinoCore.a(CDC.o)
                0x00002b00                _ZN7Serial_4peekEv
 .text._ZN7Serial_5flushEv
                0x00002b22        0x6 C:\Users\sun\Desktop\DOCUME~1\SRL\SALAMA~1\code\firmware\FIRMWA~1\test\MOTOR_~1\ARDUIN~1\ARDUIN~1\Debug\libArduinoCore.a(CDC.o)
                0x00002b22                _ZN7Serial_5flushEv
 .text._ZN7Serial_9availableEv
                0x00002b28       0x20 C:\Users\sun\Desktop\DOCUME~1\SRL\SALAMA~1\code\firmware\FIRMWA~1\test\MOTOR_~1\ARDUIN~1\ARDUIN~1\Debug\libArduinoCore.a(CDC.o)
                0x00002b28                _ZN7Serial_9availableEv
 .text._ZN7Serial_4readEv
                0x00002b48       0x1a C:\Users\sun\Desktop\DOCUME~1\SRL\SALAMA~1\code\firmware\FIRMWA~1\test\MOTOR_~1\ARDUIN~1\ARDUIN~1\Debug\libArduinoCore.a(CDC.o)
                0x00002b48                _ZN7Serial_4readEv
 .text._ZN7Serial_5writeEPKhj
                0x00002b62       0x2c C:\Users\sun\Desktop\DOCUME~1\SRL\SALAMA~1\code\firmware\FIRMWA~1\test\MOTOR_~1\ARDUIN~1\ARDUIN~1\Debug\libArduinoCore.a(CDC.o)
                0x00002b62                _ZN7Serial_5writeEPKhj
 .text._Z16CDC_GetInterfacePh
                0x00002b8e       0x16 C:\Users\sun\Desktop\DOCUME~1\SRL\SALAMA~1\code\firmware\FIRMWA~1\test\MOTOR_~1\ARDUIN~1\ARDUIN~1\Debug\libArduinoCore.a(CDC.o)
                0x00002b8e                _Z16CDC_GetInterfacePh
 .text._Z9CDC_SetupR8USBSetup
                0x00002ba4      0x104 C:\Users\sun\Desktop\DOCUME~1\SRL\SALAMA~1\code\firmware\FIRMWA~1\test\MOTOR_~1\ARDUIN~1\ARDUIN~1\Debug\libArduinoCore.a(CDC.o)
                0x00002ba4                _Z9CDC_SetupR8USBSetup
 .text.startup._GLOBAL__sub_I__updatedLUFAbootloader
                0x00002ca8       0x2a C:\Users\sun\Desktop\DOCUME~1\SRL\SALAMA~1\code\firmware\FIRMWA~1\test\MOTOR_~1\ARDUIN~1\ARDUIN~1\Debug\libArduinoCore.a(CDC.o)
 .text.__empty  0x00002cd2        0x2 C:\Users\sun\Desktop\DOCUME~1\SRL\SALAMA~1\code\firmware\FIRMWA~1\test\MOTOR_~1\ARDUIN~1\ARDUIN~1\Debug\libArduinoCore.a(hooks.o)
                0x00002cd2                yield
 .text._ZN13PluggableUSB_12getInterfaceEPh
                0x00002cd4       0x52 C:\Users\sun\Desktop\DOCUME~1\SRL\SALAMA~1\code\firmware\FIRMWA~1\test\MOTOR_~1\ARDUIN~1\ARDUIN~1\Debug\libArduinoCore.a(PluggableUSB.o)
                0x00002cd4                _ZN13PluggableUSB_12getInterfaceEPh
 .text._ZN13PluggableUSB_13getDescriptorER8USBSetup
                0x00002d26       0x3e C:\Users\sun\Desktop\DOCUME~1\SRL\SALAMA~1\code\firmware\FIRMWA~1\test\MOTOR_~1\ARDUIN~1\ARDUIN~1\Debug\libArduinoCore.a(PluggableUSB.o)
                0x00002d26                _ZN13PluggableUSB_13getDescriptorER8USBSetup
 .text._ZN13PluggableUSB_12getShortNameEPc
                0x00002d64       0x3e C:\Users\sun\Desktop\DOCUME~1\SRL\SALAMA~1\code\firmware\FIRMWA~1\test\MOTOR_~1\ARDUIN~1\ARDUIN~1\Debug\libArduinoCore.a(PluggableUSB.o)
                0x00002d64                _ZN13PluggableUSB_12getShortNameEPc
 .text._ZN13PluggableUSB_5setupER8USBSetup
                0x00002da2       0x3c C:\Users\sun\Desktop\DOCUME~1\SRL\SALAMA~1\code\firmware\FIRMWA~1\test\MOTOR_~1\ARDUIN~1\ARDUIN~1\Debug\libArduinoCore.a(PluggableUSB.o)
                0x00002da2                _ZN13PluggableUSB_5setupER8USBSetup
 .text._Z12PluggableUSBv
                0x00002dde       0x28 C:\Users\sun\Desktop\DOCUME~1\SRL\SALAMA~1\code\firmware\FIRMWA~1\test\MOTOR_~1\ARDUIN~1\ARDUIN~1\Debug\libArduinoCore.a(PluggableUSB.o)
                0x00002dde                _Z12PluggableUSBv
 .text.libgcc.div
                0x00002e06       0x44 d:/program files (x86)/atmel/studio/7.0/toolchain/avr8/avr8-gnu-toolchain/bin/../lib/gcc/avr/5.4.0/avr5\libgcc.a(_udivmodsi4.o)
                0x00002e06                __udivmodsi4
 .text.libgcc   0x00002e4a        0xc d:/program files (x86)/atmel/studio/7.0/toolchain/avr8/avr8-gnu-toolchain/bin/../lib/gcc/avr/5.4.0/avr5\libgcc.a(_tablejump2.o)
                0x00002e4a                __tablejump2__
                0x00002e56                . = ALIGN (0x2)
 *(.fini9)
 .fini9         0x00002e56        0x0 d:/program files (x86)/atmel/studio/7.0/toolchain/avr8/avr8-gnu-toolchain/bin/../lib/gcc/avr/5.4.0/avr5\libgcc.a(_exit.o)
                0x00002e56                _exit
                0x00002e56                exit
 *(.fini9)
 *(.fini8)
 *(.fini8)
 *(.fini7)
 *(.fini7)
 *(.fini6)
 *(.fini6)
 *(.fini5)
 *(.fini5)
 *(.fini4)
 *(.fini4)
 *(.fini3)
 *(.fini3)
 *(.fini2)
 *(.fini2)
 *(.fini1)
 *(.fini1)
 *(.fini0)
 .fini0         0x00002e56        0x4 d:/program files (x86)/atmel/studio/7.0/toolchain/avr8/avr8-gnu-toolchain/bin/../lib/gcc/avr/5.4.0/avr5\libgcc.a(_exit.o)
 *(.fini0)
                0x00002e5a                _etext = .

.data           0x00800100       0xc2 load address 0x00002e5a
                0x00800100                PROVIDE (__data_start, .)
 *(.data)
 *(.data*)
 .data.alpha    0x00800100        0x4 Sketch.o
                0x00800100                alpha
 .data.Kd4      0x00800104        0x4 Sketch.o
                0x00800104                Kd4
 .data.Ki4      0x00800108        0x4 Sketch.o
                0x00800108                Ki4
 .data.Kp4      0x0080010c        0x4 Sketch.o
                0x0080010c                Kp4
 .data.Kd3      0x00800110        0x4 Sketch.o
                0x00800110                Kd3
 .data.Ki3      0x00800114        0x4 Sketch.o
                0x00800114                Ki3
 .data.Kp3      0x00800118        0x4 Sketch.o
                0x00800118                Kp3
 .data.Kd2      0x0080011c        0x4 Sketch.o
                0x0080011c                Kd2
 .data.Ki2      0x00800120        0x4 Sketch.o
                0x00800120                Ki2
 .data.Kp2      0x00800124        0x4 Sketch.o
                0x00800124                Kp2
 .data.Kd1      0x00800128        0x4 Sketch.o
                0x00800128                Kd1
 .data.Ki1      0x0080012c        0x4 Sketch.o
                0x0080012c                Ki1
 .data.Kp1      0x00800130        0x4 Sketch.o
                0x00800130                Kp1
 .data.MOTOR_FOUR_CUR_DIR_COMMAND
                0x00800134        0x1 Sketch.o
                0x00800134                MOTOR_FOUR_CUR_DIR_COMMAND
 .data.MOTOR_THREE_CUR_DIR_COMMAND
                0x00800135        0x1 Sketch.o
                0x00800135                MOTOR_THREE_CUR_DIR_COMMAND
 .data.MOTOR_TWO_CUR_DIR_COMMAND
                0x00800136        0x1 Sketch.o
                0x00800136                MOTOR_TWO_CUR_DIR_COMMAND
 .data.MOTOR_ONE_CUR_DIR_COMMAND
                0x00800137        0x1 Sketch.o
                0x00800137                MOTOR_ONE_CUR_DIR_COMMAND
 .data.encoder_ticks_per_rev
                0x00800138        0x2 Sketch.o
                0x00800138                encoder_ticks_per_rev
 .data.gear_ratio
                0x0080013a        0x4 Sketch.o
                0x0080013a                gear_ratio
 .data._initEndpoints
                0x0080013e        0x7 C:\Users\sun\Desktop\DOCUME~1\SRL\SALAMA~1\code\firmware\FIRMWA~1\test\MOTOR_~1\ARDUIN~1\ARDUIN~1\Debug\libArduinoCore.a(USBCore.o)
                0x0080013e                _initEndpoints
 .data.analog_reference
                0x00800145        0x1 C:\Users\sun\Desktop\DOCUME~1\SRL\SALAMA~1\code\firmware\FIRMWA~1\test\MOTOR_~1\ARDUIN~1\ARDUIN~1\Debug\libArduinoCore.a(wiring_analog.o)
                0x00800145                analog_reference
 .data._ZL10breakValue
                0x00800146        0x4 C:\Users\sun\Desktop\DOCUME~1\SRL\SALAMA~1\code\firmware\FIRMWA~1\test\MOTOR_~1\ARDUIN~1\ARDUIN~1\Debug\libArduinoCore.a(CDC.o)
 .data._ZL12_usbLineInfo
                0x0080014a        0x8 C:\Users\sun\Desktop\DOCUME~1\SRL\SALAMA~1\code\firmware\FIRMWA~1\test\MOTOR_~1\ARDUIN~1\ARDUIN~1\Debug\libArduinoCore.a(CDC.o)
 *(.gnu.linkonce.d*)
 *(.rodata)
 *(.rodata*)
 .rodata.str1.1
                0x00800152       0x40 Sketch.o
 .rodata._ZTV14HardwareSerial
                0x00800192       0x10 C:\Users\sun\Desktop\DOCUME~1\SRL\SALAMA~1\code\firmware\FIRMWA~1\test\MOTOR_~1\ARDUIN~1\ARDUIN~1\Debug\libArduinoCore.a(HardwareSerial.o)
                0x00800192                _ZTV14HardwareSerial
 .rodata.str1.1
                0x008001a2        0xf C:\Users\sun\Desktop\DOCUME~1\SRL\SALAMA~1\code\firmware\FIRMWA~1\test\MOTOR_~1\ARDUIN~1\ARDUIN~1\Debug\libArduinoCore.a(Print.o)
                                 0x11 (size before relaxing)
 .rodata._ZTV7Serial_
                0x008001b1       0x10 C:\Users\sun\Desktop\DOCUME~1\SRL\SALAMA~1\code\firmware\FIRMWA~1\test\MOTOR_~1\ARDUIN~1\ARDUIN~1\Debug\libArduinoCore.a(CDC.o)
                0x008001b1                _ZTV7Serial_
 *(.gnu.linkonce.r*)
                0x008001c2                . = ALIGN (0x2)
 *fill*         0x008001c1        0x1 
                0x008001c2                _edata = .
                0x008001c2                PROVIDE (__data_end, .)

.bss            0x008001c2      0x248
                0x008001c2                PROVIDE (__bss_start, .)
 *(.bss)
 *(.bss*)
 .bss.motor_state
                0x008001c2        0x1 Sketch.o
                0x008001c2                motor_state
 .bss.count     0x008001c3        0x2 Sketch.o
                0x008001c3                count
 .bss.m3_cur_val
                0x008001c5        0x4 Sketch.o
                0x008001c5                m3_cur_val
 .bss.m2_cur_val
                0x008001c9        0x4 Sketch.o
                0x008001c9                m2_cur_val
 .bss.m1_cur_val
                0x008001cd        0x4 Sketch.o
                0x008001cd                m1_cur_val
 .bss.motor3_cur_val
                0x008001d1        0x2 Sketch.o
                0x008001d1                motor3_cur_val
 .bss.motor2_cur_val
                0x008001d3        0x2 Sketch.o
                0x008001d3                motor2_cur_val
 .bss.motor1_cur_val
                0x008001d5        0x2 Sketch.o
                0x008001d5                motor1_cur_val
 .bss.m4pid     0x008001d7       0x37 Sketch.o
                0x008001d7                m4pid
 .bss.m3pid     0x0080020e       0x37 Sketch.o
                0x0080020e                m3pid
 .bss.m2pid     0x00800245       0x37 Sketch.o
                0x00800245                m2pid
 .bss.m1pid     0x0080027c       0x37 Sketch.o
                0x0080027c                m1pid
 .bss.encodercount4
                0x008002b3        0x4 Sketch.o
                0x008002b3                encodercount4
 .bss.encodercount3
                0x008002b7        0x4 Sketch.o
                0x008002b7                encodercount3
 .bss.encodercount2
                0x008002bb        0x4 Sketch.o
                0x008002bb                encodercount2
 .bss.encodercount
                0x008002bf        0x4 Sketch.o
                0x008002bf                encodercount
 .bss.encoder4count
                0x008002c3        0x4 Sketch.o
                0x008002c3                encoder4count
 .bss.encoder3count
                0x008002c7        0x4 Sketch.o
                0x008002c7                encoder3count
 .bss.encoder2count
                0x008002cb        0x4 Sketch.o
                0x008002cb                encoder2count
 .bss.encoder1count
                0x008002cf        0x4 Sketch.o
                0x008002cf                encoder1count
 .bss.des_length4
                0x008002d3        0x4 Sketch.o
                0x008002d3                des_length4
 .bss.des_length3
                0x008002d7        0x4 Sketch.o
                0x008002d7                des_length3
 .bss.des_length2
                0x008002db        0x4 Sketch.o
                0x008002db                des_length2
 .bss.des_length1
                0x008002df        0x4 Sketch.o
                0x008002df                des_length1
 .bss.MOTOR_FOUR_PREV_DIR_COMMAND
                0x008002e3        0x1 Sketch.o
                0x008002e3                MOTOR_FOUR_PREV_DIR_COMMAND
 .bss.MOTOR_THREE_PREV_DIR_COMMAND
                0x008002e4        0x1 Sketch.o
                0x008002e4                MOTOR_THREE_PREV_DIR_COMMAND
 .bss.MOTOR_TWO_PREV_DIR_COMMAND
                0x008002e5        0x1 Sketch.o
                0x008002e5                MOTOR_TWO_PREV_DIR_COMMAND
 .bss.MOTOR_ONE_PREV_DIR_COMMAND
                0x008002e6        0x1 Sketch.o
                0x008002e6                MOTOR_ONE_PREV_DIR_COMMAND
 .bss.mo4       0x008002e7        0x4 Sketch.o
                0x008002e7                mo4
 .bss.mo3       0x008002eb        0x4 Sketch.o
                0x008002eb                mo3
 .bss.mo2       0x008002ef        0x4 Sketch.o
                0x008002ef                mo2
 .bss.mo        0x008002f3        0x4 Sketch.o
                0x008002f3                mo
 .bss.encoder_ticks_to_angle
                0x008002f7        0x4 Sketch.o
                0x008002f7                encoder_ticks_to_angle
 .bss.Serial1   0x008002fb       0x9d C:\Users\sun\Desktop\DOCUME~1\SRL\SALAMA~1\code\firmware\FIRMWA~1\test\MOTOR_~1\ARDUIN~1\ARDUIN~1\Debug\libArduinoCore.a(HardwareSerial1.o)
                0x008002fb                Serial1
 .bss.USBDevice
                0x00800398        0x1 C:\Users\sun\Desktop\DOCUME~1\SRL\SALAMA~1\code\firmware\FIRMWA~1\test\MOTOR_~1\ARDUIN~1\ARDUIN~1\Debug\libArduinoCore.a(USBCore.o)
                0x00800398                USBDevice
 .bss._ZL13_cdcComposite
                0x00800399        0x1 C:\Users\sun\Desktop\DOCUME~1\SRL\SALAMA~1\code\firmware\FIRMWA~1\test\MOTOR_~1\ARDUIN~1\ARDUIN~1\Debug\libArduinoCore.a(USBCore.o)
 .bss._ZL5_cend
                0x0080039a        0x2 C:\Users\sun\Desktop\DOCUME~1\SRL\SALAMA~1\code\firmware\FIRMWA~1\test\MOTOR_~1\ARDUIN~1\ARDUIN~1\Debug\libArduinoCore.a(USBCore.o)
 .bss._ZL6_cmark
                0x0080039c        0x2 C:\Users\sun\Desktop\DOCUME~1\SRL\SALAMA~1\code\firmware\FIRMWA~1\test\MOTOR_~1\ARDUIN~1\ARDUIN~1\Debug\libArduinoCore.a(USBCore.o)
 .bss._usbSuspendState
                0x0080039e        0x1 C:\Users\sun\Desktop\DOCUME~1\SRL\SALAMA~1\code\firmware\FIRMWA~1\test\MOTOR_~1\ARDUIN~1\ARDUIN~1\Debug\libArduinoCore.a(USBCore.o)
                0x0080039e                _usbSuspendState
 .bss._usbCurrentStatus
                0x0080039f        0x1 C:\Users\sun\Desktop\DOCUME~1\SRL\SALAMA~1\code\firmware\FIRMWA~1\test\MOTOR_~1\ARDUIN~1\ARDUIN~1\Debug\libArduinoCore.a(USBCore.o)
                0x0080039f                _usbCurrentStatus
 .bss._usbConfiguration
                0x008003a0        0x1 C:\Users\sun\Desktop\DOCUME~1\SRL\SALAMA~1\code\firmware\FIRMWA~1\test\MOTOR_~1\ARDUIN~1\ARDUIN~1\Debug\libArduinoCore.a(USBCore.o)
                0x008003a0                _usbConfiguration
 .bss.RxLEDPulse
                0x008003a1        0x1 C:\Users\sun\Desktop\DOCUME~1\SRL\SALAMA~1\code\firmware\FIRMWA~1\test\MOTOR_~1\ARDUIN~1\ARDUIN~1\Debug\libArduinoCore.a(USBCore.o)
                0x008003a1                RxLEDPulse
 .bss.TxLEDPulse
                0x008003a2        0x1 C:\Users\sun\Desktop\DOCUME~1\SRL\SALAMA~1\code\firmware\FIRMWA~1\test\MOTOR_~1\ARDUIN~1\ARDUIN~1\Debug\libArduinoCore.a(USBCore.o)
                0x008003a2                TxLEDPulse
 .bss.timer0_fract
                0x008003a3        0x1 C:\Users\sun\Desktop\DOCUME~1\SRL\SALAMA~1\code\firmware\FIRMWA~1\test\MOTOR_~1\ARDUIN~1\ARDUIN~1\Debug\libArduinoCore.a(wiring.o)
 .bss.timer0_millis
                0x008003a4        0x4 C:\Users\sun\Desktop\DOCUME~1\SRL\SALAMA~1\code\firmware\FIRMWA~1\test\MOTOR_~1\ARDUIN~1\ARDUIN~1\Debug\libArduinoCore.a(wiring.o)
                0x008003a4                timer0_millis
 .bss.timer0_overflow_count
                0x008003a8        0x4 C:\Users\sun\Desktop\DOCUME~1\SRL\SALAMA~1\code\firmware\FIRMWA~1\test\MOTOR_~1\ARDUIN~1\ARDUIN~1\Debug\libArduinoCore.a(wiring.o)
                0x008003a8                timer0_overflow_count
 .bss._ZN8SPIClass11initializedE
                0x008003ac        0x1 C:\Users\sun\Desktop\DOCUME~1\SRL\SALAMA~1\code\firmware\FIRMWA~1\test\MOTOR_~1\ARDUIN~1\ARDUIN~1\Debug\libArduinoCore.a(SPI.o)
                0x008003ac                _ZN8SPIClass11initializedE
 .bss.Serial    0x008003ad       0x50 C:\Users\sun\Desktop\DOCUME~1\SRL\SALAMA~1\code\firmware\FIRMWA~1\test\MOTOR_~1\ARDUIN~1\ARDUIN~1\Debug\libArduinoCore.a(CDC.o)
                0x008003ad                Serial
 .bss._updatedLUFAbootloader
                0x008003fd        0x1 C:\Users\sun\Desktop\DOCUME~1\SRL\SALAMA~1\code\firmware\FIRMWA~1\test\MOTOR_~1\ARDUIN~1\ARDUIN~1\Debug\libArduinoCore.a(CDC.o)
                0x008003fd                _updatedLUFAbootloader
 .bss._ZZ12PluggableUSBvE3obj
                0x008003fe        0x4 C:\Users\sun\Desktop\DOCUME~1\SRL\SALAMA~1\code\firmware\FIRMWA~1\test\MOTOR_~1\ARDUIN~1\ARDUIN~1\Debug\libArduinoCore.a(PluggableUSB.o)
 .bss._ZGVZ12PluggableUSBvE3obj
                0x00800402        0x8 C:\Users\sun\Desktop\DOCUME~1\SRL\SALAMA~1\code\firmware\FIRMWA~1\test\MOTOR_~1\ARDUIN~1\ARDUIN~1\Debug\libArduinoCore.a(PluggableUSB.o)
 *(COMMON)
                0x0080040a                PROVIDE (__bss_end, .)
                0x00002e5a                __data_load_start = LOADADDR (.data)
                0x00002f1c                __data_load_end = (__data_load_start + SIZEOF (.data))

.noinit         0x0080040a        0x0
                [!provide]                PROVIDE (__noinit_start, .)
 *(.noinit*)
                [!provide]                PROVIDE (__noinit_end, .)
                0x0080040a                _end = .
                [!provide]                PROVIDE (__heap_start, .)

.eeprom         0x00810000        0x0
 *(.eeprom*)
                0x00810000                __eeprom_end = .

.fuse
 *(.fuse)
 *(.lfuse)
 *(.hfuse)
 *(.efuse)

.lock
 *(.lock*)

.signature
 *(.signature*)

.user_signatures
 *(.user_signatures*)

.stab
 *(.stab)

.stabstr
 *(.stabstr)

.stab.excl
 *(.stab.excl)

.stab.exclstr
 *(.stab.exclstr)

.stab.index
 *(.stab.index)

.stab.indexstr
 *(.stab.indexstr)

.comment        0x00000000       0x30
 *(.comment)
 .comment       0x00000000       0x30 Sketch.o
                                 0x31 (size before relaxing)
 .comment       0x00000030       0x31 C:\Users\sun\Desktop\DOCUME~1\SRL\SALAMA~1\code\firmware\FIRMWA~1\test\MOTOR_~1\ARDUIN~1\ARDUIN~1\Debug\libArduinoCore.a(HardwareSerial.o)
 .comment       0x00000030       0x31 C:\Users\sun\Desktop\DOCUME~1\SRL\SALAMA~1\code\firmware\FIRMWA~1\test\MOTOR_~1\ARDUIN~1\ARDUIN~1\Debug\libArduinoCore.a(HardwareSerial1.o)
 .comment       0x00000030       0x31 C:\Users\sun\Desktop\DOCUME~1\SRL\SALAMA~1\code\firmware\FIRMWA~1\test\MOTOR_~1\ARDUIN~1\ARDUIN~1\Debug\libArduinoCore.a(main.o)
 .comment       0x00000030       0x31 C:\Users\sun\Desktop\DOCUME~1\SRL\SALAMA~1\code\firmware\FIRMWA~1\test\MOTOR_~1\ARDUIN~1\ARDUIN~1\Debug\libArduinoCore.a(Print.o)
 .comment       0x00000030       0x31 C:\Users\sun\Desktop\DOCUME~1\SRL\SALAMA~1\code\firmware\FIRMWA~1\test\MOTOR_~1\ARDUIN~1\ARDUIN~1\Debug\libArduinoCore.a(USBCore.o)
 .comment       0x00000030       0x31 C:\Users\sun\Desktop\DOCUME~1\SRL\SALAMA~1\code\firmware\FIRMWA~1\test\MOTOR_~1\ARDUIN~1\ARDUIN~1\Debug\libArduinoCore.a(wiring.o)
 .comment       0x00000030       0x31 C:\Users\sun\Desktop\DOCUME~1\SRL\SALAMA~1\code\firmware\FIRMWA~1\test\MOTOR_~1\ARDUIN~1\ARDUIN~1\Debug\libArduinoCore.a(wiring_analog.o)
 .comment       0x00000030       0x31 C:\Users\sun\Desktop\DOCUME~1\SRL\SALAMA~1\code\firmware\FIRMWA~1\test\MOTOR_~1\ARDUIN~1\ARDUIN~1\Debug\libArduinoCore.a(wiring_digital.o)
 .comment       0x00000030       0x31 C:\Users\sun\Desktop\DOCUME~1\SRL\SALAMA~1\code\firmware\FIRMWA~1\test\MOTOR_~1\ARDUIN~1\ARDUIN~1\Debug\libArduinoCore.a(PID_v1.o)
 .comment       0x00000030       0x31 C:\Users\sun\Desktop\DOCUME~1\SRL\SALAMA~1\code\firmware\FIRMWA~1\test\MOTOR_~1\ARDUIN~1\ARDUIN~1\Debug\libArduinoCore.a(SPI.o)
 .comment       0x00000030       0x31 C:\Users\sun\Desktop\DOCUME~1\SRL\SALAMA~1\code\firmware\FIRMWA~1\test\MOTOR_~1\ARDUIN~1\ARDUIN~1\Debug\libArduinoCore.a(CDC.o)
 .comment       0x00000030       0x31 C:\Users\sun\Desktop\DOCUME~1\SRL\SALAMA~1\code\firmware\FIRMWA~1\test\MOTOR_~1\ARDUIN~1\ARDUIN~1\Debug\libArduinoCore.a(hooks.o)
 .comment       0x00000030       0x31 C:\Users\sun\Desktop\DOCUME~1\SRL\SALAMA~1\code\firmware\FIRMWA~1\test\MOTOR_~1\ARDUIN~1\ARDUIN~1\Debug\libArduinoCore.a(PluggableUSB.o)

.note.gnu.avr.deviceinfo
                0x00000000       0x40
 .note.gnu.avr.deviceinfo
                0x00000000       0x40 D:/Program Files (x86)/Atmel/Studio/7.0/Packs/Atmel/ATmega_DFP/1.2.132/gcc/dev/atmega32u4/avr5/crtatmega32u4.o

.note.gnu.build-id
 *(.note.gnu.build-id)

.debug
 *(.debug)

.line
 *(.line)

.debug_srcinfo
 *(.debug_srcinfo)

.debug_sfnames
 *(.debug_sfnames)

.debug_aranges  0x00000000      0x580
 *(.debug_aranges)
 .debug_aranges
                0x00000000       0x50 Sketch.o
 .debug_aranges
                0x00000050       0x68 C:\Users\sun\Desktop\DOCUME~1\SRL\SALAMA~1\code\firmware\FIRMWA~1\test\MOTOR_~1\ARDUIN~1\ARDUIN~1\Debug\libArduinoCore.a(HardwareSerial.o)
 .debug_aranges
                0x000000b8       0x38 C:\Users\sun\Desktop\DOCUME~1\SRL\SALAMA~1\code\firmware\FIRMWA~1\test\MOTOR_~1\ARDUIN~1\ARDUIN~1\Debug\libArduinoCore.a(HardwareSerial1.o)
 .debug_aranges
                0x000000f0       0x30 C:\Users\sun\Desktop\DOCUME~1\SRL\SALAMA~1\code\firmware\FIRMWA~1\test\MOTOR_~1\ARDUIN~1\ARDUIN~1\Debug\libArduinoCore.a(main.o)
 .debug_aranges
                0x00000120       0xf0 C:\Users\sun\Desktop\DOCUME~1\SRL\SALAMA~1\code\firmware\FIRMWA~1\test\MOTOR_~1\ARDUIN~1\ARDUIN~1\Debug\libArduinoCore.a(Print.o)
 .debug_aranges
                0x00000210       0xd8 C:\Users\sun\Desktop\DOCUME~1\SRL\SALAMA~1\code\firmware\FIRMWA~1\test\MOTOR_~1\ARDUIN~1\ARDUIN~1\Debug\libArduinoCore.a(USBCore.o)
 .debug_aranges
                0x000002e8       0x48 C:\Users\sun\Desktop\DOCUME~1\SRL\SALAMA~1\code\firmware\FIRMWA~1\test\MOTOR_~1\ARDUIN~1\ARDUIN~1\Debug\libArduinoCore.a(wiring.o)
 .debug_aranges
                0x00000330       0x30 C:\Users\sun\Desktop\DOCUME~1\SRL\SALAMA~1\code\firmware\FIRMWA~1\test\MOTOR_~1\ARDUIN~1\ARDUIN~1\Debug\libArduinoCore.a(wiring_analog.o)
 .debug_aranges
                0x00000360       0x38 C:\Users\sun\Desktop\DOCUME~1\SRL\SALAMA~1\code\firmware\FIRMWA~1\test\MOTOR_~1\ARDUIN~1\ARDUIN~1\Debug\libArduinoCore.a(wiring_digital.o)
 .debug_aranges
                0x00000398       0x80 C:\Users\sun\Desktop\DOCUME~1\SRL\SALAMA~1\code\firmware\FIRMWA~1\test\MOTOR_~1\ARDUIN~1\ARDUIN~1\Debug\libArduinoCore.a(PID_v1.o)
 .debug_aranges
                0x00000418       0x38 C:\Users\sun\Desktop\DOCUME~1\SRL\SALAMA~1\code\firmware\FIRMWA~1\test\MOTOR_~1\ARDUIN~1\ARDUIN~1\Debug\libArduinoCore.a(SPI.o)
 .debug_aranges
                0x00000450       0xc0 C:\Users\sun\Desktop\DOCUME~1\SRL\SALAMA~1\code\firmware\FIRMWA~1\test\MOTOR_~1\ARDUIN~1\ARDUIN~1\Debug\libArduinoCore.a(CDC.o)
 .debug_aranges
                0x00000510       0x20 C:\Users\sun\Desktop\DOCUME~1\SRL\SALAMA~1\code\firmware\FIRMWA~1\test\MOTOR_~1\ARDUIN~1\ARDUIN~1\Debug\libArduinoCore.a(hooks.o)
 .debug_aranges
                0x00000530       0x50 C:\Users\sun\Desktop\DOCUME~1\SRL\SALAMA~1\code\firmware\FIRMWA~1\test\MOTOR_~1\ARDUIN~1\ARDUIN~1\Debug\libArduinoCore.a(PluggableUSB.o)

.debug_pubnames
 *(.debug_pubnames)

.debug_info     0x00000000     0xf4ee
 *(.debug_info .gnu.linkonce.wi.*)
 .debug_info    0x00000000      0x9f4 D:/Program Files (x86)/Atmel/Studio/7.0/Packs/Atmel/ATmega_DFP/1.2.132/gcc/dev/atmega32u4/avr5/crtatmega32u4.o
 .debug_info    0x000009f4     0x1e1a Sketch.o
 .debug_info    0x0000280e     0x1eb3 C:\Users\sun\Desktop\DOCUME~1\SRL\SALAMA~1\code\firmware\FIRMWA~1\test\MOTOR_~1\ARDUIN~1\ARDUIN~1\Debug\libArduinoCore.a(HardwareSerial.o)
 .debug_info    0x000046c1     0x1aa7 C:\Users\sun\Desktop\DOCUME~1\SRL\SALAMA~1\code\firmware\FIRMWA~1\test\MOTOR_~1\ARDUIN~1\ARDUIN~1\Debug\libArduinoCore.a(HardwareSerial1.o)
 .debug_info    0x00006168      0x33a C:\Users\sun\Desktop\DOCUME~1\SRL\SALAMA~1\code\firmware\FIRMWA~1\test\MOTOR_~1\ARDUIN~1\ARDUIN~1\Debug\libArduinoCore.a(main.o)
 .debug_info    0x000064a2     0x2892 C:\Users\sun\Desktop\DOCUME~1\SRL\SALAMA~1\code\firmware\FIRMWA~1\test\MOTOR_~1\ARDUIN~1\ARDUIN~1\Debug\libArduinoCore.a(Print.o)
 .debug_info    0x00008d34     0x1a21 C:\Users\sun\Desktop\DOCUME~1\SRL\SALAMA~1\code\firmware\FIRMWA~1\test\MOTOR_~1\ARDUIN~1\ARDUIN~1\Debug\libArduinoCore.a(USBCore.o)
 .debug_info    0x0000a755      0x2f9 C:\Users\sun\Desktop\DOCUME~1\SRL\SALAMA~1\code\firmware\FIRMWA~1\test\MOTOR_~1\ARDUIN~1\ARDUIN~1\Debug\libArduinoCore.a(wiring.o)
 .debug_info    0x0000aa4e      0x2d7 C:\Users\sun\Desktop\DOCUME~1\SRL\SALAMA~1\code\firmware\FIRMWA~1\test\MOTOR_~1\ARDUIN~1\ARDUIN~1\Debug\libArduinoCore.a(wiring_analog.o)
 .debug_info    0x0000ad25      0x633 C:\Users\sun\Desktop\DOCUME~1\SRL\SALAMA~1\code\firmware\FIRMWA~1\test\MOTOR_~1\ARDUIN~1\ARDUIN~1\Debug\libArduinoCore.a(wiring_digital.o)
 .debug_info    0x0000b358      0x9f8 C:\Users\sun\Desktop\DOCUME~1\SRL\SALAMA~1\code\firmware\FIRMWA~1\test\MOTOR_~1\ARDUIN~1\ARDUIN~1\Debug\libArduinoCore.a(PID_v1.o)
 .debug_info    0x0000bd50      0x699 C:\Users\sun\Desktop\DOCUME~1\SRL\SALAMA~1\code\firmware\FIRMWA~1\test\MOTOR_~1\ARDUIN~1\ARDUIN~1\Debug\libArduinoCore.a(SPI.o)
 .debug_info    0x0000c3e9     0x2928 C:\Users\sun\Desktop\DOCUME~1\SRL\SALAMA~1\code\firmware\FIRMWA~1\test\MOTOR_~1\ARDUIN~1\ARDUIN~1\Debug\libArduinoCore.a(CDC.o)
 .debug_info    0x0000ed11       0x3e C:\Users\sun\Desktop\DOCUME~1\SRL\SALAMA~1\code\firmware\FIRMWA~1\test\MOTOR_~1\ARDUIN~1\ARDUIN~1\Debug\libArduinoCore.a(hooks.o)
 .debug_info    0x0000ed4f      0x79f C:\Users\sun\Desktop\DOCUME~1\SRL\SALAMA~1\code\firmware\FIRMWA~1\test\MOTOR_~1\ARDUIN~1\ARDUIN~1\Debug\libArduinoCore.a(PluggableUSB.o)

.debug_abbrev   0x00000000     0x334c
 *(.debug_abbrev)
 .debug_abbrev  0x00000000      0x96a D:/Program Files (x86)/Atmel/Studio/7.0/Packs/Atmel/ATmega_DFP/1.2.132/gcc/dev/atmega32u4/avr5/crtatmega32u4.o
 .debug_abbrev  0x0000096a      0x409 Sketch.o
 .debug_abbrev  0x00000d73      0x432 C:\Users\sun\Desktop\DOCUME~1\SRL\SALAMA~1\code\firmware\FIRMWA~1\test\MOTOR_~1\ARDUIN~1\ARDUIN~1\Debug\libArduinoCore.a(HardwareSerial.o)
 .debug_abbrev  0x000011a5      0x3a2 C:\Users\sun\Desktop\DOCUME~1\SRL\SALAMA~1\code\firmware\FIRMWA~1\test\MOTOR_~1\ARDUIN~1\ARDUIN~1\Debug\libArduinoCore.a(HardwareSerial1.o)
 .debug_abbrev  0x00001547      0x19a C:\Users\sun\Desktop\DOCUME~1\SRL\SALAMA~1\code\firmware\FIRMWA~1\test\MOTOR_~1\ARDUIN~1\ARDUIN~1\Debug\libArduinoCore.a(main.o)
 .debug_abbrev  0x000016e1      0x469 C:\Users\sun\Desktop\DOCUME~1\SRL\SALAMA~1\code\firmware\FIRMWA~1\test\MOTOR_~1\ARDUIN~1\ARDUIN~1\Debug\libArduinoCore.a(Print.o)
 .debug_abbrev  0x00001b4a      0x5f1 C:\Users\sun\Desktop\DOCUME~1\SRL\SALAMA~1\code\firmware\FIRMWA~1\test\MOTOR_~1\ARDUIN~1\ARDUIN~1\Debug\libArduinoCore.a(USBCore.o)
 .debug_abbrev  0x0000213b      0x146 C:\Users\sun\Desktop\DOCUME~1\SRL\SALAMA~1\code\firmware\FIRMWA~1\test\MOTOR_~1\ARDUIN~1\ARDUIN~1\Debug\libArduinoCore.a(wiring.o)
 .debug_abbrev  0x00002281      0x183 C:\Users\sun\Desktop\DOCUME~1\SRL\SALAMA~1\code\firmware\FIRMWA~1\test\MOTOR_~1\ARDUIN~1\ARDUIN~1\Debug\libArduinoCore.a(wiring_analog.o)
 .debug_abbrev  0x00002404      0x15a C:\Users\sun\Desktop\DOCUME~1\SRL\SALAMA~1\code\firmware\FIRMWA~1\test\MOTOR_~1\ARDUIN~1\ARDUIN~1\Debug\libArduinoCore.a(wiring_digital.o)
 .debug_abbrev  0x0000255e      0x29a C:\Users\sun\Desktop\DOCUME~1\SRL\SALAMA~1\code\firmware\FIRMWA~1\test\MOTOR_~1\ARDUIN~1\ARDUIN~1\Debug\libArduinoCore.a(PID_v1.o)
 .debug_abbrev  0x000027f8      0x283 C:\Users\sun\Desktop\DOCUME~1\SRL\SALAMA~1\code\firmware\FIRMWA~1\test\MOTOR_~1\ARDUIN~1\ARDUIN~1\Debug\libArduinoCore.a(SPI.o)
 .debug_abbrev  0x00002a7b      0x5e2 C:\Users\sun\Desktop\DOCUME~1\SRL\SALAMA~1\code\firmware\FIRMWA~1\test\MOTOR_~1\ARDUIN~1\ARDUIN~1\Debug\libArduinoCore.a(CDC.o)
 .debug_abbrev  0x0000305d       0x2a C:\Users\sun\Desktop\DOCUME~1\SRL\SALAMA~1\code\firmware\FIRMWA~1\test\MOTOR_~1\ARDUIN~1\ARDUIN~1\Debug\libArduinoCore.a(hooks.o)
 .debug_abbrev  0x00003087      0x2c5 C:\Users\sun\Desktop\DOCUME~1\SRL\SALAMA~1\code\firmware\FIRMWA~1\test\MOTOR_~1\ARDUIN~1\ARDUIN~1\Debug\libArduinoCore.a(PluggableUSB.o)

.debug_line     0x00000000     0x39c1
 *(.debug_line .debug_line.* .debug_line_end)
 .debug_line    0x00000000      0x199 D:/Program Files (x86)/Atmel/Studio/7.0/Packs/Atmel/ATmega_DFP/1.2.132/gcc/dev/atmega32u4/avr5/crtatmega32u4.o
 .debug_line    0x00000199      0x849 Sketch.o
 .debug_line    0x000009e2      0x42f C:\Users\sun\Desktop\DOCUME~1\SRL\SALAMA~1\code\firmware\FIRMWA~1\test\MOTOR_~1\ARDUIN~1\ARDUIN~1\Debug\libArduinoCore.a(HardwareSerial.o)
 .debug_line    0x00000e11      0x260 C:\Users\sun\Desktop\DOCUME~1\SRL\SALAMA~1\code\firmware\FIRMWA~1\test\MOTOR_~1\ARDUIN~1\ARDUIN~1\Debug\libArduinoCore.a(HardwareSerial1.o)
 .debug_line    0x00001071      0x180 C:\Users\sun\Desktop\DOCUME~1\SRL\SALAMA~1\code\firmware\FIRMWA~1\test\MOTOR_~1\ARDUIN~1\ARDUIN~1\Debug\libArduinoCore.a(main.o)
 .debug_line    0x000011f1      0x637 C:\Users\sun\Desktop\DOCUME~1\SRL\SALAMA~1\code\firmware\FIRMWA~1\test\MOTOR_~1\ARDUIN~1\ARDUIN~1\Debug\libArduinoCore.a(Print.o)
 .debug_line    0x00001828      0x9d1 C:\Users\sun\Desktop\DOCUME~1\SRL\SALAMA~1\code\firmware\FIRMWA~1\test\MOTOR_~1\ARDUIN~1\ARDUIN~1\Debug\libArduinoCore.a(USBCore.o)
 .debug_line    0x000021f9      0x2c6 C:\Users\sun\Desktop\DOCUME~1\SRL\SALAMA~1\code\firmware\FIRMWA~1\test\MOTOR_~1\ARDUIN~1\ARDUIN~1\Debug\libArduinoCore.a(wiring.o)
 .debug_line    0x000024bf      0x283 C:\Users\sun\Desktop\DOCUME~1\SRL\SALAMA~1\code\firmware\FIRMWA~1\test\MOTOR_~1\ARDUIN~1\ARDUIN~1\Debug\libArduinoCore.a(wiring_analog.o)
 .debug_line    0x00002742      0x273 C:\Users\sun\Desktop\DOCUME~1\SRL\SALAMA~1\code\firmware\FIRMWA~1\test\MOTOR_~1\ARDUIN~1\ARDUIN~1\Debug\libArduinoCore.a(wiring_digital.o)
 .debug_line    0x000029b5      0x3f8 C:\Users\sun\Desktop\DOCUME~1\SRL\SALAMA~1\code\firmware\FIRMWA~1\test\MOTOR_~1\ARDUIN~1\ARDUIN~1\Debug\libArduinoCore.a(PID_v1.o)
 .debug_line    0x00002dad      0x2ec C:\Users\sun\Desktop\DOCUME~1\SRL\SALAMA~1\code\firmware\FIRMWA~1\test\MOTOR_~1\ARDUIN~1\ARDUIN~1\Debug\libArduinoCore.a(SPI.o)
 .debug_line    0x00003099      0x600 C:\Users\sun\Desktop\DOCUME~1\SRL\SALAMA~1\code\firmware\FIRMWA~1\test\MOTOR_~1\ARDUIN~1\ARDUIN~1\Debug\libArduinoCore.a(CDC.o)
 .debug_line    0x00003699       0x41 C:\Users\sun\Desktop\DOCUME~1\SRL\SALAMA~1\code\firmware\FIRMWA~1\test\MOTOR_~1\ARDUIN~1\ARDUIN~1\Debug\libArduinoCore.a(hooks.o)
 .debug_line    0x000036da      0x2e7 C:\Users\sun\Desktop\DOCUME~1\SRL\SALAMA~1\code\firmware\FIRMWA~1\test\MOTOR_~1\ARDUIN~1\ARDUIN~1\Debug\libArduinoCore.a(PluggableUSB.o)

.debug_frame    0x00000000     0x1238
 *(.debug_frame)
 .debug_frame   0x00000000      0x174 Sketch.o
 .debug_frame   0x00000174      0x110 C:\Users\sun\Desktop\DOCUME~1\SRL\SALAMA~1\code\firmware\FIRMWA~1\test\MOTOR_~1\ARDUIN~1\ARDUIN~1\Debug\libArduinoCore.a(HardwareSerial.o)
 .debug_frame   0x00000284       0xc0 C:\Users\sun\Desktop\DOCUME~1\SRL\SALAMA~1\code\firmware\FIRMWA~1\test\MOTOR_~1\ARDUIN~1\ARDUIN~1\Debug\libArduinoCore.a(HardwareSerial1.o)
 .debug_frame   0x00000344       0x54 C:\Users\sun\Desktop\DOCUME~1\SRL\SALAMA~1\code\firmware\FIRMWA~1\test\MOTOR_~1\ARDUIN~1\ARDUIN~1\Debug\libArduinoCore.a(main.o)
 .debug_frame   0x00000398      0x38c C:\Users\sun\Desktop\DOCUME~1\SRL\SALAMA~1\code\firmware\FIRMWA~1\test\MOTOR_~1\ARDUIN~1\ARDUIN~1\Debug\libArduinoCore.a(Print.o)
 .debug_frame   0x00000724      0x394 C:\Users\sun\Desktop\DOCUME~1\SRL\SALAMA~1\code\firmware\FIRMWA~1\test\MOTOR_~1\ARDUIN~1\ARDUIN~1\Debug\libArduinoCore.a(USBCore.o)
 .debug_frame   0x00000ab8       0xc4 C:\Users\sun\Desktop\DOCUME~1\SRL\SALAMA~1\code\firmware\FIRMWA~1\test\MOTOR_~1\ARDUIN~1\ARDUIN~1\Debug\libArduinoCore.a(wiring.o)
 .debug_frame   0x00000b7c       0x54 C:\Users\sun\Desktop\DOCUME~1\SRL\SALAMA~1\code\firmware\FIRMWA~1\test\MOTOR_~1\ARDUIN~1\ARDUIN~1\Debug\libArduinoCore.a(wiring_analog.o)
 .debug_frame   0x00000bd0       0x7c C:\Users\sun\Desktop\DOCUME~1\SRL\SALAMA~1\code\firmware\FIRMWA~1\test\MOTOR_~1\ARDUIN~1\ARDUIN~1\Debug\libArduinoCore.a(wiring_digital.o)
 .debug_frame   0x00000c4c      0x2d8 C:\Users\sun\Desktop\DOCUME~1\SRL\SALAMA~1\code\firmware\FIRMWA~1\test\MOTOR_~1\ARDUIN~1\ARDUIN~1\Debug\libArduinoCore.a(PID_v1.o)
 .debug_frame   0x00000f24       0x5c C:\Users\sun\Desktop\DOCUME~1\SRL\SALAMA~1\code\firmware\FIRMWA~1\test\MOTOR_~1\ARDUIN~1\ARDUIN~1\Debug\libArduinoCore.a(SPI.o)
 .debug_frame   0x00000f80      0x1a8 C:\Users\sun\Desktop\DOCUME~1\SRL\SALAMA~1\code\firmware\FIRMWA~1\test\MOTOR_~1\ARDUIN~1\ARDUIN~1\Debug\libArduinoCore.a(CDC.o)
 .debug_frame   0x00001128       0x24 C:\Users\sun\Desktop\DOCUME~1\SRL\SALAMA~1\code\firmware\FIRMWA~1\test\MOTOR_~1\ARDUIN~1\ARDUIN~1\Debug\libArduinoCore.a(hooks.o)
 .debug_frame   0x0000114c       0xec C:\Users\sun\Desktop\DOCUME~1\SRL\SALAMA~1\code\firmware\FIRMWA~1\test\MOTOR_~1\ARDUIN~1\ARDUIN~1\Debug\libArduinoCore.a(PluggableUSB.o)

.debug_str      0x00000000     0x3b3d
 *(.debug_str)
 .debug_str     0x00000000      0x371 D:/Program Files (x86)/Atmel/Studio/7.0/Packs/Atmel/ATmega_DFP/1.2.132/gcc/dev/atmega32u4/avr5/crtatmega32u4.o
 .debug_str     0x00000371      0xe8e Sketch.o
                                0xf01 (size before relaxing)
 .debug_str     0x000011ff     0x1304 C:\Users\sun\Desktop\DOCUME~1\SRL\SALAMA~1\code\firmware\FIRMWA~1\test\MOTOR_~1\ARDUIN~1\ARDUIN~1\Debug\libArduinoCore.a(HardwareSerial.o)
                               0x1609 (size before relaxing)
 .debug_str     0x00002503       0x55 C:\Users\sun\Desktop\DOCUME~1\SRL\SALAMA~1\code\firmware\FIRMWA~1\test\MOTOR_~1\ARDUIN~1\ARDUIN~1\Debug\libArduinoCore.a(HardwareSerial1.o)
                               0x13e1 (size before relaxing)
 .debug_str     0x00002558      0x10e C:\Users\sun\Desktop\DOCUME~1\SRL\SALAMA~1\code\firmware\FIRMWA~1\test\MOTOR_~1\ARDUIN~1\ARDUIN~1\Debug\libArduinoCore.a(main.o)
                                0x3b3 (size before relaxing)
 .debug_str     0x00002666      0x3b9 C:\Users\sun\Desktop\DOCUME~1\SRL\SALAMA~1\code\firmware\FIRMWA~1\test\MOTOR_~1\ARDUIN~1\ARDUIN~1\Debug\libArduinoCore.a(Print.o)
                               0x1201 (size before relaxing)
 .debug_str     0x00002a1f      0x829 C:\Users\sun\Desktop\DOCUME~1\SRL\SALAMA~1\code\firmware\FIRMWA~1\test\MOTOR_~1\ARDUIN~1\ARDUIN~1\Debug\libArduinoCore.a(USBCore.o)
                                0xca3 (size before relaxing)
 .debug_str     0x00003248      0x141 C:\Users\sun\Desktop\DOCUME~1\SRL\SALAMA~1\code\firmware\FIRMWA~1\test\MOTOR_~1\ARDUIN~1\ARDUIN~1\Debug\libArduinoCore.a(wiring.o)
                                0x272 (size before relaxing)
 .debug_str     0x00003389       0x86 C:\Users\sun\Desktop\DOCUME~1\SRL\SALAMA~1\code\firmware\FIRMWA~1\test\MOTOR_~1\ARDUIN~1\ARDUIN~1\Debug\libArduinoCore.a(wiring_analog.o)
                                0x290 (size before relaxing)
 .debug_str     0x0000340f       0xa9 C:\Users\sun\Desktop\DOCUME~1\SRL\SALAMA~1\code\firmware\FIRMWA~1\test\MOTOR_~1\ARDUIN~1\ARDUIN~1\Debug\libArduinoCore.a(wiring_digital.o)
                                0x2f1 (size before relaxing)
 .debug_str     0x000034b8       0x78 C:\Users\sun\Desktop\DOCUME~1\SRL\SALAMA~1\code\firmware\FIRMWA~1\test\MOTOR_~1\ARDUIN~1\ARDUIN~1\Debug\libArduinoCore.a(PID_v1.o)
                                0x55c (size before relaxing)
 .debug_str     0x00003530       0xa4 C:\Users\sun\Desktop\DOCUME~1\SRL\SALAMA~1\code\firmware\FIRMWA~1\test\MOTOR_~1\ARDUIN~1\ARDUIN~1\Debug\libArduinoCore.a(SPI.o)
                                0x6d5 (size before relaxing)
 .debug_str     0x000035d4      0x4a3 C:\Users\sun\Desktop\DOCUME~1\SRL\SALAMA~1\code\firmware\FIRMWA~1\test\MOTOR_~1\ARDUIN~1\ARDUIN~1\Debug\libArduinoCore.a(CDC.o)
                               0x1a03 (size before relaxing)
 .debug_str     0x00003a77       0x7a C:\Users\sun\Desktop\DOCUME~1\SRL\SALAMA~1\code\firmware\FIRMWA~1\test\MOTOR_~1\ARDUIN~1\ARDUIN~1\Debug\libArduinoCore.a(hooks.o)
                                0x148 (size before relaxing)
 .debug_str     0x00003af1       0x4c C:\Users\sun\Desktop\DOCUME~1\SRL\SALAMA~1\code\firmware\FIRMWA~1\test\MOTOR_~1\ARDUIN~1\ARDUIN~1\Debug\libArduinoCore.a(PluggableUSB.o)
                                0x5e3 (size before relaxing)

.debug_loc      0x00000000     0x6000
 *(.debug_loc)
 .debug_loc     0x00000000      0x5a9 Sketch.o
 .debug_loc     0x000005a9      0x482 C:\Users\sun\Desktop\DOCUME~1\SRL\SALAMA~1\code\firmware\FIRMWA~1\test\MOTOR_~1\ARDUIN~1\ARDUIN~1\Debug\libArduinoCore.a(HardwareSerial.o)
 .debug_loc     0x00000a2b      0x18a C:\Users\sun\Desktop\DOCUME~1\SRL\SALAMA~1\code\firmware\FIRMWA~1\test\MOTOR_~1\ARDUIN~1\ARDUIN~1\Debug\libArduinoCore.a(HardwareSerial1.o)
 .debug_loc     0x00000bb5     0x1c79 C:\Users\sun\Desktop\DOCUME~1\SRL\SALAMA~1\code\firmware\FIRMWA~1\test\MOTOR_~1\ARDUIN~1\ARDUIN~1\Debug\libArduinoCore.a(Print.o)
 .debug_loc     0x0000282e     0x123d C:\Users\sun\Desktop\DOCUME~1\SRL\SALAMA~1\code\firmware\FIRMWA~1\test\MOTOR_~1\ARDUIN~1\ARDUIN~1\Debug\libArduinoCore.a(USBCore.o)
 .debug_loc     0x00003a6b      0x28d C:\Users\sun\Desktop\DOCUME~1\SRL\SALAMA~1\code\firmware\FIRMWA~1\test\MOTOR_~1\ARDUIN~1\ARDUIN~1\Debug\libArduinoCore.a(wiring.o)
 .debug_loc     0x00003cf8      0x1cb C:\Users\sun\Desktop\DOCUME~1\SRL\SALAMA~1\code\firmware\FIRMWA~1\test\MOTOR_~1\ARDUIN~1\ARDUIN~1\Debug\libArduinoCore.a(wiring_analog.o)
 .debug_loc     0x00003ec3      0x665 C:\Users\sun\Desktop\DOCUME~1\SRL\SALAMA~1\code\firmware\FIRMWA~1\test\MOTOR_~1\ARDUIN~1\ARDUIN~1\Debug\libArduinoCore.a(wiring_digital.o)
 .debug_loc     0x00004528      0xd10 C:\Users\sun\Desktop\DOCUME~1\SRL\SALAMA~1\code\firmware\FIRMWA~1\test\MOTOR_~1\ARDUIN~1\ARDUIN~1\Debug\libArduinoCore.a(PID_v1.o)
 .debug_loc     0x00005238      0x22f C:\Users\sun\Desktop\DOCUME~1\SRL\SALAMA~1\code\firmware\FIRMWA~1\test\MOTOR_~1\ARDUIN~1\ARDUIN~1\Debug\libArduinoCore.a(SPI.o)
 .debug_loc     0x00005467      0x754 C:\Users\sun\Desktop\DOCUME~1\SRL\SALAMA~1\code\firmware\FIRMWA~1\test\MOTOR_~1\ARDUIN~1\ARDUIN~1\Debug\libArduinoCore.a(CDC.o)
 .debug_loc     0x00005bbb      0x445 C:\Users\sun\Desktop\DOCUME~1\SRL\SALAMA~1\code\firmware\FIRMWA~1\test\MOTOR_~1\ARDUIN~1\ARDUIN~1\Debug\libArduinoCore.a(PluggableUSB.o)

.debug_macinfo
 *(.debug_macinfo)

.debug_weaknames
 *(.debug_weaknames)

.debug_funcnames
 *(.debug_funcnames)

.debug_typenames
 *(.debug_typenames)

.debug_varnames
 *(.debug_varnames)

.debug_pubtypes
 *(.debug_pubtypes)

.debug_ranges   0x00000000      0x600
 *(.debug_ranges)
 .debug_ranges  0x00000000       0x40 Sketch.o
 .debug_ranges  0x00000040       0x58 C:\Users\sun\Desktop\DOCUME~1\SRL\SALAMA~1\code\firmware\FIRMWA~1\test\MOTOR_~1\ARDUIN~1\ARDUIN~1\Debug\libArduinoCore.a(HardwareSerial.o)
 .debug_ranges  0x00000098       0x28 C:\Users\sun\Desktop\DOCUME~1\SRL\SALAMA~1\code\firmware\FIRMWA~1\test\MOTOR_~1\ARDUIN~1\ARDUIN~1\Debug\libArduinoCore.a(HardwareSerial1.o)
 .debug_ranges  0x000000c0       0x20 C:\Users\sun\Desktop\DOCUME~1\SRL\SALAMA~1\code\firmware\FIRMWA~1\test\MOTOR_~1\ARDUIN~1\ARDUIN~1\Debug\libArduinoCore.a(main.o)
 .debug_ranges  0x000000e0      0x110 C:\Users\sun\Desktop\DOCUME~1\SRL\SALAMA~1\code\firmware\FIRMWA~1\test\MOTOR_~1\ARDUIN~1\ARDUIN~1\Debug\libArduinoCore.a(Print.o)
 .debug_ranges  0x000001f0      0x1c8 C:\Users\sun\Desktop\DOCUME~1\SRL\SALAMA~1\code\firmware\FIRMWA~1\test\MOTOR_~1\ARDUIN~1\ARDUIN~1\Debug\libArduinoCore.a(USBCore.o)
 .debug_ranges  0x000003b8       0x38 C:\Users\sun\Desktop\DOCUME~1\SRL\SALAMA~1\code\firmware\FIRMWA~1\test\MOTOR_~1\ARDUIN~1\ARDUIN~1\Debug\libArduinoCore.a(wiring.o)
 .debug_ranges  0x000003f0       0x20 C:\Users\sun\Desktop\DOCUME~1\SRL\SALAMA~1\code\firmware\FIRMWA~1\test\MOTOR_~1\ARDUIN~1\ARDUIN~1\Debug\libArduinoCore.a(wiring_analog.o)
 .debug_ranges  0x00000410       0x28 C:\Users\sun\Desktop\DOCUME~1\SRL\SALAMA~1\code\firmware\FIRMWA~1\test\MOTOR_~1\ARDUIN~1\ARDUIN~1\Debug\libArduinoCore.a(wiring_digital.o)
 .debug_ranges  0x00000438       0x70 C:\Users\sun\Desktop\DOCUME~1\SRL\SALAMA~1\code\firmware\FIRMWA~1\test\MOTOR_~1\ARDUIN~1\ARDUIN~1\Debug\libArduinoCore.a(PID_v1.o)
 .debug_ranges  0x000004a8       0x28 C:\Users\sun\Desktop\DOCUME~1\SRL\SALAMA~1\code\firmware\FIRMWA~1\test\MOTOR_~1\ARDUIN~1\ARDUIN~1\Debug\libArduinoCore.a(SPI.o)
 .debug_ranges  0x000004d0       0xc8 C:\Users\sun\Desktop\DOCUME~1\SRL\SALAMA~1\code\firmware\FIRMWA~1\test\MOTOR_~1\ARDUIN~1\ARDUIN~1\Debug\libArduinoCore.a(CDC.o)
 .debug_ranges  0x00000598       0x10 C:\Users\sun\Desktop\DOCUME~1\SRL\SALAMA~1\code\firmware\FIRMWA~1\test\MOTOR_~1\ARDUIN~1\ARDUIN~1\Debug\libArduinoCore.a(hooks.o)
 .debug_ranges  0x000005a8       0x58 C:\Users\sun\Desktop\DOCUME~1\SRL\SALAMA~1\code\firmware\FIRMWA~1\test\MOTOR_~1\ARDUIN~1\ARDUIN~1\Debug\libArduinoCore.a(PluggableUSB.o)

.debug_macro
 *(.debug_macro)
OUTPUT(triple_motor_control_with_ls7366r_and_cur_sensing_atmega32u4.elf elf32-avr)
LOAD linker stubs
