Archive member included to satisfy reference by file (symbol)

C:\Users\Brian\Desktop\CLARAC~1\SAMIFI~1\SAMIBO~1\SAMIBO~1\ARDUIN~1\Debug\libArduinoCore.a(main.o)
                              C:/Program Files (x86)/Atmel/Studio/7.0/Packs/atmel/ATmega_DFP/1.6.364/gcc/dev/atmega328p/avr5/crtatmega328p.o (main)
C:\Users\Brian\Desktop\CLARAC~1\SAMIFI~1\SAMIBO~1\SAMIBO~1\ARDUIN~1\Debug\libArduinoCore.a(WInterrupts.o)
                              Sketch.o (attachInterrupt)
C:\Users\Brian\Desktop\CLARAC~1\SAMIFI~1\SAMIBO~1\SAMIBO~1\ARDUIN~1\Debug\libArduinoCore.a(wiring.o)
                              Sketch.o (millis)
C:\Users\Brian\Desktop\CLARAC~1\SAMIFI~1\SAMIBO~1\SAMIBO~1\ARDUIN~1\Debug\libArduinoCore.a(wiring_analog.o)
                              Sketch.o (analogRead)
C:\Users\Brian\Desktop\CLARAC~1\SAMIFI~1\SAMIBO~1\SAMIBO~1\ARDUIN~1\Debug\libArduinoCore.a(wiring_digital.o)
                              Sketch.o (pinMode)
C:\Users\Brian\Desktop\CLARAC~1\SAMIFI~1\SAMIBO~1\SAMIBO~1\ARDUIN~1\Debug\libArduinoCore.a(hooks.o)
                              C:\Users\Brian\Desktop\CLARAC~1\SAMIFI~1\SAMIBO~1\SAMIBO~1\ARDUIN~1\Debug\libArduinoCore.a(wiring.o) (yield)
c:/program files (x86)/atmel/studio/7.0/toolchain/avr8/avr8-gnu-toolchain/bin/../lib/gcc/avr/5.4.0/avr5\libgcc.a(_udivmodsi4.o)
                              src/libraries/Wire/src/utility/twi.o (__udivmodsi4)
c:/program files (x86)/atmel/studio/7.0/toolchain/avr8/avr8-gnu-toolchain/bin/../lib/gcc/avr/5.4.0/avr5\libgcc.a(_exit.o)
                              C:/Program Files (x86)/Atmel/Studio/7.0/Packs/atmel/ATmega_DFP/1.6.364/gcc/dev/atmega328p/avr5/crtatmega328p.o (exit)
c:/program files (x86)/atmel/studio/7.0/toolchain/avr8/avr8-gnu-toolchain/bin/../lib/gcc/avr/5.4.0/avr5\libgcc.a(_copy_data.o)
                              Sketch.o (__do_copy_data)
c:/program files (x86)/atmel/studio/7.0/toolchain/avr8/avr8-gnu-toolchain/bin/../lib/gcc/avr/5.4.0/avr5\libgcc.a(_clear_bss.o)
                              Sketch.o (__do_clear_bss)
c:/program files (x86)/atmel/studio/7.0/toolchain/avr8/avr8-gnu-toolchain/bin/../lib/gcc/avr/5.4.0/avr5\libgcc.a(_ctors.o)
                              src/libraries/Wire/src/Wire.o (__do_global_ctors)
c:/program files (x86)/atmel/studio/7.0/toolchain/avr8/avr8-gnu-toolchain/bin/../lib/gcc/avr/5.4.0/avr5\libgcc.a(_tablejump2.o)
                              c:/program files (x86)/atmel/studio/7.0/toolchain/avr8/avr8-gnu-toolchain/bin/../lib/gcc/avr/5.4.0/avr5\libgcc.a(_ctors.o) (__tablejump2__)

Discarded input sections

 .data          0x00000000        0x0 C:/Program Files (x86)/Atmel/Studio/7.0/Packs/atmel/ATmega_DFP/1.6.364/gcc/dev/atmega328p/avr5/crtatmega328p.o
 .bss           0x00000000        0x0 C:/Program Files (x86)/Atmel/Studio/7.0/Packs/atmel/ATmega_DFP/1.6.364/gcc/dev/atmega328p/avr5/crtatmega328p.o
 .text          0x00000000        0x0 Sketch.o
 .data          0x00000000        0x0 Sketch.o
 .bss           0x00000000        0x0 Sketch.o
 .text._Z17readCurrentSensorv
                0x00000000        0x6 Sketch.o
 .text          0x00000000        0x0 src/libraries/Wire/src/utility/twi.o
 .data          0x00000000        0x0 src/libraries/Wire/src/utility/twi.o
 .bss           0x00000000        0x0 src/libraries/Wire/src/utility/twi.o
 .text.twi_init
                0x00000000       0x3c src/libraries/Wire/src/utility/twi.o
 .text.twi_disable
                0x00000000       0x1a src/libraries/Wire/src/utility/twi.o
 .text.twi_setAddress
                0x00000000        0x8 src/libraries/Wire/src/utility/twi.o
 .text.twi_setFrequency
                0x00000000       0x28 src/libraries/Wire/src/utility/twi.o
 .text.twi_readFrom
                0x00000000       0x90 src/libraries/Wire/src/utility/twi.o
 .text.twi_writeTo
                0x00000000       0xac src/libraries/Wire/src/utility/twi.o
 .text.twi_attachSlaveRxEvent
                0x00000000        0xa src/libraries/Wire/src/utility/twi.o
 .text.twi_attachSlaveTxEvent
                0x00000000        0xa src/libraries/Wire/src/utility/twi.o
 .text.twi_reply
                0x00000000       0x10 src/libraries/Wire/src/utility/twi.o
 .group         0x00000000        0x8 src/libraries/Wire/src/Wire.o
 .group         0x00000000        0x8 src/libraries/Wire/src/Wire.o
 .group         0x00000000        0x8 src/libraries/Wire/src/Wire.o
 .text          0x00000000        0x0 src/libraries/Wire/src/Wire.o
 .data          0x00000000        0x0 src/libraries/Wire/src/Wire.o
 .bss           0x00000000        0x0 src/libraries/Wire/src/Wire.o
 .text._ZN5Print5flushEv
                0x00000000        0x2 src/libraries/Wire/src/Wire.o
 .text._ZN7TwoWire16onReceiveServiceEPhi
                0x00000000       0x54 src/libraries/Wire/src/Wire.o
 .text._ZN7TwoWire16onRequestServiceEv
                0x00000000       0x18 src/libraries/Wire/src/Wire.o
 .text._ZN7TwoWire5beginEv
                0x00000000       0x14 src/libraries/Wire/src/Wire.o
 .text._ZN7TwoWire5beginEh
                0x00000000       0x26 src/libraries/Wire/src/Wire.o
 .text._ZN7TwoWire5beginEi
                0x00000000        0x4 src/libraries/Wire/src/Wire.o
 .text._ZN7TwoWire3endEv
                0x00000000        0x4 src/libraries/Wire/src/Wire.o
 .text._ZN7TwoWire8setClockEm
                0x00000000        0x8 src/libraries/Wire/src/Wire.o
 .text._ZN7TwoWire17beginTransmissionEh
                0x00000000       0x14 src/libraries/Wire/src/Wire.o
 .text._ZN7TwoWire17beginTransmissionEi
                0x00000000        0x4 src/libraries/Wire/src/Wire.o
 .text._ZN7TwoWire15endTransmissionEh
                0x00000000       0x26 src/libraries/Wire/src/Wire.o
 .text._ZN7TwoWire11requestFromEhhmhh
                0x00000000       0xa8 src/libraries/Wire/src/Wire.o
 .text._ZN7TwoWire11requestFromEhhh
                0x00000000       0x20 src/libraries/Wire/src/Wire.o
 .text._ZN7TwoWire11requestFromEhh
                0x00000000        0x6 src/libraries/Wire/src/Wire.o
 .text._ZN7TwoWire11requestFromEii
                0x00000000        0x6 src/libraries/Wire/src/Wire.o
 .text._ZN7TwoWire11requestFromEiii
                0x00000000        0x4 src/libraries/Wire/src/Wire.o
 .text._ZN7TwoWire15endTransmissionEv
                0x00000000        0x6 src/libraries/Wire/src/Wire.o
 .text._ZN7TwoWire9onReceiveEPFviE
                0x00000000        0xa src/libraries/Wire/src/Wire.o
 .text._ZN7TwoWire9onRequestEPFvvE
                0x00000000        0xa src/libraries/Wire/src/Wire.o
 .bss._ZN7TwoWire14user_onReceiveE
                0x00000000        0x2 src/libraries/Wire/src/Wire.o
 .bss._ZN7TwoWire14user_onRequestE
                0x00000000        0x2 src/libraries/Wire/src/Wire.o
 .bss._ZN7TwoWire9txAddressE
                0x00000000        0x1 src/libraries/Wire/src/Wire.o
 .text          0x00000000        0x0 C:\Users\Brian\Desktop\CLARAC~1\SAMIFI~1\SAMIBO~1\SAMIBO~1\ARDUIN~1\Debug\libArduinoCore.a(main.o)
 .data          0x00000000        0x0 C:\Users\Brian\Desktop\CLARAC~1\SAMIFI~1\SAMIBO~1\SAMIBO~1\ARDUIN~1\Debug\libArduinoCore.a(main.o)
 .bss           0x00000000        0x0 C:\Users\Brian\Desktop\CLARAC~1\SAMIFI~1\SAMIBO~1\SAMIBO~1\ARDUIN~1\Debug\libArduinoCore.a(main.o)
 .text.atexit   0x00000000        0x6 C:\Users\Brian\Desktop\CLARAC~1\SAMIFI~1\SAMIBO~1\SAMIBO~1\ARDUIN~1\Debug\libArduinoCore.a(main.o)
 .text._Z8setupUSBv
                0x00000000        0x2 C:\Users\Brian\Desktop\CLARAC~1\SAMIFI~1\SAMIBO~1\SAMIBO~1\ARDUIN~1\Debug\libArduinoCore.a(main.o)
 .text          0x00000000        0x0 C:\Users\Brian\Desktop\CLARAC~1\SAMIFI~1\SAMIBO~1\SAMIBO~1\ARDUIN~1\Debug\libArduinoCore.a(WInterrupts.o)
 .data          0x00000000        0x0 C:\Users\Brian\Desktop\CLARAC~1\SAMIFI~1\SAMIBO~1\SAMIBO~1\ARDUIN~1\Debug\libArduinoCore.a(WInterrupts.o)
 .bss           0x00000000        0x0 C:\Users\Brian\Desktop\CLARAC~1\SAMIFI~1\SAMIBO~1\SAMIBO~1\ARDUIN~1\Debug\libArduinoCore.a(WInterrupts.o)
 .text.detachInterrupt
                0x00000000       0x24 C:\Users\Brian\Desktop\CLARAC~1\SAMIFI~1\SAMIBO~1\SAMIBO~1\ARDUIN~1\Debug\libArduinoCore.a(WInterrupts.o)
 .text          0x00000000        0x0 C:\Users\Brian\Desktop\CLARAC~1\SAMIFI~1\SAMIBO~1\SAMIBO~1\ARDUIN~1\Debug\libArduinoCore.a(wiring.o)
 .data          0x00000000        0x0 C:\Users\Brian\Desktop\CLARAC~1\SAMIFI~1\SAMIBO~1\SAMIBO~1\ARDUIN~1\Debug\libArduinoCore.a(wiring.o)
 .bss           0x00000000        0x0 C:\Users\Brian\Desktop\CLARAC~1\SAMIFI~1\SAMIBO~1\SAMIBO~1\ARDUIN~1\Debug\libArduinoCore.a(wiring.o)
 .text.micros   0x00000000       0x4a C:\Users\Brian\Desktop\CLARAC~1\SAMIFI~1\SAMIBO~1\SAMIBO~1\ARDUIN~1\Debug\libArduinoCore.a(wiring.o)
 .text.delay    0x00000000       0x78 C:\Users\Brian\Desktop\CLARAC~1\SAMIFI~1\SAMIBO~1\SAMIBO~1\ARDUIN~1\Debug\libArduinoCore.a(wiring.o)
 .text.delayMicroseconds
                0x00000000       0x16 C:\Users\Brian\Desktop\CLARAC~1\SAMIFI~1\SAMIBO~1\SAMIBO~1\ARDUIN~1\Debug\libArduinoCore.a(wiring.o)
 .text          0x00000000        0x0 C:\Users\Brian\Desktop\CLARAC~1\SAMIFI~1\SAMIBO~1\SAMIBO~1\ARDUIN~1\Debug\libArduinoCore.a(wiring_analog.o)
 .data          0x00000000        0x0 C:\Users\Brian\Desktop\CLARAC~1\SAMIFI~1\SAMIBO~1\SAMIBO~1\ARDUIN~1\Debug\libArduinoCore.a(wiring_analog.o)
 .bss           0x00000000        0x0 C:\Users\Brian\Desktop\CLARAC~1\SAMIFI~1\SAMIBO~1\SAMIBO~1\ARDUIN~1\Debug\libArduinoCore.a(wiring_analog.o)
 .text.analogReference
                0x00000000        0x6 C:\Users\Brian\Desktop\CLARAC~1\SAMIFI~1\SAMIBO~1\SAMIBO~1\ARDUIN~1\Debug\libArduinoCore.a(wiring_analog.o)
 .text.analogRead
                0x00000000       0x3a C:\Users\Brian\Desktop\CLARAC~1\SAMIFI~1\SAMIBO~1\SAMIBO~1\ARDUIN~1\Debug\libArduinoCore.a(wiring_analog.o)
 .text.analogWrite
                0x00000000       0xbe C:\Users\Brian\Desktop\CLARAC~1\SAMIFI~1\SAMIBO~1\SAMIBO~1\ARDUIN~1\Debug\libArduinoCore.a(wiring_analog.o)
 .data.analog_reference
                0x00000000        0x1 C:\Users\Brian\Desktop\CLARAC~1\SAMIFI~1\SAMIBO~1\SAMIBO~1\ARDUIN~1\Debug\libArduinoCore.a(wiring_analog.o)
 .debug_info    0x00000000      0x26d C:\Users\Brian\Desktop\CLARAC~1\SAMIFI~1\SAMIBO~1\SAMIBO~1\ARDUIN~1\Debug\libArduinoCore.a(wiring_analog.o)
 .debug_abbrev  0x00000000      0x16b C:\Users\Brian\Desktop\CLARAC~1\SAMIFI~1\SAMIBO~1\SAMIBO~1\ARDUIN~1\Debug\libArduinoCore.a(wiring_analog.o)
 .debug_loc     0x00000000       0xfe C:\Users\Brian\Desktop\CLARAC~1\SAMIFI~1\SAMIBO~1\SAMIBO~1\ARDUIN~1\Debug\libArduinoCore.a(wiring_analog.o)
 .debug_aranges
                0x00000000       0x30 C:\Users\Brian\Desktop\CLARAC~1\SAMIFI~1\SAMIBO~1\SAMIBO~1\ARDUIN~1\Debug\libArduinoCore.a(wiring_analog.o)
 .debug_ranges  0x00000000       0x20 C:\Users\Brian\Desktop\CLARAC~1\SAMIFI~1\SAMIBO~1\SAMIBO~1\ARDUIN~1\Debug\libArduinoCore.a(wiring_analog.o)
 .debug_line    0x00000000      0x224 C:\Users\Brian\Desktop\CLARAC~1\SAMIFI~1\SAMIBO~1\SAMIBO~1\ARDUIN~1\Debug\libArduinoCore.a(wiring_analog.o)
 .debug_str     0x00000000      0x25e C:\Users\Brian\Desktop\CLARAC~1\SAMIFI~1\SAMIBO~1\SAMIBO~1\ARDUIN~1\Debug\libArduinoCore.a(wiring_analog.o)
 .comment       0x00000000       0x31 C:\Users\Brian\Desktop\CLARAC~1\SAMIFI~1\SAMIBO~1\SAMIBO~1\ARDUIN~1\Debug\libArduinoCore.a(wiring_analog.o)
 .debug_frame   0x00000000       0x54 C:\Users\Brian\Desktop\CLARAC~1\SAMIFI~1\SAMIBO~1\SAMIBO~1\ARDUIN~1\Debug\libArduinoCore.a(wiring_analog.o)
 .text          0x00000000        0x0 C:\Users\Brian\Desktop\CLARAC~1\SAMIFI~1\SAMIBO~1\SAMIBO~1\ARDUIN~1\Debug\libArduinoCore.a(wiring_digital.o)
 .data          0x00000000        0x0 C:\Users\Brian\Desktop\CLARAC~1\SAMIFI~1\SAMIBO~1\SAMIBO~1\ARDUIN~1\Debug\libArduinoCore.a(wiring_digital.o)
 .bss           0x00000000        0x0 C:\Users\Brian\Desktop\CLARAC~1\SAMIFI~1\SAMIBO~1\SAMIBO~1\ARDUIN~1\Debug\libArduinoCore.a(wiring_digital.o)
 .text          0x00000000        0x0 C:\Users\Brian\Desktop\CLARAC~1\SAMIFI~1\SAMIBO~1\SAMIBO~1\ARDUIN~1\Debug\libArduinoCore.a(hooks.o)
 .data          0x00000000        0x0 C:\Users\Brian\Desktop\CLARAC~1\SAMIFI~1\SAMIBO~1\SAMIBO~1\ARDUIN~1\Debug\libArduinoCore.a(hooks.o)
 .bss           0x00000000        0x0 C:\Users\Brian\Desktop\CLARAC~1\SAMIFI~1\SAMIBO~1\SAMIBO~1\ARDUIN~1\Debug\libArduinoCore.a(hooks.o)
 .text.__empty  0x00000000        0x2 C:\Users\Brian\Desktop\CLARAC~1\SAMIFI~1\SAMIBO~1\SAMIBO~1\ARDUIN~1\Debug\libArduinoCore.a(hooks.o)
 .debug_info    0x00000000       0x3e C:\Users\Brian\Desktop\CLARAC~1\SAMIFI~1\SAMIBO~1\SAMIBO~1\ARDUIN~1\Debug\libArduinoCore.a(hooks.o)
 .debug_abbrev  0x00000000       0x2a C:\Users\Brian\Desktop\CLARAC~1\SAMIFI~1\SAMIBO~1\SAMIBO~1\ARDUIN~1\Debug\libArduinoCore.a(hooks.o)
 .debug_aranges
                0x00000000       0x20 C:\Users\Brian\Desktop\CLARAC~1\SAMIFI~1\SAMIBO~1\SAMIBO~1\ARDUIN~1\Debug\libArduinoCore.a(hooks.o)
 .debug_ranges  0x00000000       0x10 C:\Users\Brian\Desktop\CLARAC~1\SAMIFI~1\SAMIBO~1\SAMIBO~1\ARDUIN~1\Debug\libArduinoCore.a(hooks.o)
 .debug_line    0x00000000       0x41 C:\Users\Brian\Desktop\CLARAC~1\SAMIFI~1\SAMIBO~1\SAMIBO~1\ARDUIN~1\Debug\libArduinoCore.a(hooks.o)
 .debug_str     0x00000000      0x14f C:\Users\Brian\Desktop\CLARAC~1\SAMIFI~1\SAMIBO~1\SAMIBO~1\ARDUIN~1\Debug\libArduinoCore.a(hooks.o)
 .comment       0x00000000       0x31 C:\Users\Brian\Desktop\CLARAC~1\SAMIFI~1\SAMIBO~1\SAMIBO~1\ARDUIN~1\Debug\libArduinoCore.a(hooks.o)
 .debug_frame   0x00000000       0x24 C:\Users\Brian\Desktop\CLARAC~1\SAMIFI~1\SAMIBO~1\SAMIBO~1\ARDUIN~1\Debug\libArduinoCore.a(hooks.o)
 .text          0x00000000        0x0 c:/program files (x86)/atmel/studio/7.0/toolchain/avr8/avr8-gnu-toolchain/bin/../lib/gcc/avr/5.4.0/avr5\libgcc.a(_udivmodsi4.o)
 .data          0x00000000        0x0 c:/program files (x86)/atmel/studio/7.0/toolchain/avr8/avr8-gnu-toolchain/bin/../lib/gcc/avr/5.4.0/avr5\libgcc.a(_udivmodsi4.o)
 .bss           0x00000000        0x0 c:/program files (x86)/atmel/studio/7.0/toolchain/avr8/avr8-gnu-toolchain/bin/../lib/gcc/avr/5.4.0/avr5\libgcc.a(_udivmodsi4.o)
 .text.libgcc.mul
                0x00000000        0x0 c:/program files (x86)/atmel/studio/7.0/toolchain/avr8/avr8-gnu-toolchain/bin/../lib/gcc/avr/5.4.0/avr5\libgcc.a(_udivmodsi4.o)
 .text.libgcc.div
                0x00000000       0x44 c:/program files (x86)/atmel/studio/7.0/toolchain/avr8/avr8-gnu-toolchain/bin/../lib/gcc/avr/5.4.0/avr5\libgcc.a(_udivmodsi4.o)
 .text.libgcc   0x00000000        0x0 c:/program files (x86)/atmel/studio/7.0/toolchain/avr8/avr8-gnu-toolchain/bin/../lib/gcc/avr/5.4.0/avr5\libgcc.a(_udivmodsi4.o)
 .text.libgcc.prologue
                0x00000000        0x0 c:/program files (x86)/atmel/studio/7.0/toolchain/avr8/avr8-gnu-toolchain/bin/../lib/gcc/avr/5.4.0/avr5\libgcc.a(_udivmodsi4.o)
 .text.libgcc.builtins
                0x00000000        0x0 c:/program files (x86)/atmel/studio/7.0/toolchain/avr8/avr8-gnu-toolchain/bin/../lib/gcc/avr/5.4.0/avr5\libgcc.a(_udivmodsi4.o)
 .text.libgcc.fmul
                0x00000000        0x0 c:/program files (x86)/atmel/studio/7.0/toolchain/avr8/avr8-gnu-toolchain/bin/../lib/gcc/avr/5.4.0/avr5\libgcc.a(_udivmodsi4.o)
 .text.libgcc.fixed
                0x00000000        0x0 c:/program files (x86)/atmel/studio/7.0/toolchain/avr8/avr8-gnu-toolchain/bin/../lib/gcc/avr/5.4.0/avr5\libgcc.a(_udivmodsi4.o)
 .text          0x00000000        0x0 c:/program files (x86)/atmel/studio/7.0/toolchain/avr8/avr8-gnu-toolchain/bin/../lib/gcc/avr/5.4.0/avr5\libgcc.a(_exit.o)
 .data          0x00000000        0x0 c:/program files (x86)/atmel/studio/7.0/toolchain/avr8/avr8-gnu-toolchain/bin/../lib/gcc/avr/5.4.0/avr5\libgcc.a(_exit.o)
 .bss           0x00000000        0x0 c:/program files (x86)/atmel/studio/7.0/toolchain/avr8/avr8-gnu-toolchain/bin/../lib/gcc/avr/5.4.0/avr5\libgcc.a(_exit.o)
 .text.libgcc.mul
                0x00000000        0x0 c:/program files (x86)/atmel/studio/7.0/toolchain/avr8/avr8-gnu-toolchain/bin/../lib/gcc/avr/5.4.0/avr5\libgcc.a(_exit.o)
 .text.libgcc.div
                0x00000000        0x0 c:/program files (x86)/atmel/studio/7.0/toolchain/avr8/avr8-gnu-toolchain/bin/../lib/gcc/avr/5.4.0/avr5\libgcc.a(_exit.o)
 .text.libgcc   0x00000000        0x0 c:/program files (x86)/atmel/studio/7.0/toolchain/avr8/avr8-gnu-toolchain/bin/../lib/gcc/avr/5.4.0/avr5\libgcc.a(_exit.o)
 .text.libgcc.prologue
                0x00000000        0x0 c:/program files (x86)/atmel/studio/7.0/toolchain/avr8/avr8-gnu-toolchain/bin/../lib/gcc/avr/5.4.0/avr5\libgcc.a(_exit.o)
 .text.libgcc.builtins
                0x00000000        0x0 c:/program files (x86)/atmel/studio/7.0/toolchain/avr8/avr8-gnu-toolchain/bin/../lib/gcc/avr/5.4.0/avr5\libgcc.a(_exit.o)
 .text.libgcc.fmul
                0x00000000        0x0 c:/program files (x86)/atmel/studio/7.0/toolchain/avr8/avr8-gnu-toolchain/bin/../lib/gcc/avr/5.4.0/avr5\libgcc.a(_exit.o)
 .text.libgcc.fixed
                0x00000000        0x0 c:/program files (x86)/atmel/studio/7.0/toolchain/avr8/avr8-gnu-toolchain/bin/../lib/gcc/avr/5.4.0/avr5\libgcc.a(_exit.o)
 .text          0x00000000        0x0 c:/program files (x86)/atmel/studio/7.0/toolchain/avr8/avr8-gnu-toolchain/bin/../lib/gcc/avr/5.4.0/avr5\libgcc.a(_copy_data.o)
 .data          0x00000000        0x0 c:/program files (x86)/atmel/studio/7.0/toolchain/avr8/avr8-gnu-toolchain/bin/../lib/gcc/avr/5.4.0/avr5\libgcc.a(_copy_data.o)
 .bss           0x00000000        0x0 c:/program files (x86)/atmel/studio/7.0/toolchain/avr8/avr8-gnu-toolchain/bin/../lib/gcc/avr/5.4.0/avr5\libgcc.a(_copy_data.o)
 .text.libgcc.mul
                0x00000000        0x0 c:/program files (x86)/atmel/studio/7.0/toolchain/avr8/avr8-gnu-toolchain/bin/../lib/gcc/avr/5.4.0/avr5\libgcc.a(_copy_data.o)
 .text.libgcc.div
                0x00000000        0x0 c:/program files (x86)/atmel/studio/7.0/toolchain/avr8/avr8-gnu-toolchain/bin/../lib/gcc/avr/5.4.0/avr5\libgcc.a(_copy_data.o)
 .text.libgcc   0x00000000        0x0 c:/program files (x86)/atmel/studio/7.0/toolchain/avr8/avr8-gnu-toolchain/bin/../lib/gcc/avr/5.4.0/avr5\libgcc.a(_copy_data.o)
 .text.libgcc.prologue
                0x00000000        0x0 c:/program files (x86)/atmel/studio/7.0/toolchain/avr8/avr8-gnu-toolchain/bin/../lib/gcc/avr/5.4.0/avr5\libgcc.a(_copy_data.o)
 .text.libgcc.builtins
                0x00000000        0x0 c:/program files (x86)/atmel/studio/7.0/toolchain/avr8/avr8-gnu-toolchain/bin/../lib/gcc/avr/5.4.0/avr5\libgcc.a(_copy_data.o)
 .text.libgcc.fmul
                0x00000000        0x0 c:/program files (x86)/atmel/studio/7.0/toolchain/avr8/avr8-gnu-toolchain/bin/../lib/gcc/avr/5.4.0/avr5\libgcc.a(_copy_data.o)
 .text.libgcc.fixed
                0x00000000        0x0 c:/program files (x86)/atmel/studio/7.0/toolchain/avr8/avr8-gnu-toolchain/bin/../lib/gcc/avr/5.4.0/avr5\libgcc.a(_copy_data.o)
 .text          0x00000000        0x0 c:/program files (x86)/atmel/studio/7.0/toolchain/avr8/avr8-gnu-toolchain/bin/../lib/gcc/avr/5.4.0/avr5\libgcc.a(_clear_bss.o)
 .data          0x00000000        0x0 c:/program files (x86)/atmel/studio/7.0/toolchain/avr8/avr8-gnu-toolchain/bin/../lib/gcc/avr/5.4.0/avr5\libgcc.a(_clear_bss.o)
 .bss           0x00000000        0x0 c:/program files (x86)/atmel/studio/7.0/toolchain/avr8/avr8-gnu-toolchain/bin/../lib/gcc/avr/5.4.0/avr5\libgcc.a(_clear_bss.o)
 .text.libgcc.mul
                0x00000000        0x0 c:/program files (x86)/atmel/studio/7.0/toolchain/avr8/avr8-gnu-toolchain/bin/../lib/gcc/avr/5.4.0/avr5\libgcc.a(_clear_bss.o)
 .text.libgcc.div
                0x00000000        0x0 c:/program files (x86)/atmel/studio/7.0/toolchain/avr8/avr8-gnu-toolchain/bin/../lib/gcc/avr/5.4.0/avr5\libgcc.a(_clear_bss.o)
 .text.libgcc   0x00000000        0x0 c:/program files (x86)/atmel/studio/7.0/toolchain/avr8/avr8-gnu-toolchain/bin/../lib/gcc/avr/5.4.0/avr5\libgcc.a(_clear_bss.o)
 .text.libgcc.prologue
                0x00000000        0x0 c:/program files (x86)/atmel/studio/7.0/toolchain/avr8/avr8-gnu-toolchain/bin/../lib/gcc/avr/5.4.0/avr5\libgcc.a(_clear_bss.o)
 .text.libgcc.builtins
                0x00000000        0x0 c:/program files (x86)/atmel/studio/7.0/toolchain/avr8/avr8-gnu-toolchain/bin/../lib/gcc/avr/5.4.0/avr5\libgcc.a(_clear_bss.o)
 .text.libgcc.fmul
                0x00000000        0x0 c:/program files (x86)/atmel/studio/7.0/toolchain/avr8/avr8-gnu-toolchain/bin/../lib/gcc/avr/5.4.0/avr5\libgcc.a(_clear_bss.o)
 .text.libgcc.fixed
                0x00000000        0x0 c:/program files (x86)/atmel/studio/7.0/toolchain/avr8/avr8-gnu-toolchain/bin/../lib/gcc/avr/5.4.0/avr5\libgcc.a(_clear_bss.o)
 .text          0x00000000        0x0 c:/program files (x86)/atmel/studio/7.0/toolchain/avr8/avr8-gnu-toolchain/bin/../lib/gcc/avr/5.4.0/avr5\libgcc.a(_ctors.o)
 .data          0x00000000        0x0 c:/program files (x86)/atmel/studio/7.0/toolchain/avr8/avr8-gnu-toolchain/bin/../lib/gcc/avr/5.4.0/avr5\libgcc.a(_ctors.o)
 .bss           0x00000000        0x0 c:/program files (x86)/atmel/studio/7.0/toolchain/avr8/avr8-gnu-toolchain/bin/../lib/gcc/avr/5.4.0/avr5\libgcc.a(_ctors.o)
 .text.libgcc.mul
                0x00000000        0x0 c:/program files (x86)/atmel/studio/7.0/toolchain/avr8/avr8-gnu-toolchain/bin/../lib/gcc/avr/5.4.0/avr5\libgcc.a(_ctors.o)
 .text.libgcc.div
                0x00000000        0x0 c:/program files (x86)/atmel/studio/7.0/toolchain/avr8/avr8-gnu-toolchain/bin/../lib/gcc/avr/5.4.0/avr5\libgcc.a(_ctors.o)
 .text.libgcc   0x00000000        0x0 c:/program files (x86)/atmel/studio/7.0/toolchain/avr8/avr8-gnu-toolchain/bin/../lib/gcc/avr/5.4.0/avr5\libgcc.a(_ctors.o)
 .text.libgcc.prologue
                0x00000000        0x0 c:/program files (x86)/atmel/studio/7.0/toolchain/avr8/avr8-gnu-toolchain/bin/../lib/gcc/avr/5.4.0/avr5\libgcc.a(_ctors.o)
 .text.libgcc.builtins
                0x00000000        0x0 c:/program files (x86)/atmel/studio/7.0/toolchain/avr8/avr8-gnu-toolchain/bin/../lib/gcc/avr/5.4.0/avr5\libgcc.a(_ctors.o)
 .text.libgcc.fmul
                0x00000000        0x0 c:/program files (x86)/atmel/studio/7.0/toolchain/avr8/avr8-gnu-toolchain/bin/../lib/gcc/avr/5.4.0/avr5\libgcc.a(_ctors.o)
 .text.libgcc.fixed
                0x00000000        0x0 c:/program files (x86)/atmel/studio/7.0/toolchain/avr8/avr8-gnu-toolchain/bin/../lib/gcc/avr/5.4.0/avr5\libgcc.a(_ctors.o)
 .text          0x00000000        0x0 c:/program files (x86)/atmel/studio/7.0/toolchain/avr8/avr8-gnu-toolchain/bin/../lib/gcc/avr/5.4.0/avr5\libgcc.a(_tablejump2.o)
 .data          0x00000000        0x0 c:/program files (x86)/atmel/studio/7.0/toolchain/avr8/avr8-gnu-toolchain/bin/../lib/gcc/avr/5.4.0/avr5\libgcc.a(_tablejump2.o)
 .bss           0x00000000        0x0 c:/program files (x86)/atmel/studio/7.0/toolchain/avr8/avr8-gnu-toolchain/bin/../lib/gcc/avr/5.4.0/avr5\libgcc.a(_tablejump2.o)
 .text.libgcc.mul
                0x00000000        0x0 c:/program files (x86)/atmel/studio/7.0/toolchain/avr8/avr8-gnu-toolchain/bin/../lib/gcc/avr/5.4.0/avr5\libgcc.a(_tablejump2.o)
 .text.libgcc.div
                0x00000000        0x0 c:/program files (x86)/atmel/studio/7.0/toolchain/avr8/avr8-gnu-toolchain/bin/../lib/gcc/avr/5.4.0/avr5\libgcc.a(_tablejump2.o)
 .text.libgcc.prologue
                0x00000000        0x0 c:/program files (x86)/atmel/studio/7.0/toolchain/avr8/avr8-gnu-toolchain/bin/../lib/gcc/avr/5.4.0/avr5\libgcc.a(_tablejump2.o)
 .text.libgcc.builtins
                0x00000000        0x0 c:/program files (x86)/atmel/studio/7.0/toolchain/avr8/avr8-gnu-toolchain/bin/../lib/gcc/avr/5.4.0/avr5\libgcc.a(_tablejump2.o)
 .text.libgcc.fmul
                0x00000000        0x0 c:/program files (x86)/atmel/studio/7.0/toolchain/avr8/avr8-gnu-toolchain/bin/../lib/gcc/avr/5.4.0/avr5\libgcc.a(_tablejump2.o)
 .text.libgcc.fixed
                0x00000000        0x0 c:/program files (x86)/atmel/studio/7.0/toolchain/avr8/avr8-gnu-toolchain/bin/../lib/gcc/avr/5.4.0/avr5\libgcc.a(_tablejump2.o)

Memory Configuration

Name             Origin             Length             Attributes
text             0x00000000         0x00008000         xr
data             0x00800100         0x00000800         rw !x
eeprom           0x00810000         0x00000400         rw !x
fuse             0x00820000         0x00000003         rw !x
lock             0x00830000         0x00000400         rw !x
signature        0x00840000         0x00000400         rw !x
user_signatures  0x00850000         0x00000400         rw !x
*default*        0x00000000         0xffffffff

Linker script and memory map

Address of section .data set to 0x800100
LOAD C:/Program Files (x86)/Atmel/Studio/7.0/Packs/atmel/ATmega_DFP/1.6.364/gcc/dev/atmega328p/avr5/crtatmega328p.o
LOAD Sketch.o
LOAD src/libraries/Wire/src/utility/twi.o
LOAD src/libraries/Wire/src/Wire.o
START GROUP
LOAD c:/program files (x86)/atmel/studio/7.0/toolchain/avr8/avr8-gnu-toolchain/bin/../lib/gcc/avr/5.4.0/../../../../avr/lib/avr5\libm.a
LOAD C:\Users\Brian\Desktop\CLARAC~1\SAMIFI~1\SAMIBO~1\SAMIBO~1\ARDUIN~1\Debug\libArduinoCore.a
END GROUP
LOAD c:/program files (x86)/atmel/studio/7.0/toolchain/avr8/avr8-gnu-toolchain/bin/../lib/gcc/avr/5.4.0/avr5\libgcc.a
LOAD c:/program files (x86)/atmel/studio/7.0/toolchain/avr8/avr8-gnu-toolchain/bin/../lib/gcc/avr/5.4.0/../../../../avr/lib/avr5\libm.a
START GROUP
LOAD c:/program files (x86)/atmel/studio/7.0/toolchain/avr8/avr8-gnu-toolchain/bin/../lib/gcc/avr/5.4.0/avr5\libgcc.a
LOAD c:/program files (x86)/atmel/studio/7.0/toolchain/avr8/avr8-gnu-toolchain/bin/../lib/gcc/avr/5.4.0/../../../../avr/lib/avr5\libm.a
LOAD c:/program files (x86)/atmel/studio/7.0/toolchain/avr8/avr8-gnu-toolchain/bin/../lib/gcc/avr/5.4.0/../../../../avr/lib/avr5\libc.a
LOAD C:/Program Files (x86)/Atmel/Studio/7.0/Packs/atmel/ATmega_DFP/1.6.364/gcc/dev/atmega328p/avr5\libatmega328p.a
END GROUP
                0x00000000                __TEXT_REGION_ORIGIN__ = DEFINED (__TEXT_REGION_ORIGIN__)?__TEXT_REGION_ORIGIN__:0x0
                [0x00800100]                __DATA_REGION_ORIGIN__ = DEFINED (__DATA_REGION_ORIGIN__)?__DATA_REGION_ORIGIN__:0x800060
                [0x00008000]                __TEXT_REGION_LENGTH__ = DEFINED (__TEXT_REGION_LENGTH__)?__TEXT_REGION_LENGTH__:0x20000
                [0x00000800]                __DATA_REGION_LENGTH__ = DEFINED (__DATA_REGION_LENGTH__)?__DATA_REGION_LENGTH__:0xffa0
                [0x00000400]                __EEPROM_REGION_LENGTH__ = DEFINED (__EEPROM_REGION_LENGTH__)?__EEPROM_REGION_LENGTH__:0x10000
                [0x00000003]                __FUSE_REGION_LENGTH__ = DEFINED (__FUSE_REGION_LENGTH__)?__FUSE_REGION_LENGTH__:0x400
                0x00000400                __LOCK_REGION_LENGTH__ = DEFINED (__LOCK_REGION_LENGTH__)?__LOCK_REGION_LENGTH__:0x400
                0x00000400                __SIGNATURE_REGION_LENGTH__ = DEFINED (__SIGNATURE_REGION_LENGTH__)?__SIGNATURE_REGION_LENGTH__:0x400
                0x00000400                __USER_SIGNATURE_REGION_LENGTH__ = DEFINED (__USER_SIGNATURE_REGION_LENGTH__)?__USER_SIGNATURE_REGION_LENGTH__:0x400

.hash
 *(.hash)

.dynsym
 *(.dynsym)

.dynstr
 *(.dynstr)

.gnu.version
 *(.gnu.version)

.gnu.version_d
 *(.gnu.version_d)

.gnu.version_r
 *(.gnu.version_r)

.rel.init
 *(.rel.init)

.rela.init
 *(.rela.init)

.rel.text
 *(.rel.text)
 *(.rel.text.*)
 *(.rel.gnu.linkonce.t*)

.rela.text
 *(.rela.text)
 *(.rela.text.*)
 *(.rela.gnu.linkonce.t*)

.rel.fini
 *(.rel.fini)

.rela.fini
 *(.rela.fini)

.rel.rodata
 *(.rel.rodata)
 *(.rel.rodata.*)
 *(.rel.gnu.linkonce.r*)

.rela.rodata
 *(.rela.rodata)
 *(.rela.rodata.*)
 *(.rela.gnu.linkonce.r*)

.rel.data
 *(.rel.data)
 *(.rel.data.*)
 *(.rel.gnu.linkonce.d*)

.rela.data
 *(.rela.data)
 *(.rela.data.*)
 *(.rela.gnu.linkonce.d*)

.rel.ctors
 *(.rel.ctors)

.rela.ctors
 *(.rela.ctors)

.rel.dtors
 *(.rel.dtors)

.rela.dtors
 *(.rela.dtors)

.rel.got
 *(.rel.got)

.rela.got
 *(.rela.got)

.rel.bss
 *(.rel.bss)

.rela.bss
 *(.rela.bss)

.rel.plt
 *(.rel.plt)

.rela.plt
 *(.rela.plt)

.text           0x00000000      0xa84
 *(.vectors)
 .vectors       0x00000000       0x68 C:/Program Files (x86)/Atmel/Studio/7.0/Packs/atmel/ATmega_DFP/1.6.364/gcc/dev/atmega328p/avr5/crtatmega328p.o
                0x00000000                __vector_default
                0x00000000                __vectors
 *(.vectors)
 *(.progmem.gcc*)
                0x00000068                . = ALIGN (0x2)
                0x00000068                __trampolines_start = .
 *(.trampolines)
 .trampolines   0x00000068        0x0 linker stubs
 *(.trampolines*)
                0x00000068                __trampolines_end = .
 *libprintf_flt.a:*(.progmem.data)
 *libc.a:*(.progmem.data)
 *(.progmem*)
 .progmem.data.digital_pin_to_timer_PGM
                0x00000068       0x14 C:\Users\Brian\Desktop\CLARAC~1\SAMIFI~1\SAMIBO~1\SAMIBO~1\ARDUIN~1\Debug\libArduinoCore.a(wiring_digital.o)
                0x00000068                digital_pin_to_timer_PGM
 .progmem.data.digital_pin_to_bit_mask_PGM
                0x0000007c       0x14 C:\Users\Brian\Desktop\CLARAC~1\SAMIFI~1\SAMIBO~1\SAMIBO~1\ARDUIN~1\Debug\libArduinoCore.a(wiring_digital.o)
                0x0000007c                digital_pin_to_bit_mask_PGM
 .progmem.data.digital_pin_to_port_PGM
                0x00000090       0x14 C:\Users\Brian\Desktop\CLARAC~1\SAMIFI~1\SAMIBO~1\SAMIBO~1\ARDUIN~1\Debug\libArduinoCore.a(wiring_digital.o)
                0x00000090                digital_pin_to_port_PGM
 .progmem.data.port_to_input_PGM
                0x000000a4        0xa C:\Users\Brian\Desktop\CLARAC~1\SAMIFI~1\SAMIBO~1\SAMIBO~1\ARDUIN~1\Debug\libArduinoCore.a(wiring_digital.o)
                0x000000a4                port_to_input_PGM
 .progmem.data.port_to_output_PGM
                0x000000ae        0xa C:\Users\Brian\Desktop\CLARAC~1\SAMIFI~1\SAMIBO~1\SAMIBO~1\ARDUIN~1\Debug\libArduinoCore.a(wiring_digital.o)
                0x000000ae                port_to_output_PGM
 .progmem.data.port_to_mode_PGM
                0x000000b8        0xa C:\Users\Brian\Desktop\CLARAC~1\SAMIFI~1\SAMIBO~1\SAMIBO~1\ARDUIN~1\Debug\libArduinoCore.a(wiring_digital.o)
                0x000000b8                port_to_mode_PGM
                0x000000c2                . = ALIGN (0x2)
 *(.jumptables)
 *(.jumptables*)
 *(.lowtext)
 *(.lowtext*)
                0x000000c2                __ctors_start = .
 *(.ctors)
 .ctors         0x000000c2        0x2 src/libraries/Wire/src/Wire.o
                0x000000c4                __ctors_end = .
                0x000000c4                __dtors_start = .
 *(.dtors)
                0x000000c4                __dtors_end = .
 SORT(*)(.ctors)
 SORT(*)(.dtors)
 *(.init0)
 .init0         0x000000c4        0x0 C:/Program Files (x86)/Atmel/Studio/7.0/Packs/atmel/ATmega_DFP/1.6.364/gcc/dev/atmega328p/avr5/crtatmega328p.o
                0x000000c4                __init
 *(.init0)
 *(.init1)
 *(.init1)
 *(.init2)
 .init2         0x000000c4        0xc C:/Program Files (x86)/Atmel/Studio/7.0/Packs/atmel/ATmega_DFP/1.6.364/gcc/dev/atmega328p/avr5/crtatmega328p.o
 *(.init2)
 *(.init3)
 *(.init3)
 *(.init4)
 .init4         0x000000d0       0x16 c:/program files (x86)/atmel/studio/7.0/toolchain/avr8/avr8-gnu-toolchain/bin/../lib/gcc/avr/5.4.0/avr5\libgcc.a(_copy_data.o)
                0x000000d0                __do_copy_data
 .init4         0x000000e6       0x10 c:/program files (x86)/atmel/studio/7.0/toolchain/avr8/avr8-gnu-toolchain/bin/../lib/gcc/avr/5.4.0/avr5\libgcc.a(_clear_bss.o)
                0x000000e6                __do_clear_bss
 *(.init4)
 *(.init5)
 *(.init5)
 *(.init6)
 .init6         0x000000f6       0x16 c:/program files (x86)/atmel/studio/7.0/toolchain/avr8/avr8-gnu-toolchain/bin/../lib/gcc/avr/5.4.0/avr5\libgcc.a(_ctors.o)
                0x000000f6                __do_global_ctors
 *(.init6)
 *(.init7)
 *(.init7)
 *(.init8)
 *(.init8)
 *(.init9)
 .init9         0x0000010c        0x8 C:/Program Files (x86)/Atmel/Studio/7.0/Packs/atmel/ATmega_DFP/1.6.364/gcc/dev/atmega328p/avr5/crtatmega328p.o
 *(.init9)
 *(.text)
 .text          0x00000114        0x4 C:/Program Files (x86)/Atmel/Studio/7.0/Packs/atmel/ATmega_DFP/1.6.364/gcc/dev/atmega328p/avr5/crtatmega328p.o
                0x00000114                __vector_22
                0x00000114                __vector_12
                0x00000114                __bad_interrupt
                0x00000114                __vector_6
                0x00000114                __vector_3
                0x00000114                __vector_23
                0x00000114                __vector_25
                0x00000114                __vector_11
                0x00000114                __vector_13
                0x00000114                __vector_17
                0x00000114                __vector_19
                0x00000114                __vector_7
                0x00000114                __vector_5
                0x00000114                __vector_4
                0x00000114                __vector_9
                0x00000114                __vector_21
                0x00000114                __vector_15
                0x00000114                __vector_8
                0x00000114                __vector_14
                0x00000114                __vector_10
                0x00000114                __vector_18
                0x00000114                __vector_20
                0x00000118                . = ALIGN (0x2)
 *(.text.*)
 .text._Z10encoderISRv
                0x00000118       0x5a Sketch.o
                0x00000118                _Z10encoderISRv
 .text.setup    0x00000172       0x44 Sketch.o
                0x00000172                setup
 .text._Z7forwardv
                0x000001b6       0x20 Sketch.o
                0x000001b6                _Z7forwardv
 .text._Z7reversev
                0x000001d6       0x20 Sketch.o
                0x000001d6                _Z7reversev
 .text.loop     0x000001f6       0xdc Sketch.o
                0x000001f6                loop
 .text.twi_transmit
                0x000002d2       0x50 src/libraries/Wire/src/utility/twi.o
                0x000002d2                twi_transmit
 .text.twi_stop
                0x00000322       0x14 src/libraries/Wire/src/utility/twi.o
                0x00000322                twi_stop
 .text.twi_releaseBus
                0x00000336        0xc src/libraries/Wire/src/utility/twi.o
                0x00000336                twi_releaseBus
 .text.__vector_24
                0x00000342      0x25a src/libraries/Wire/src/utility/twi.o
                0x00000342                __vector_24
 .text._ZN5Print17availableForWriteEv
                0x0000059c        0x6 src/libraries/Wire/src/Wire.o
                0x0000059c                _ZN5Print17availableForWriteEv
 .text._ZN7TwoWire9availableEv
                0x000005a2       0x10 src/libraries/Wire/src/Wire.o
                0x000005a2                _ZN7TwoWire9availableEv
 .text._ZN7TwoWire4readEv
                0x000005b2       0x28 src/libraries/Wire/src/Wire.o
                0x000005b2                _ZN7TwoWire4readEv
 .text._ZN7TwoWire4peekEv
                0x000005da       0x1e src/libraries/Wire/src/Wire.o
                0x000005da                _ZN7TwoWire4peekEv
 .text._ZN7TwoWire5flushEv
                0x000005f8        0x2 src/libraries/Wire/src/Wire.o
                0x000005f8                _ZN7TwoWire5flushEv
 .text._ZN7TwoWire5writeEPKhj
                0x000005fa       0x5a src/libraries/Wire/src/Wire.o
                0x000005fa                _ZN7TwoWire5writeEPKhj
 .text._ZN7TwoWire5writeEh
                0x00000654       0x5e src/libraries/Wire/src/Wire.o
                0x00000654                _ZN7TwoWire5writeEh
 .text._ZN7TwoWireC2Ev
                0x000006b2       0x20 src/libraries/Wire/src/Wire.o
                0x000006b2                _ZN7TwoWireC1Ev
                0x000006b2                _ZN7TwoWireC2Ev
 .text.startup._GLOBAL__sub_I__ZN7TwoWire8rxBufferE
                0x000006d2        0x8 src/libraries/Wire/src/Wire.o
 .text.initVariant
                0x000006da        0x2 C:\Users\Brian\Desktop\CLARAC~1\SAMIFI~1\SAMIBO~1\SAMIBO~1\ARDUIN~1\Debug\libArduinoCore.a(main.o)
                0x000006da                initVariant
 .text.startup.main
                0x000006dc       0x1e C:\Users\Brian\Desktop\CLARAC~1\SAMIFI~1\SAMIBO~1\SAMIBO~1\ARDUIN~1\Debug\libArduinoCore.a(main.o)
                0x000006dc                main
 .text.nothing  0x000006fa        0x2 C:\Users\Brian\Desktop\CLARAC~1\SAMIFI~1\SAMIBO~1\SAMIBO~1\ARDUIN~1\Debug\libArduinoCore.a(WInterrupts.o)
 .text.attachInterrupt
                0x000006fc       0x40 C:\Users\Brian\Desktop\CLARAC~1\SAMIFI~1\SAMIBO~1\SAMIBO~1\ARDUIN~1\Debug\libArduinoCore.a(WInterrupts.o)
                0x000006fc                attachInterrupt
 .text.__vector_1
                0x0000073c       0x4e C:\Users\Brian\Desktop\CLARAC~1\SAMIFI~1\SAMIBO~1\SAMIBO~1\ARDUIN~1\Debug\libArduinoCore.a(WInterrupts.o)
                0x0000073c                __vector_1
 .text.__vector_2
                0x0000078a       0x4e C:\Users\Brian\Desktop\CLARAC~1\SAMIFI~1\SAMIBO~1\SAMIBO~1\ARDUIN~1\Debug\libArduinoCore.a(WInterrupts.o)
                0x0000078a                __vector_2
 .text.__vector_16
                0x000007d8       0x94 C:\Users\Brian\Desktop\CLARAC~1\SAMIFI~1\SAMIBO~1\SAMIBO~1\ARDUIN~1\Debug\libArduinoCore.a(wiring.o)
                0x000007d8                __vector_16
 .text.millis   0x0000086c       0x18 C:\Users\Brian\Desktop\CLARAC~1\SAMIFI~1\SAMIBO~1\SAMIBO~1\ARDUIN~1\Debug\libArduinoCore.a(wiring.o)
                0x0000086c                millis
 .text.init     0x00000884       0x76 C:\Users\Brian\Desktop\CLARAC~1\SAMIFI~1\SAMIBO~1\SAMIBO~1\ARDUIN~1\Debug\libArduinoCore.a(wiring.o)
                0x00000884                init
 .text.turnOffPWM
                0x000008fa       0x52 C:\Users\Brian\Desktop\CLARAC~1\SAMIFI~1\SAMIBO~1\SAMIBO~1\ARDUIN~1\Debug\libArduinoCore.a(wiring_digital.o)
 .text.pinMode  0x0000094c       0x78 C:\Users\Brian\Desktop\CLARAC~1\SAMIFI~1\SAMIBO~1\SAMIBO~1\ARDUIN~1\Debug\libArduinoCore.a(wiring_digital.o)
                0x0000094c                pinMode
 .text.digitalWrite
                0x000009c4       0x5e C:\Users\Brian\Desktop\CLARAC~1\SAMIFI~1\SAMIBO~1\SAMIBO~1\ARDUIN~1\Debug\libArduinoCore.a(wiring_digital.o)
                0x000009c4                digitalWrite
 .text.digitalRead
                0x00000a22       0x52 C:\Users\Brian\Desktop\CLARAC~1\SAMIFI~1\SAMIBO~1\SAMIBO~1\ARDUIN~1\Debug\libArduinoCore.a(wiring_digital.o)
                0x00000a22                digitalRead
 .text.libgcc   0x00000a74        0xc c:/program files (x86)/atmel/studio/7.0/toolchain/avr8/avr8-gnu-toolchain/bin/../lib/gcc/avr/5.4.0/avr5\libgcc.a(_tablejump2.o)
                0x00000a74                __tablejump2__
                0x00000a80                . = ALIGN (0x2)
 *(.fini9)
 .fini9         0x00000a80        0x0 c:/program files (x86)/atmel/studio/7.0/toolchain/avr8/avr8-gnu-toolchain/bin/../lib/gcc/avr/5.4.0/avr5\libgcc.a(_exit.o)
                0x00000a80                _exit
                0x00000a80                exit
 *(.fini9)
 *(.fini8)
 *(.fini8)
 *(.fini7)
 *(.fini7)
 *(.fini6)
 *(.fini6)
 *(.fini5)
 *(.fini5)
 *(.fini4)
 *(.fini4)
 *(.fini3)
 *(.fini3)
 *(.fini2)
 *(.fini2)
 *(.fini1)
 *(.fini1)
 *(.fini0)
 .fini0         0x00000a80        0x4 c:/program files (x86)/atmel/studio/7.0/toolchain/avr8/avr8-gnu-toolchain/bin/../lib/gcc/avr/5.4.0/avr5\libgcc.a(_exit.o)
 *(.fini0)
                0x00000a84                _etext = .

.data           0x00800100       0x26 load address 0x00000a84
                0x00800100                PROVIDE (__data_start, .)
 *(.data)
 *(.data*)
 .data.encoderArray
                0x00800100       0x10 Sketch.o
                0x00800100                encoderArray
 .data.intFunc  0x00800110        0x4 C:\Users\Brian\Desktop\CLARAC~1\SAMIFI~1\SAMIBO~1\SAMIBO~1\ARDUIN~1\Debug\libArduinoCore.a(WInterrupts.o)
 *(.gnu.linkonce.d*)
 *(.rodata)
 *(.rodata*)
 .rodata._ZTV7TwoWire
                0x00800114       0x12 src/libraries/Wire/src/Wire.o
                0x00800114                _ZTV7TwoWire
 *(.gnu.linkonce.r*)
                0x00800126                . = ALIGN (0x2)
                0x00800126                _edata = .
                0x00800126                PROVIDE (__data_end, .)

.bss            0x00800126       0xcc
                0x00800126                PROVIDE (__bss_start, .)
 *(.bss)
 *(.bss*)
 .bss.oldValue  0x00800126        0x2 Sketch.o
                0x00800126                oldValue
 .bss.errorCount
                0x00800128        0x2 Sketch.o
                0x00800128                errorCount
 .bss.twi_error
                0x0080012a        0x1 src/libraries/Wire/src/utility/twi.o
 .bss.twi_rxBufferIndex
                0x0080012b        0x1 src/libraries/Wire/src/utility/twi.o
 .bss.twi_rxBuffer
                0x0080012c       0x20 src/libraries/Wire/src/utility/twi.o
 .bss.twi_txBufferLength
                0x0080014c        0x1 src/libraries/Wire/src/utility/twi.o
 .bss.twi_txBufferIndex
                0x0080014d        0x1 src/libraries/Wire/src/utility/twi.o
 .bss.twi_txBuffer
                0x0080014e       0x20 src/libraries/Wire/src/utility/twi.o
 .bss.twi_masterBufferLength
                0x0080016e        0x1 src/libraries/Wire/src/utility/twi.o
 .bss.twi_masterBufferIndex
                0x0080016f        0x1 src/libraries/Wire/src/utility/twi.o
 .bss.twi_masterBuffer
                0x00800170       0x20 src/libraries/Wire/src/utility/twi.o
 .bss.twi_onSlaveReceive
                0x00800190        0x2 src/libraries/Wire/src/utility/twi.o
 .bss.twi_onSlaveTransmit
                0x00800192        0x2 src/libraries/Wire/src/utility/twi.o
 .bss.twi_inRepStart
                0x00800194        0x1 src/libraries/Wire/src/utility/twi.o
 .bss.twi_sendStop
                0x00800195        0x1 src/libraries/Wire/src/utility/twi.o
 .bss.twi_slarw
                0x00800196        0x1 src/libraries/Wire/src/utility/twi.o
 .bss.twi_state
                0x00800197        0x1 src/libraries/Wire/src/utility/twi.o
 .bss.Wire      0x00800198        0xc src/libraries/Wire/src/Wire.o
                0x00800198                Wire
 .bss._ZN7TwoWire12transmittingE
                0x008001a4        0x1 src/libraries/Wire/src/Wire.o
                0x008001a4                _ZN7TwoWire12transmittingE
 .bss._ZN7TwoWire14txBufferLengthE
                0x008001a5        0x1 src/libraries/Wire/src/Wire.o
                0x008001a5                _ZN7TwoWire14txBufferLengthE
 .bss._ZN7TwoWire13txBufferIndexE
                0x008001a6        0x1 src/libraries/Wire/src/Wire.o
                0x008001a6                _ZN7TwoWire13txBufferIndexE
 .bss._ZN7TwoWire8txBufferE
                0x008001a7       0x20 src/libraries/Wire/src/Wire.o
                0x008001a7                _ZN7TwoWire8txBufferE
 .bss._ZN7TwoWire14rxBufferLengthE
                0x008001c7        0x1 src/libraries/Wire/src/Wire.o
                0x008001c7                _ZN7TwoWire14rxBufferLengthE
 .bss._ZN7TwoWire13rxBufferIndexE
                0x008001c8        0x1 src/libraries/Wire/src/Wire.o
                0x008001c8                _ZN7TwoWire13rxBufferIndexE
 .bss._ZN7TwoWire8rxBufferE
                0x008001c9       0x20 src/libraries/Wire/src/Wire.o
                0x008001c9                _ZN7TwoWire8rxBufferE
 .bss.timer0_fract
                0x008001e9        0x1 C:\Users\Brian\Desktop\CLARAC~1\SAMIFI~1\SAMIBO~1\SAMIBO~1\ARDUIN~1\Debug\libArduinoCore.a(wiring.o)
 .bss.timer0_millis
                0x008001ea        0x4 C:\Users\Brian\Desktop\CLARAC~1\SAMIFI~1\SAMIBO~1\SAMIBO~1\ARDUIN~1\Debug\libArduinoCore.a(wiring.o)
                0x008001ea                timer0_millis
 .bss.timer0_overflow_count
                0x008001ee        0x4 C:\Users\Brian\Desktop\CLARAC~1\SAMIFI~1\SAMIBO~1\SAMIBO~1\ARDUIN~1\Debug\libArduinoCore.a(wiring.o)
                0x008001ee                timer0_overflow_count
 *(COMMON)
                0x008001f2                PROVIDE (__bss_end, .)
                0x00000a84                __data_load_start = LOADADDR (.data)
                0x00000aaa                __data_load_end = (__data_load_start + SIZEOF (.data))

.noinit         0x008001f2        0x0
                [!provide]                PROVIDE (__noinit_start, .)
 *(.noinit*)
                [!provide]                PROVIDE (__noinit_end, .)
                0x008001f2                _end = .
                [!provide]                PROVIDE (__heap_start, .)

.eeprom         0x00810000        0x0
 *(.eeprom*)
                0x00810000                __eeprom_end = .

.fuse
 *(.fuse)
 *(.lfuse)
 *(.hfuse)
 *(.efuse)

.lock
 *(.lock*)

.signature
 *(.signature*)

.user_signatures
 *(.user_signatures*)

.stab
 *(.stab)

.stabstr
 *(.stabstr)

.stab.excl
 *(.stab.excl)

.stab.exclstr
 *(.stab.exclstr)

.stab.index
 *(.stab.index)

.stab.indexstr
 *(.stab.indexstr)

.comment        0x00000000       0x30
 *(.comment)
 .comment       0x00000000       0x30 Sketch.o
                                 0x31 (size before relaxing)
 .comment       0x00000030       0x31 src/libraries/Wire/src/utility/twi.o
 .comment       0x00000030       0x31 src/libraries/Wire/src/Wire.o
 .comment       0x00000030       0x31 C:\Users\Brian\Desktop\CLARAC~1\SAMIFI~1\SAMIBO~1\SAMIBO~1\ARDUIN~1\Debug\libArduinoCore.a(main.o)
 .comment       0x00000030       0x31 C:\Users\Brian\Desktop\CLARAC~1\SAMIFI~1\SAMIBO~1\SAMIBO~1\ARDUIN~1\Debug\libArduinoCore.a(WInterrupts.o)
 .comment       0x00000030       0x31 C:\Users\Brian\Desktop\CLARAC~1\SAMIFI~1\SAMIBO~1\SAMIBO~1\ARDUIN~1\Debug\libArduinoCore.a(wiring.o)
 .comment       0x00000030       0x31 C:\Users\Brian\Desktop\CLARAC~1\SAMIFI~1\SAMIBO~1\SAMIBO~1\ARDUIN~1\Debug\libArduinoCore.a(wiring_digital.o)

.note.gnu.avr.deviceinfo
                0x00000000       0x40
 .note.gnu.avr.deviceinfo
                0x00000000       0x40 C:/Program Files (x86)/Atmel/Studio/7.0/Packs/atmel/ATmega_DFP/1.6.364/gcc/dev/atmega328p/avr5/crtatmega328p.o

.note.gnu.build-id
 *(.note.gnu.build-id)

.debug
 *(.debug)

.line
 *(.line)

.debug_srcinfo
 *(.debug_srcinfo)

.debug_sfnames
 *(.debug_sfnames)

.debug_aranges  0x00000000      0x2b0
 *(.debug_aranges)
 .debug_aranges
                0x00000000       0x48 Sketch.o
 .debug_aranges
                0x00000048       0x80 src/libraries/Wire/src/utility/twi.o
 .debug_aranges
                0x000000c8       0xf8 src/libraries/Wire/src/Wire.o
 .debug_aranges
                0x000001c0       0x30 C:\Users\Brian\Desktop\CLARAC~1\SAMIFI~1\SAMIBO~1\SAMIBO~1\ARDUIN~1\Debug\libArduinoCore.a(main.o)
 .debug_aranges
                0x000001f0       0x40 C:\Users\Brian\Desktop\CLARAC~1\SAMIFI~1\SAMIBO~1\SAMIBO~1\ARDUIN~1\Debug\libArduinoCore.a(WInterrupts.o)
 .debug_aranges
                0x00000230       0x48 C:\Users\Brian\Desktop\CLARAC~1\SAMIFI~1\SAMIBO~1\SAMIBO~1\ARDUIN~1\Debug\libArduinoCore.a(wiring.o)
 .debug_aranges
                0x00000278       0x38 C:\Users\Brian\Desktop\CLARAC~1\SAMIFI~1\SAMIBO~1\SAMIBO~1\ARDUIN~1\Debug\libArduinoCore.a(wiring_digital.o)

.debug_pubnames
 *(.debug_pubnames)

.debug_info     0x00000000     0x4710
 *(.debug_info .gnu.linkonce.wi.*)
 .debug_info    0x00000000      0x5f4 C:/Program Files (x86)/Atmel/Studio/7.0/Packs/atmel/ATmega_DFP/1.6.364/gcc/dev/atmega328p/avr5/crtatmega328p.o
 .debug_info    0x000005f4      0x648 Sketch.o
 .debug_info    0x00000c3c      0x604 src/libraries/Wire/src/utility/twi.o
 .debug_info    0x00001240     0x27b4 src/libraries/Wire/src/Wire.o
 .debug_info    0x000039f4      0x237 C:\Users\Brian\Desktop\CLARAC~1\SAMIFI~1\SAMIBO~1\SAMIBO~1\ARDUIN~1\Debug\libArduinoCore.a(main.o)
 .debug_info    0x00003c2b      0x21c C:\Users\Brian\Desktop\CLARAC~1\SAMIFI~1\SAMIBO~1\SAMIBO~1\ARDUIN~1\Debug\libArduinoCore.a(WInterrupts.o)
 .debug_info    0x00003e47      0x2cb C:\Users\Brian\Desktop\CLARAC~1\SAMIFI~1\SAMIBO~1\SAMIBO~1\ARDUIN~1\Debug\libArduinoCore.a(wiring.o)
 .debug_info    0x00004112      0x5fe C:\Users\Brian\Desktop\CLARAC~1\SAMIFI~1\SAMIBO~1\SAMIBO~1\ARDUIN~1\Debug\libArduinoCore.a(wiring_digital.o)

.debug_abbrev   0x00000000     0x13fa
 *(.debug_abbrev)
 .debug_abbrev  0x00000000      0x5a2 C:/Program Files (x86)/Atmel/Studio/7.0/Packs/atmel/ATmega_DFP/1.6.364/gcc/dev/atmega328p/avr5/crtatmega328p.o
 .debug_abbrev  0x000005a2      0x1ad Sketch.o
 .debug_abbrev  0x0000074f      0x260 src/libraries/Wire/src/utility/twi.o
 .debug_abbrev  0x000009af      0x581 src/libraries/Wire/src/Wire.o
 .debug_abbrev  0x00000f30      0x12d C:\Users\Brian\Desktop\CLARAC~1\SAMIFI~1\SAMIBO~1\SAMIBO~1\ARDUIN~1\Debug\libArduinoCore.a(main.o)
 .debug_abbrev  0x0000105d       0xfc C:\Users\Brian\Desktop\CLARAC~1\SAMIFI~1\SAMIBO~1\SAMIBO~1\ARDUIN~1\Debug\libArduinoCore.a(WInterrupts.o)
 .debug_abbrev  0x00001159      0x146 C:\Users\Brian\Desktop\CLARAC~1\SAMIFI~1\SAMIBO~1\SAMIBO~1\ARDUIN~1\Debug\libArduinoCore.a(wiring.o)
 .debug_abbrev  0x0000129f      0x15b C:\Users\Brian\Desktop\CLARAC~1\SAMIFI~1\SAMIBO~1\SAMIBO~1\ARDUIN~1\Debug\libArduinoCore.a(wiring_digital.o)

.debug_line     0x00000000     0x1742
 *(.debug_line .debug_line.* .debug_line_end)
 .debug_line    0x00000000      0x134 C:/Program Files (x86)/Atmel/Studio/7.0/Packs/atmel/ATmega_DFP/1.6.364/gcc/dev/atmega328p/avr5/crtatmega328p.o
 .debug_line    0x00000134      0x294 Sketch.o
 .debug_line    0x000003c8      0x52e src/libraries/Wire/src/utility/twi.o
 .debug_line    0x000008f6      0x608 src/libraries/Wire/src/Wire.o
 .debug_line    0x00000efe      0x17a C:\Users\Brian\Desktop\CLARAC~1\SAMIFI~1\SAMIBO~1\SAMIBO~1\ARDUIN~1\Debug\libArduinoCore.a(main.o)
 .debug_line    0x00001078      0x1b5 C:\Users\Brian\Desktop\CLARAC~1\SAMIFI~1\SAMIBO~1\SAMIBO~1\ARDUIN~1\Debug\libArduinoCore.a(WInterrupts.o)
 .debug_line    0x0000122d      0x2ae C:\Users\Brian\Desktop\CLARAC~1\SAMIFI~1\SAMIBO~1\SAMIBO~1\ARDUIN~1\Debug\libArduinoCore.a(wiring.o)
 .debug_line    0x000014db      0x267 C:\Users\Brian\Desktop\CLARAC~1\SAMIFI~1\SAMIBO~1\SAMIBO~1\ARDUIN~1\Debug\libArduinoCore.a(wiring_digital.o)

.debug_frame    0x00000000      0x6d4
 *(.debug_frame)
 .debug_frame   0x00000000       0x94 Sketch.o
 .debug_frame   0x00000094      0x134 src/libraries/Wire/src/utility/twi.o
 .debug_frame   0x000001c8      0x284 src/libraries/Wire/src/Wire.o
 .debug_frame   0x0000044c       0x54 C:\Users\Brian\Desktop\CLARAC~1\SAMIFI~1\SAMIBO~1\SAMIBO~1\ARDUIN~1\Debug\libArduinoCore.a(main.o)
 .debug_frame   0x000004a0       0xf4 C:\Users\Brian\Desktop\CLARAC~1\SAMIFI~1\SAMIBO~1\SAMIBO~1\ARDUIN~1\Debug\libArduinoCore.a(WInterrupts.o)
 .debug_frame   0x00000594       0xc4 C:\Users\Brian\Desktop\CLARAC~1\SAMIFI~1\SAMIBO~1\SAMIBO~1\ARDUIN~1\Debug\libArduinoCore.a(wiring.o)
 .debug_frame   0x00000658       0x7c C:\Users\Brian\Desktop\CLARAC~1\SAMIFI~1\SAMIBO~1\SAMIBO~1\ARDUIN~1\Debug\libArduinoCore.a(wiring_digital.o)

.debug_str      0x00000000     0x2025
 *(.debug_str)
 .debug_str     0x00000000      0x208 C:/Program Files (x86)/Atmel/Studio/7.0/Packs/atmel/ATmega_DFP/1.6.364/gcc/dev/atmega328p/avr5/crtatmega328p.o
 .debug_str     0x00000208      0x38f Sketch.o
                                0x3d6 (size before relaxing)
 .debug_str     0x00000597      0x2d9 src/libraries/Wire/src/utility/twi.o
                                0x3e2 (size before relaxing)
 .debug_str     0x00000870     0x1532 src/libraries/Wire/src/Wire.o
                               0x18d9 (size before relaxing)
 .debug_str     0x00001da2       0xbf C:\Users\Brian\Desktop\CLARAC~1\SAMIFI~1\SAMIBO~1\SAMIBO~1\ARDUIN~1\Debug\libArduinoCore.a(main.o)
                                0x2c4 (size before relaxing)
 .debug_str     0x00001e61       0x77 C:\Users\Brian\Desktop\CLARAC~1\SAMIFI~1\SAMIBO~1\SAMIBO~1\ARDUIN~1\Debug\libArduinoCore.a(WInterrupts.o)
                                0x247 (size before relaxing)
 .debug_str     0x00001ed8       0x85 C:\Users\Brian\Desktop\CLARAC~1\SAMIFI~1\SAMIBO~1\SAMIBO~1\ARDUIN~1\Debug\libArduinoCore.a(wiring.o)
                                0x25a (size before relaxing)
 .debug_str     0x00001f5d       0xc8 C:\Users\Brian\Desktop\CLARAC~1\SAMIFI~1\SAMIBO~1\SAMIBO~1\ARDUIN~1\Debug\libArduinoCore.a(wiring_digital.o)
                                0x2bf (size before relaxing)

.debug_loc      0x00000000     0x1b3d
 *(.debug_loc)
 .debug_loc     0x00000000       0x9c Sketch.o
 .debug_loc     0x0000009c      0x3e6 src/libraries/Wire/src/utility/twi.o
 .debug_loc     0x00000482      0xbfd src/libraries/Wire/src/Wire.o
 .debug_loc     0x0000107f      0x235 C:\Users\Brian\Desktop\CLARAC~1\SAMIFI~1\SAMIBO~1\SAMIBO~1\ARDUIN~1\Debug\libArduinoCore.a(WInterrupts.o)
 .debug_loc     0x000012b4      0x28d C:\Users\Brian\Desktop\CLARAC~1\SAMIFI~1\SAMIBO~1\SAMIBO~1\ARDUIN~1\Debug\libArduinoCore.a(wiring.o)
 .debug_loc     0x00001541      0x5fc C:\Users\Brian\Desktop\CLARAC~1\SAMIFI~1\SAMIBO~1\SAMIBO~1\ARDUIN~1\Debug\libArduinoCore.a(wiring_digital.o)

.debug_macinfo
 *(.debug_macinfo)

.debug_weaknames
 *(.debug_weaknames)

.debug_funcnames
 *(.debug_funcnames)

.debug_typenames
 *(.debug_typenames)

.debug_varnames
 *(.debug_varnames)

.debug_pubtypes
 *(.debug_pubtypes)

.debug_ranges   0x00000000      0x240
 *(.debug_ranges)
 .debug_ranges  0x00000000       0x38 Sketch.o
 .debug_ranges  0x00000038       0x70 src/libraries/Wire/src/utility/twi.o
 .debug_ranges  0x000000a8       0xe8 src/libraries/Wire/src/Wire.o
 .debug_ranges  0x00000190       0x20 C:\Users\Brian\Desktop\CLARAC~1\SAMIFI~1\SAMIBO~1\SAMIBO~1\ARDUIN~1\Debug\libArduinoCore.a(main.o)
 .debug_ranges  0x000001b0       0x30 C:\Users\Brian\Desktop\CLARAC~1\SAMIFI~1\SAMIBO~1\SAMIBO~1\ARDUIN~1\Debug\libArduinoCore.a(WInterrupts.o)
 .debug_ranges  0x000001e0       0x38 C:\Users\Brian\Desktop\CLARAC~1\SAMIFI~1\SAMIBO~1\SAMIBO~1\ARDUIN~1\Debug\libArduinoCore.a(wiring.o)
 .debug_ranges  0x00000218       0x28 C:\Users\Brian\Desktop\CLARAC~1\SAMIFI~1\SAMIBO~1\SAMIBO~1\ARDUIN~1\Debug\libArduinoCore.a(wiring_digital.o)

.debug_macro
 *(.debug_macro)
OUTPUT(SAMIBoardSketch.elf elf32-avr)
LOAD linker stubs
