Archive member included to satisfy reference by file (symbol)

c:/program files (x86)/atmel/studio/7.0/toolchain/avr8/avr8-gnu-toolchain/bin/../lib/gcc/avr/5.4.0/../../../../avr/lib/avr5\libm.a(addsf3.o)
                              Sketch.o (__subsf3)
c:/program files (x86)/atmel/studio/7.0/toolchain/avr8/avr8-gnu-toolchain/bin/../lib/gcc/avr/5.4.0/../../../../avr/lib/avr5\libm.a(addsf3x.o)
                              c:/program files (x86)/atmel/studio/7.0/toolchain/avr8/avr8-gnu-toolchain/bin/../lib/gcc/avr/5.4.0/../../../../avr/lib/avr5\libm.a(addsf3.o) (__addsf3x)
c:/program files (x86)/atmel/studio/7.0/toolchain/avr8/avr8-gnu-toolchain/bin/../lib/gcc/avr/5.4.0/../../../../avr/lib/avr5\libm.a(cmpsf2.o)
                              Sketch.o (__ltsf2)
c:/program files (x86)/atmel/studio/7.0/toolchain/avr8/avr8-gnu-toolchain/bin/../lib/gcc/avr/5.4.0/../../../../avr/lib/avr5\libm.a(divsf3.o)
                              Sketch.o (__divsf3)
c:/program files (x86)/atmel/studio/7.0/toolchain/avr8/avr8-gnu-toolchain/bin/../lib/gcc/avr/5.4.0/../../../../avr/lib/avr5\libm.a(divsf3x.o)
                              c:/program files (x86)/atmel/studio/7.0/toolchain/avr8/avr8-gnu-toolchain/bin/../lib/gcc/avr/5.4.0/../../../../avr/lib/avr5\libm.a(divsf3.o) (__divsf3x)
c:/program files (x86)/atmel/studio/7.0/toolchain/avr8/avr8-gnu-toolchain/bin/../lib/gcc/avr/5.4.0/../../../../avr/lib/avr5\libm.a(fixsfsi.o)
                              Sketch.o (__fixsfsi)
c:/program files (x86)/atmel/studio/7.0/toolchain/avr8/avr8-gnu-toolchain/bin/../lib/gcc/avr/5.4.0/../../../../avr/lib/avr5\libm.a(fixunssfsi.o)
                              Sketch.o (__fixunssfsi)
c:/program files (x86)/atmel/studio/7.0/toolchain/avr8/avr8-gnu-toolchain/bin/../lib/gcc/avr/5.4.0/../../../../avr/lib/avr5\libm.a(floatsisf.o)
                              Sketch.o (__floatsisf)
c:/program files (x86)/atmel/studio/7.0/toolchain/avr8/avr8-gnu-toolchain/bin/../lib/gcc/avr/5.4.0/../../../../avr/lib/avr5\libm.a(fp_cmp.o)
                              c:/program files (x86)/atmel/studio/7.0/toolchain/avr8/avr8-gnu-toolchain/bin/../lib/gcc/avr/5.4.0/../../../../avr/lib/avr5\libm.a(cmpsf2.o) (__fp_cmp)
c:/program files (x86)/atmel/studio/7.0/toolchain/avr8/avr8-gnu-toolchain/bin/../lib/gcc/avr/5.4.0/../../../../avr/lib/avr5\libm.a(fp_inf.o)
                              c:/program files (x86)/atmel/studio/7.0/toolchain/avr8/avr8-gnu-toolchain/bin/../lib/gcc/avr/5.4.0/../../../../avr/lib/avr5\libm.a(addsf3x.o) (__fp_inf)
c:/program files (x86)/atmel/studio/7.0/toolchain/avr8/avr8-gnu-toolchain/bin/../lib/gcc/avr/5.4.0/../../../../avr/lib/avr5\libm.a(fp_nan.o)
                              c:/program files (x86)/atmel/studio/7.0/toolchain/avr8/avr8-gnu-toolchain/bin/../lib/gcc/avr/5.4.0/../../../../avr/lib/avr5\libm.a(addsf3x.o) (__fp_nan)
c:/program files (x86)/atmel/studio/7.0/toolchain/avr8/avr8-gnu-toolchain/bin/../lib/gcc/avr/5.4.0/../../../../avr/lib/avr5\libm.a(fp_pscA.o)
                              c:/program files (x86)/atmel/studio/7.0/toolchain/avr8/avr8-gnu-toolchain/bin/../lib/gcc/avr/5.4.0/../../../../avr/lib/avr5\libm.a(addsf3x.o) (__fp_pscA)
c:/program files (x86)/atmel/studio/7.0/toolchain/avr8/avr8-gnu-toolchain/bin/../lib/gcc/avr/5.4.0/../../../../avr/lib/avr5\libm.a(fp_pscB.o)
                              c:/program files (x86)/atmel/studio/7.0/toolchain/avr8/avr8-gnu-toolchain/bin/../lib/gcc/avr/5.4.0/../../../../avr/lib/avr5\libm.a(addsf3x.o) (__fp_pscB)
c:/program files (x86)/atmel/studio/7.0/toolchain/avr8/avr8-gnu-toolchain/bin/../lib/gcc/avr/5.4.0/../../../../avr/lib/avr5\libm.a(fp_round.o)
                              c:/program files (x86)/atmel/studio/7.0/toolchain/avr8/avr8-gnu-toolchain/bin/../lib/gcc/avr/5.4.0/../../../../avr/lib/avr5\libm.a(addsf3.o) (__fp_round)
c:/program files (x86)/atmel/studio/7.0/toolchain/avr8/avr8-gnu-toolchain/bin/../lib/gcc/avr/5.4.0/../../../../avr/lib/avr5\libm.a(fp_split3.o)
                              c:/program files (x86)/atmel/studio/7.0/toolchain/avr8/avr8-gnu-toolchain/bin/../lib/gcc/avr/5.4.0/../../../../avr/lib/avr5\libm.a(addsf3x.o) (__fp_split3)
c:/program files (x86)/atmel/studio/7.0/toolchain/avr8/avr8-gnu-toolchain/bin/../lib/gcc/avr/5.4.0/../../../../avr/lib/avr5\libm.a(fp_zero.o)
                              c:/program files (x86)/atmel/studio/7.0/toolchain/avr8/avr8-gnu-toolchain/bin/../lib/gcc/avr/5.4.0/../../../../avr/lib/avr5\libm.a(addsf3x.o) (__fp_zero)
c:/program files (x86)/atmel/studio/7.0/toolchain/avr8/avr8-gnu-toolchain/bin/../lib/gcc/avr/5.4.0/../../../../avr/lib/avr5\libm.a(gesf2.o)
                              Sketch.o (__gtsf2)
c:/program files (x86)/atmel/studio/7.0/toolchain/avr8/avr8-gnu-toolchain/bin/../lib/gcc/avr/5.4.0/../../../../avr/lib/avr5\libm.a(mulsf3.o)
                              Sketch.o (__mulsf3)
[...]
Memory Configuration

Name             Origin             Length             Attributes
text             0x00000000         0x00020000         xr
data             0x00800060         0x0000ffa0         rw !x
eeprom           0x00810000         0x00010000         rw !x
fuse             0x00820000         0x00000003         rw !x
lock             0x00830000         0x00000400         rw !x
signature        0x00840000         0x00000400         rw !x
user_signatures  0x00850000         0x00000400         rw !x
*default*        0x00000000         0xffffffff

Linker script and memory map

Address of section .data set to 0x800100
LOAD C:/Program Files (x86)/Atmel/Studio/7.0/Packs/atmel/ATmega_DFP/1.2.132/gcc/dev/atmega32u4/avr5/crtatmega32u4.o
LOAD Sketch.o
START GROUP
LOAD c:/program files (x86)/atmel/studio/7.0/toolchain/avr8/avr8-gnu-toolchain/bin/../lib/gcc/avr/5.4.0/../../../../avr/lib/avr5\libm.a
LOAD S:\Members\ShouShan\gitlab_projects\origami-continuum-arm\software\ArduinoSketch7\ArduinoSketch7\ArduinoCore\Debug\libArduinoCore.a
END GROUP
LOAD c:/program files (x86)/atmel/studio/7.0/toolchain/avr8/avr8-gnu-toolchain/bin/../lib/gcc/avr/5.4.0/avr5\libgcc.a
LOAD c:/program files (x86)/atmel/studio/7.0/toolchain/avr8/avr8-gnu-toolchain/bin/../lib/gcc/avr/5.4.0/../../../../avr/lib/avr5\libm.a
START GROUP
LOAD c:/program files (x86)/atmel/studio/7.0/toolchain/avr8/avr8-gnu-toolchain/bin/../lib/gcc/avr/5.4.0/avr5\libgcc.a
LOAD c:/program files (x86)/atmel/studio/7.0/toolchain/avr8/avr8-gnu-toolchain/bin/../lib/gcc/avr/5.4.0/../../../../avr/lib/avr5\libm.a
LOAD c:/program files (x86)/atmel/studio/7.0/toolchain/avr8/avr8-gnu-toolchain/bin/../lib/gcc/avr/5.4.0/../../../../avr/lib/avr5\libc.a
LOAD C:/Program Files (x86)/Atmel/Studio/7.0/Packs/atmel/ATmega_DFP/1.2.132/gcc/dev/atmega32u4/avr5\libatmega32u4.a
END GROUP
                0x00020000                __TEXT_REGION_LENGTH__ = DEFINED (__TEXT_REGION_LENGTH__)?__TEXT_REGION_LENGTH__:0x20000
                0x0000ffa0                __DATA_REGION_LENGTH__ = DEFINED (__DATA_REGION_LENGTH__)?__DATA_REGION_LENGTH__:0xffa0
                0x00010000                __EEPROM_REGION_LENGTH__ = DEFINED (__EEPROM_REGION_LENGTH__)?__EEPROM_REGION_LENGTH__:0x10000
                [0x00000003]                __FUSE_REGION_LENGTH__ = DEFINED (__FUSE_REGION_LENGTH__)?__FUSE_REGION_LENGTH__:0x400
                0x00000400                __LOCK_REGION_LENGTH__ = DEFINED (__LOCK_REGION_LENGTH__)?__LOCK_REGION_LENGTH__:0x400
                0x00000400                __SIGNATURE_REGION_LENGTH__ = DEFINED (__SIGNATURE_REGION_LENGTH__)?__SIGNATURE_REGION_LENGTH__:0x400
                0x00000400                __USER_SIGNATURE_REGION_LENGTH__ = DEFINED (__USER_SIGNATURE_REGION_LENGTH__)?__USER_SIGNATURE_REGION_LENGTH__:0x400

.hash
 *(.hash)

.dynsym
 *(.dynsym)

.dynstr
 *(.dynstr)

.gnu.version
 *(.gnu.version)

.gnu.version_d
 *(.gnu.version_d)

.gnu.version_r
 *(.gnu.version_r)

.rel.init
 *(.rel.init)

.rela.init
 *(.rela.init)

.rel.text
 *(.rel.text)
 *(.rel.text.*)
 *(.rel.gnu.linkonce.t*)

.rela.text
 *(.rela.text)
 *(.rela.text.*)
 *(.rela.gnu.linkonce.t*)

.rel.fini
 *(.rel.fini)

.rela.fini
 *(.rela.fini)

.rel.rodata
 *(.rel.rodata)
 *(.rel.rodata.*)
 *(.rel.gnu.linkonce.r*)

.rela.rodata
 *(.rela.rodata)
 *(.rela.rodata.*)
 *(.rela.gnu.linkonce.r*)

.rel.data
 *(.rel.data)
 *(.rel.data.*)
 *(.rel.gnu.linkonce.d*)

.rela.data
 *(.rela.data)
 *(.rela.data.*)
 *(.rela.gnu.linkonce.d*)

.rel.ctors
 *(.rel.ctors)

.rela.ctors
 *(.rela.ctors)

.rel.dtors
 *(.rel.dtors)

.rela.dtors
 *(.rela.dtors)

.rel.got
 *(.rel.got)

.rela.got
 *(.rela.got)

.rel.bss
 *(.rel.bss)

.rela.bss
 *(.rela.bss)

.rel.plt
 *(.rel.plt)

.rela.plt
 *(.rela.plt)

.text           0x00000000     0x3688
 *(.vectors)
 .vectors       0x00000000       0xac C:/Program Files (x86)/Atmel/Studio/7.0/Packs/atmel/ATmega_DFP/1.2.132/gcc/dev/atmega32u4/avr5/crtatmega32u4.o
                0x00000000                __vector_default
                0x00000000                __vectors
 *(.vectors)
 *(.progmem.gcc*)
 .progmem.gcc_sw_table.turnOffPWM
                0x000000ac       0x1e S:\Members\ShouShan\gitlab_projects\origami-continuum-arm\software\ArduinoSketch7\ArduinoSketch7\ArduinoCore\Debug\libArduinoCore.a(wiring_digital.o)
                0x000000ca                . = ALIGN (0x2)
                0x000000ca                __trampolines_start = .
 *(.trampolines)
 .trampolines   0x000000ca        0x0 linker stubs
 *(.trampolines*)
                0x000000ca                __trampolines_end = .
 *libprintf_flt.a:*(.progmem.data)
 *libc.a:*(.progmem.data)
 *(.progmem*)
 .progmem.data.USB_DeviceDescriptorB
                0x000000ca       0x12 S:\Members\ShouShan\gitlab_projects\origami-continuum-arm\software\ArduinoSketch7\ArduinoSketch7\ArduinoCore\Debug\libArduinoCore.a(USBCore.o)
                0x000000ca                USB_DeviceDescriptorB
 .progmem.data.USB_DeviceDescriptor
                0x000000dc       0x12 S:\Members\ShouShan\gitlab_projects\origami-continuum-arm\software\ArduinoSketch7\ArduinoSketch7\ArduinoCore\Debug\libArduinoCore.a(USBCore.o)
                0x000000dc                USB_DeviceDescriptor
 .progmem.data.STRING_MANUFACTURER
                0x000000ee        0xc S:\Members\ShouShan\gitlab_projects\origami-continuum-arm\software\ArduinoSketch7\ArduinoSketch7\ArduinoCore\Debug\libArduinoCore.a(USBCore.o)
                0x000000ee                STRING_MANUFACTURER
 .progmem.data.STRING_PRODUCT
                0x000000fa        0xe S:\Members\ShouShan\gitlab_projects\origami-continuum-arm\software\ArduinoSketch7\ArduinoSketch7\ArduinoCore\Debug\libArduinoCore.a(USBCore.o)
                0x000000fa                STRING_PRODUCT
 .progmem.data.STRING_LANGUAGE
                0x00000108        0x4 S:\Members\ShouShan\gitlab_projects\origami-continuum-arm\software\ArduinoSketch7\ArduinoSketch7\ArduinoCore\Debug\libArduinoCore.a(USBCore.o)
                0x00000108                STRING_LANGUAGE
 .progmem.data.analog_pin_to_channel_PGM
                0x0000010c        0xc S:\Members\ShouShan\gitlab_projects\origami-continuum-arm\software\ArduinoSketch7\ArduinoSketch7\ArduinoCore\Debug\libArduinoCore.a(wiring_digital.o)
                0x0000010c                analog_pin_to_channel_PGM
 .progmem.data.digital_pin_to_timer_PGM
                0x00000118       0x1f S:\Members\ShouShan\gitlab_projects\origami-continuum-arm\software\ArduinoSketch7\ArduinoSketch7\ArduinoCore\Debug\libArduinoCore.a(wiring_digital.o)
                0x00000118                digital_pin_to_timer_PGM
 .progmem.data.digital_pin_to_bit_mask_PGM
                0x00000137       0x1f S:\Members\ShouShan\gitlab_projects\origami-continuum-arm\software\ArduinoSketch7\ArduinoSketch7\ArduinoCore\Debug\libArduinoCore.a(wiring_digital.o)
                0x00000137                digital_pin_to_bit_mask_PGM
 .progmem.data.digital_pin_to_port_PGM
                0x00000156       0x1f S:\Members\ShouShan\gitlab_projects\origami-continuum-arm\software\ArduinoSketch7\ArduinoSketch7\ArduinoCore\Debug\libArduinoCore.a(wiring_digital.o)
                0x00000156                digital_pin_to_port_PGM
 .progmem.data.port_to_output_PGM
                0x00000175        0xe S:\Members\ShouShan\gitlab_projects\origami-continuum-arm\software\ArduinoSketch7\ArduinoSketch7\ArduinoCore\Debug\libArduinoCore.a(wiring_digital.o)
                0x00000175                port_to_output_PGM
 .progmem.data.port_to_mode_PGM
                0x00000183        0xe S:\Members\ShouShan\gitlab_projects\origami-continuum-arm\software\ArduinoSketch7\ArduinoSketch7\ArduinoCore\Debug\libArduinoCore.a(wiring_digital.o)
                0x00000183                port_to_mode_PGM
 .progmem.data._cdcInterface
                0x00000191       0x42 S:\Members\ShouShan\gitlab_projects\origami-continuum-arm\software\ArduinoSketch7\ArduinoSketch7\ArduinoCore\Debug\libArduinoCore.a(CDC.o)
                0x00000191                _cdcInterface
                0x000001d4                . = ALIGN (0x2)
 *fill*         0x000001d3        0x1 
 *(.jumptables)
 *(.jumptables*)
 *(.lowtext)
 *(.lowtext*)
                0x000001d4                __ctors_start = .
 *(.ctors)
 .ctors         0x000001d4        0x2 Sketch.o
 .ctors         0x000001d6        0x2 S:\Members\ShouShan\gitlab_projects\origami-continuum-arm\software\ArduinoSketch7\ArduinoSketch7\ArduinoCore\Debug\libArduinoCore.a(HardwareSerial1.o)
 .ctors         0x000001d8        0x2 S:\Members\ShouShan\gitlab_projects\origami-continuum-arm\software\ArduinoSketch7\ArduinoSketch7\ArduinoCore\Debug\libArduinoCore.a(Wire.o)
 .ctors         0x000001da        0x2 S:\Members\ShouShan\gitlab_projects\origami-continuum-arm\software\ArduinoSketch7\ArduinoSketch7\ArduinoCore\Debug\libArduinoCore.a(CDC.o)
                0x000001dc                __ctors_end = .
                0x000001dc                __dtors_start = .
 *(.dtors)
                0x000001dc                __dtors_end = .
 SORT(*)(.ctors)
 SORT(*)(.dtors)
 *(.init0)
 .init0         0x000001dc        0x0 C:/Program Files (x86)/Atmel/Studio/7.0/Packs/atmel/ATmega_DFP/1.2.132/gcc/dev/atmega32u4/avr5/crtatmega32u4.o
                0x000001dc                __init
 *(.init0)
 *(.init1)
 *(.init1)
 *(.init2)
 .init2         0x000001dc        0xc C:/Program Files (x86)/Atmel/Studio/7.0/Packs/atmel/ATmega_DFP/1.2.132/gcc/dev/atmega32u4/avr5/crtatmega32u4.o
 *(.init2)
 *(.init3)
 *(.init3)
 *(.init4)
 .init4         0x000001e8       0x16 c:/program files (x86)/atmel/studio/7.0/toolchain/avr8/avr8-gnu-toolchain/bin/../lib/gcc/avr/5.4.0/avr5\libgcc.a(_copy_data.o)
                0x000001e8                __do_copy_data
 .init4         0x000001fe       0x10 c:/program files (x86)/atmel/studio/7.0/toolchain/avr8/avr8-gnu-toolchain/bin/../lib/gcc/avr/5.4.0/avr5\libgcc.a(_clear_bss.o)
                0x000001fe                __do_clear_bss
 *(.init4)
 *(.init5)
 *(.init5)
 *(.init6)
 .init6         0x0000020e       0x16 c:/program files (x86)/atmel/studio/7.0/toolchain/avr8/avr8-gnu-toolchain/bin/../lib/gcc/avr/5.4.0/avr5\libgcc.a(_ctors.o)
                0x0000020e                __do_global_ctors
 *(.init6)
 *(.init7)
 *(.init7)
 *(.init8)
 *(.init8)
 *(.init9)
 .init9         0x00000224        0x8 C:/Program Files (x86)/Atmel/Studio/7.0/Packs/atmel/ATmega_DFP/1.2.132/gcc/dev/atmega32u4/avr5/crtatmega32u4.o
 *(.init9)
 *(.text)
 .text          0x0000022c        0x4 C:/Program Files (x86)/Atmel/Studio/7.0/Packs/atmel/ATmega_DFP/1.2.132/gcc/dev/atmega32u4/avr5/crtatmega32u4.o
                0x0000022c                __vector_38
                0x0000022c                __vector_22
                0x0000022c                __vector_28
                0x0000022c                __vector_1
                0x0000022c                __vector_32
                0x0000022c                __vector_34
                0x0000022c                __vector_24
                0x0000022c                __vector_12
                0x0000022c                __bad_interrupt
                0x0000022c                __vector_6
                0x0000022c                __vector_31
                0x0000022c                __vector_35
                0x0000022c                __vector_39
                0x0000022c                __vector_3
                0x0000022c                __vector_30
                0x0000022c                __vector_13
                0x0000022c                __vector_17
                0x0000022c                __vector_19
                0x0000022c                __vector_7
                0x0000022c                __vector_41
                0x0000022c                __vector_27
                0x0000022c                __vector_5
                0x0000022c                __vector_33
                0x0000022c                __vector_37
                0x0000022c                __vector_4
                0x0000022c                __vector_9
                0x0000022c                __vector_2
                0x0000022c                __vector_21
                0x0000022c                __vector_15
                0x0000022c                __vector_29
                0x0000022c                __vector_40
                0x0000022c                __vector_8
                0x0000022c                __vector_14
                0x0000022c                __vector_16
                0x0000022c                __vector_18
                0x0000022c                __vector_20
                0x0000022c                __vector_42
                0x00000230                . = ALIGN (0x2)
 *(.text.*)
 .text._ZN8SPIClass8transferEh
                0x00000230        0xe Sketch.o
                0x00000230                _ZN8SPIClass8transferEh
 .text._Z12initEncodersv
                0x0000023e       0x70 Sketch.o
                0x0000023e                _Z12initEncodersv
 .text._Z11readEncoderi
                0x000002ae      0x112 Sketch.o
                0x000002ae                _Z11readEncoderi
 .text._Z17clearEncoderCountv
                0x000003c0       0xcc Sketch.o
                0x000003c0                _Z17clearEncoderCountv
 .text.setup    0x0000048c      0x168 Sketch.o
                0x0000048c                setup
 .text._Z16initializeModulev
                0x000005f4      0x55a Sketch.o
                0x000005f4                _Z16initializeModulev
 .text.loop     0x00000b4e      0x34e Sketch.o
                0x00000b4e                loop
 .text.startup._GLOBAL__sub_I_gear_ratio
                0x00000e9c      0x16a Sketch.o
 .text._Z19receiveMotorCommandi
                0x00001006       0xca Sketch.o
                0x00001006                _Z19receiveMotorCommandi
 .text._Z18requestEncoderDatav
                0x000010d0       0x10 Sketch.o
                0x000010d0                _Z18requestEncoderDatav
 .text.avr-libc.fplib
                0x000010e0        0xe c:/program files (x86)/atmel/studio/7.0/toolchain/avr8/avr8-gnu-toolchain/bin/../lib/gcc/avr/5.4.0/../../../../avr/lib/avr5\libm.a(addsf3.o)
                0x000010e0                __subsf3
                0x000010e2                __addsf3
 .text.avr-libc.fplib
                0x000010ee       0xcc c:/program files (x86)/atmel/studio/7.0/toolchain/avr8/avr8-gnu-toolchain/bin/../lib/gcc/avr/5.4.0/../../../../avr/lib/avr5\libm.a(addsf3x.o)
                0x00001110                __addsf3x
 .text.avr-libc.fplib
                0x000011ba        0xa c:/program files (x86)/atmel/studio/7.0/toolchain/avr8/avr8-gnu-toolchain/bin/../lib/gcc/avr/5.4.0/../../../../avr/lib/avr5\libm.a(cmpsf2.o)
                0x000011ba                __nesf2
                0x000011ba                __eqsf2
                0x000011ba                __cmpsf2
                0x000011ba                __ltsf2
                0x000011ba                __lesf2
 .text.avr-libc.fplib
                0x000011c4        0x8 c:/program files (x86)/atmel/studio/7.0/toolchain/avr8/avr8-gnu-toolchain/bin/../lib/gcc/avr/5.4.0/../../../../avr/lib/avr5\libm.a(divsf3.o)
                0x000011c4                __divsf3
 .text.avr-libc.fplib
                0x000011cc       0xdc c:/program files (x86)/atmel/studio/7.0/toolchain/avr8/avr8-gnu-toolchain/bin/../lib/gcc/avr/5.4.0/../../../../avr/lib/avr5\libm.a(divsf3x.o)
                0x000011ec                __divsf3x
                0x000011f2                __divsf3_pse
 .text.avr-libc.fplib
                0x000012a8        0xe c:/program files (x86)/atmel/studio/7.0/toolchain/avr8/avr8-gnu-toolchain/bin/../lib/gcc/avr/5.4.0/../../../../avr/lib/avr5\libm.a(fixsfsi.o)
                0x000012a8                __fixsfsi
 .text.avr-libc.fplib
                0x000012b6       0x5e c:/program files (x86)/atmel/studio/7.0/toolchain/avr8/avr8-gnu-toolchain/bin/../lib/gcc/avr/5.4.0/../../../../avr/lib/avr5\libm.a(fixunssfsi.o)
                0x000012b6                __fixunssfsi
 .text.avr-libc.fplib
                0x00001314       0x7a c:/program files (x86)/atmel/studio/7.0/toolchain/avr8/avr8-gnu-toolchain/bin/../lib/gcc/avr/5.4.0/../../../../avr/lib/avr5\libm.a(floatsisf.o)
                0x00001314                __floatunsisf
                0x00001318                __floatsisf
 .text.avr-libc.fplib
                0x0000138e       0x48 c:/program files (x86)/atmel/studio/7.0/toolchain/avr8/avr8-gnu-toolchain/bin/../lib/gcc/avr/5.4.0/../../../../avr/lib/avr5\libm.a(fp_cmp.o)
                0x0000138e                __fp_cmp
 .text.avr-libc.fplib
                0x000013d6        0xc c:/program files (x86)/atmel/studio/7.0/toolchain/avr8/avr8-gnu-toolchain/bin/../lib/gcc/avr/5.4.0/../../../../avr/lib/avr5\libm.a(fp_inf.o)
                0x000013d6                __fp_inf
 .text.avr-libc.fplib
                0x000013e2        0x6 c:/program files (x86)/atmel/studio/7.0/toolchain/avr8/avr8-gnu-toolchain/bin/../lib/gcc/avr/5.4.0/../../../../avr/lib/avr5\libm.a(fp_nan.o)
                0x000013e2                __fp_nan
 .text.avr-libc.fplib
                0x000013e8        0xe c:/program files (x86)/atmel/studio/7.0/toolchain/avr8/avr8-gnu-toolchain/bin/../lib/gcc/avr/5.4.0/../../../../avr/lib/avr5\libm.a(fp_pscA.o)
                0x000013e8                __fp_pscA
 .text.avr-libc.fplib
                0x000013f6        0xe c:/program files (x86)/atmel/studio/7.0/toolchain/avr8/avr8-gnu-toolchain/bin/../lib/gcc/avr/5.4.0/../../../../avr/lib/avr5\libm.a(fp_pscB.o)
                0x000013f6                __fp_pscB
 .text.avr-libc.fplib
                0x00001404       0x22 c:/program files (x86)/atmel/studio/7.0/toolchain/avr8/avr8-gnu-toolchain/bin/../lib/gcc/avr/5.4.0/../../../../avr/lib/avr5\libm.a(fp_round.o)
                0x00001404                __fp_round
 .text.avr-libc.fplib
                0x00001426       0x44 c:/program files (x86)/atmel/studio/7.0/toolchain/avr8/avr8-gnu-toolchain/bin/../lib/gcc/avr/5.4.0/../../../../avr/lib/avr5\libm.a(fp_split3.o)
                0x00001426                __fp_split3
                0x00001436                __fp_splitA
 .text.avr-libc.fplib
                0x0000146a        0xe c:/program files (x86)/atmel/studio/7.0/toolchain/avr8/avr8-gnu-toolchain/bin/../lib/gcc/avr/5.4.0/../../../../avr/lib/avr5\libm.a(fp_zero.o)
                0x0000146a                __fp_zero
                0x0000146c                __fp_szero
 .text.avr-libc.fplib
                0x00001478        0xa c:/program files (x86)/atmel/studio/7.0/toolchain/avr8/avr8-gnu-toolchain/bin/../lib/gcc/avr/5.4.0/../../../../avr/lib/avr5\libm.a(gesf2.o)
                0x00001478                __gesf2
                0x00001478                __gtsf2
 .text.avr-libc.fplib
                0x00001482        0x8 c:/program files (x86)/atmel/studio/7.0/toolchain/avr8/avr8-gnu-toolchain/bin/../lib/gcc/avr/5.4.0/../../../../avr/lib/avr5\libm.a(mulsf3.o)
                0x00001482                __mulsf3
 .text.avr-libc.fplib
                0x0000148a       0xd2 c:/program files (x86)/atmel/studio/7.0/toolchain/avr8/avr8-gnu-toolchain/bin/../lib/gcc/avr/5.4.0/../../../../avr/lib/avr5\libm.a(mulsf3x.o)
                0x000014a8                __mulsf3x
                0x000014ae                __mulsf3_pse
 .text._ZN14HardwareSerial9availableEv
                0x0000155c       0x18 S:\Members\ShouShan\gitlab_projects\origami-continuum-arm\software\ArduinoSketch7\ArduinoSketch7\ArduinoCore\Debug\libArduinoCore.a(HardwareSerial.o)
                0x0000155c                _ZN14HardwareSerial9availableEv
 .text._ZN14HardwareSerial4peekEv
                0x00001574       0x1c S:\Members\ShouShan\gitlab_projects\origami-continuum-arm\software\ArduinoSketch7\ArduinoSketch7\ArduinoCore\Debug\libArduinoCore.a(HardwareSerial.o)
                0x00001574                _ZN14HardwareSerial4peekEv
 .text._ZN14HardwareSerial4readEv
                0x00001590       0x28 S:\Members\ShouShan\gitlab_projects\origami-continuum-arm\software\ArduinoSketch7\ArduinoSketch7\ArduinoCore\Debug\libArduinoCore.a(HardwareSerial.o)
                0x00001590                _ZN14HardwareSerial4readEv
 .text._Z14serialEventRunv
                0x000015b8       0x1c S:\Members\ShouShan\gitlab_projects\origami-continuum-arm\software\ArduinoSketch7\ArduinoSketch7\ArduinoCore\Debug\libArduinoCore.a(HardwareSerial.o)
                0x000015b8                _Z14serialEventRunv
 .text._ZN14HardwareSerial17_tx_udr_empty_irqEv
                0x000015d4       0x42 S:\Members\ShouShan\gitlab_projects\origami-continuum-arm\software\ArduinoSketch7\ArduinoSketch7\ArduinoCore\Debug\libArduinoCore.a(HardwareSerial.o)
                0x000015d4                _ZN14HardwareSerial17_tx_udr_empty_irqEv
 .text._ZN14HardwareSerial5writeEh
                0x00001616       0x8e S:\Members\ShouShan\gitlab_projects\origami-continuum-arm\software\ArduinoSketch7\ArduinoSketch7\ArduinoCore\Debug\libArduinoCore.a(HardwareSerial.o)
                0x00001616                _ZN14HardwareSerial5writeEh
 .text._ZN14HardwareSerial5flushEv
                0x000016a4       0x44 S:\Members\ShouShan\gitlab_projects\origami-continuum-arm\software\ArduinoSketch7\ArduinoSketch7\ArduinoCore\Debug\libArduinoCore.a(HardwareSerial.o)
                0x000016a4                _ZN14HardwareSerial5flushEv
 .text._ZN14HardwareSerial5beginEmh
                0x000016e8       0xca S:\Members\ShouShan\gitlab_projects\origami-continuum-arm\software\ArduinoSketch7\ArduinoSketch7\ArduinoCore\Debug\libArduinoCore.a(HardwareSerial.o)
                0x000016e8                _ZN14HardwareSerial5beginEmh
 .text.__vector_25
                0x000017b2       0x64 S:\Members\ShouShan\gitlab_projects\origami-continuum-arm\software\ArduinoSketch7\ArduinoSketch7\ArduinoCore\Debug\libArduinoCore.a(HardwareSerial1.o)
                0x000017b2                __vector_25
 .text.__vector_26
                0x00001816       0x4c S:\Members\ShouShan\gitlab_projects\origami-continuum-arm\software\ArduinoSketch7\ArduinoSketch7\ArduinoCore\Debug\libArduinoCore.a(HardwareSerial1.o)
                0x00001816                __vector_26
 .text._Z17Serial1_availablev
                0x00001862       0x14 S:\Members\ShouShan\gitlab_projects\origami-continuum-arm\software\ArduinoSketch7\ArduinoSketch7\ArduinoCore\Debug\libArduinoCore.a(HardwareSerial1.o)
                0x00001862                _Z17Serial1_availablev
 .text.startup._GLOBAL__sub_I___vector_25
                0x00001876       0x5a S:\Members\ShouShan\gitlab_projects\origami-continuum-arm\software\ArduinoSketch7\ArduinoSketch7\ArduinoCore\Debug\libArduinoCore.a(HardwareSerial1.o)
 .text.initVariant
                0x000018d0        0x2 S:\Members\ShouShan\gitlab_projects\origami-continuum-arm\software\ArduinoSketch7\ArduinoSketch7\ArduinoCore\Debug\libArduinoCore.a(main.o)
                0x000018d0                initVariant
 .text.startup.main
                0x000018d2       0x26 S:\Members\ShouShan\gitlab_projects\origami-continuum-arm\software\ArduinoSketch7\ArduinoSketch7\ArduinoCore\Debug\libArduinoCore.a(main.o)
                0x000018d2                main
 .text._ZN5Print5writeEPKhj
                0x000018f8       0x54 S:\Members\ShouShan\gitlab_projects\origami-continuum-arm\software\ArduinoSketch7\ArduinoSketch7\ArduinoCore\Debug\libArduinoCore.a(Print.o)
                0x000018f8                _ZN5Print5writeEPKhj
 .text._ZN5Print5writeEPKc
                0x0000194c       0x2a S:\Members\ShouShan\gitlab_projects\origami-continuum-arm\software\ArduinoSketch7\ArduinoSketch7\ArduinoCore\Debug\libArduinoCore.a(Print.o)
                0x0000194c                _ZN5Print5writeEPKc
 .text._ZN5Print7printlnEv
                0x00001976        0x8 S:\Members\ShouShan\gitlab_projects\origami-continuum-arm\software\ArduinoSketch7\ArduinoSketch7\ArduinoCore\Debug\libArduinoCore.a(Print.o)
                0x00001976                _ZN5Print7printlnEv
 .text._ZN5Print7printlnEPKc
                0x0000197e       0x24 S:\Members\ShouShan\gitlab_projects\origami-continuum-arm\software\ArduinoSketch7\ArduinoSketch7\ArduinoCore\Debug\libArduinoCore.a(Print.o)
                0x0000197e                _ZN5Print7printlnEPKc
 .text._ZL4RecvPVhh
                0x000019a2       0x1a S:\Members\ShouShan\gitlab_projects\origami-continuum-arm\software\ArduinoSketch7\ArduinoSketch7\ArduinoCore\Debug\libArduinoCore.a(USBCore.o)
 .text._ZL11SendControlh
                0x000019bc       0x5c S:\Members\ShouShan\gitlab_projects\origami-continuum-arm\software\ArduinoSketch7\ArduinoSketch7\ArduinoCore\Debug\libArduinoCore.a(USBCore.o)
 .text._ZL24USB_SendStringDescriptorPKhhh
                0x00001a18       0x6a S:\Members\ShouShan\gitlab_projects\origami-continuum-arm\software\ArduinoSketch7\ArduinoSketch7\ArduinoCore\Debug\libArduinoCore.a(USBCore.o)
 .text._ZL15USB_ClockEnablev
                0x00001a82       0x46 S:\Members\ShouShan\gitlab_projects\origami-continuum-arm\software\ArduinoSketch7\ArduinoSketch7\ArduinoCore\Debug\libArduinoCore.a(USBCore.o)
 .text._ZL14SendInterfacesv
                0x00001ac8       0x2c S:\Members\ShouShan\gitlab_projects\origami-continuum-arm\software\ArduinoSketch7\ArduinoSketch7\ArduinoCore\Debug\libArduinoCore.a(USBCore.o)
 .text._ZN6LockEPC2Eh
                0x00001af4       0x10 S:\Members\ShouShan\gitlab_projects\origami-continuum-arm\software\ArduinoSketch7\ArduinoSketch7\ArduinoCore\Debug\libArduinoCore.a(USBCore.o)
                0x00001af4                _ZN6LockEPC2Eh
                0x00001af4                _ZN6LockEPC1Eh
 .text._Z13USB_Availableh
                0x00001b04       0x24 S:\Members\ShouShan\gitlab_projects\origami-continuum-arm\software\ArduinoSketch7\ArduinoSketch7\ArduinoCore\Debug\libArduinoCore.a(USBCore.o)
                0x00001b04                _Z13USB_Availableh
 .text._Z8USB_RecvhPvi
                0x00001b28       0x86 S:\Members\ShouShan\gitlab_projects\origami-continuum-arm\software\ArduinoSketch7\ArduinoSketch7\ArduinoCore\Debug\libArduinoCore.a(USBCore.o)
                0x00001b28                _Z8USB_RecvhPvi
 .text._Z8USB_Recvh
                0x00001bae       0x2e S:\Members\ShouShan\gitlab_projects\origami-continuum-arm\software\ArduinoSketch7\ArduinoSketch7\ArduinoCore\Debug\libArduinoCore.a(USBCore.o)
                0x00001bae                _Z8USB_Recvh
 .text._Z13USB_SendSpaceh
                0x00001bdc       0x34 S:\Members\ShouShan\gitlab_projects\origami-continuum-arm\software\ArduinoSketch7\ArduinoSketch7\ArduinoCore\Debug\libArduinoCore.a(USBCore.o)
                0x00001bdc                _Z13USB_SendSpaceh
 .text._Z8USB_SendhPKvi
                0x00001c10      0x12a S:\Members\ShouShan\gitlab_projects\origami-continuum-arm\software\ArduinoSketch7\ArduinoSketch7\ArduinoCore\Debug\libArduinoCore.a(USBCore.o)
                0x00001c10                _Z8USB_SendhPKvi
 .text._Z11InitControli
                0x00001d3a       0x16 S:\Members\ShouShan\gitlab_projects\origami-continuum-arm\software\ArduinoSketch7\ArduinoSketch7\ArduinoCore\Debug\libArduinoCore.a(USBCore.o)
                0x00001d3a                _Z11InitControli
 .text._Z15USB_SendControlhPKvi
                0x00001d50       0x4e S:\Members\ShouShan\gitlab_projects\origami-continuum-arm\software\ArduinoSketch7\ArduinoSketch7\ArduinoCore\Debug\libArduinoCore.a(USBCore.o)
                0x00001d50                _Z15USB_SendControlhPKvi
 .text._Z15USB_RecvControlPvi
                0x00001d9e       0x66 S:\Members\ShouShan\gitlab_projects\origami-continuum-arm\software\ArduinoSketch7\ArduinoSketch7\ArduinoCore\Debug\libArduinoCore.a(USBCore.o)
                0x00001d9e                _Z15USB_RecvControlPvi
 .text.__vector_11
                0x00001e04      0x2ce S:\Members\ShouShan\gitlab_projects\origami-continuum-arm\software\ArduinoSketch7\ArduinoSketch7\ArduinoCore\Debug\libArduinoCore.a(USBCore.o)
                0x00001e04                __vector_11
 .text._Z9USB_Flushh
                0x000020d2       0x14 S:\Members\ShouShan\gitlab_projects\origami-continuum-arm\software\ArduinoSketch7\ArduinoSketch7\ArduinoCore\Debug\libArduinoCore.a(USBCore.o)
                0x000020d2                _Z9USB_Flushh
 .text.__vector_10
                0x000020e6      0x102 S:\Members\ShouShan\gitlab_projects\origami-continuum-arm\software\ArduinoSketch7\ArduinoSketch7\ArduinoCore\Debug\libArduinoCore.a(USBCore.o)
                0x000020e6                __vector_10
 .text._ZN10USBDevice_6attachEv
                0x000021e8       0x3e S:\Members\ShouShan\gitlab_projects\origami-continuum-arm\software\ArduinoSketch7\ArduinoSketch7\ArduinoCore\Debug\libArduinoCore.a(USBCore.o)
                0x000021e8                _ZN10USBDevice_6attachEv
 .text.__vector_23
                0x00002226       0x94 S:\Members\ShouShan\gitlab_projects\origami-continuum-arm\software\ArduinoSketch7\ArduinoSketch7\ArduinoCore\Debug\libArduinoCore.a(wiring.o)
                0x00002226                __vector_23
 .text.millis   0x000022ba       0x18 S:\Members\ShouShan\gitlab_projects\origami-continuum-arm\software\ArduinoSketch7\ArduinoSketch7\ArduinoCore\Debug\libArduinoCore.a(wiring.o)
                0x000022ba                millis
 .text.micros   0x000022d2       0x4a S:\Members\ShouShan\gitlab_projects\origami-continuum-arm\software\ArduinoSketch7\ArduinoSketch7\ArduinoCore\Debug\libArduinoCore.a(wiring.o)
                0x000022d2                micros
 .text.delay    0x0000231c       0x78 S:\Members\ShouShan\gitlab_projects\origami-continuum-arm\software\ArduinoSketch7\ArduinoSketch7\ArduinoCore\Debug\libArduinoCore.a(wiring.o)
                0x0000231c                delay
 .text.delayMicroseconds
                0x00002394       0x16 S:\Members\ShouShan\gitlab_projects\origami-continuum-arm\software\ArduinoSketch7\ArduinoSketch7\ArduinoCore\Debug\libArduinoCore.a(wiring.o)
                0x00002394                delayMicroseconds
 .text.init     0x000023aa       0xac S:\Members\ShouShan\gitlab_projects\origami-continuum-arm\software\ArduinoSketch7\ArduinoSketch7\ArduinoCore\Debug\libArduinoCore.a(wiring.o)
                0x000023aa                init
 .text.analogRead
                0x00002456       0x62 S:\Members\ShouShan\gitlab_projects\origami-continuum-arm\software\ArduinoSketch7\ArduinoSketch7\ArduinoCore\Debug\libArduinoCore.a(wiring_analog.o)
                0x00002456                analogRead
 .text.turnOffPWM
                0x000024b8       0x7a S:\Members\ShouShan\gitlab_projects\origami-continuum-arm\software\ArduinoSketch7\ArduinoSketch7\ArduinoCore\Debug\libArduinoCore.a(wiring_digital.o)
 .text.pinMode  0x00002532       0x78 S:\Members\ShouShan\gitlab_projects\origami-continuum-arm\software\ArduinoSketch7\ArduinoSketch7\ArduinoCore\Debug\libArduinoCore.a(wiring_digital.o)
                0x00002532                pinMode
 .text.digitalWrite
                0x000025aa       0x5e S:\Members\ShouShan\gitlab_projects\origami-continuum-arm\software\ArduinoSketch7\ArduinoSketch7\ArduinoCore\Debug\libArduinoCore.a(wiring_digital.o)
                0x000025aa                digitalWrite
 .text._ZN3PID7ComputeEv
                0x00002608      0x244 S:\Members\ShouShan\gitlab_projects\origami-continuum-arm\software\ArduinoSketch7\ArduinoSketch7\ArduinoCore\Debug\libArduinoCore.a(PID_v1.o)
                0x00002608                _ZN3PID7ComputeEv
 .text._ZN3PID10SetTuningsEddd
                0x0000284c      0x178 S:\Members\ShouShan\gitlab_projects\origami-continuum-arm\software\ArduinoSketch7\ArduinoSketch7\ArduinoCore\Debug\libArduinoCore.a(PID_v1.o)
                0x0000284c                _ZN3PID10SetTuningsEddd
 .text._ZN3PID13SetSampleTimeEi
                0x000029c4       0x90 S:\Members\ShouShan\gitlab_projects\origami-continuum-arm\software\ArduinoSketch7\ArduinoSketch7\ArduinoCore\Debug\libArduinoCore.a(PID_v1.o)
                0x000029c4                _ZN3PID13SetSampleTimeEi
 .text._ZN3PID15SetOutputLimitsEdd
                0x00002a54      0x100 S:\Members\ShouShan\gitlab_projects\origami-continuum-arm\software\ArduinoSketch7\ArduinoSketch7\ArduinoCore\Debug\libArduinoCore.a(PID_v1.o)
                0x00002a54                _ZN3PID15SetOutputLimitsEdd
 .text._ZN3PID10InitializeEv
                0x00002b54       0x8c S:\Members\ShouShan\gitlab_projects\origami-continuum-arm\software\ArduinoSketch7\ArduinoSketch7\ArduinoCore\Debug\libArduinoCore.a(PID_v1.o)
                0x00002b54                _ZN3PID10InitializeEv
 .text._ZN3PID7SetModeEi
                0x00002be0       0x2c S:\Members\ShouShan\gitlab_projects\origami-continuum-arm\software\ArduinoSketch7\ArduinoSketch7\ArduinoCore\Debug\libArduinoCore.a(PID_v1.o)
                0x00002be0                _ZN3PID7SetModeEi
 .text._ZN3PID22SetControllerDirectionEi
                0x00002c0c       0x78 S:\Members\ShouShan\gitlab_projects\origami-continuum-arm\software\ArduinoSketch7\ArduinoSketch7\ArduinoCore\Debug\libArduinoCore.a(PID_v1.o)
                0x00002c0c                _ZN3PID22SetControllerDirectionEi
 .text._ZN3PIDC2EPdS0_S0_dddi
                0x00002c84       0xfa S:\Members\ShouShan\gitlab_projects\origami-continuum-arm\software\ArduinoSketch7\ArduinoSketch7\ArduinoCore\Debug\libArduinoCore.a(PID_v1.o)
                0x00002c84                _ZN3PIDC2EPdS0_S0_dddi
                0x00002c84                _ZN3PIDC1EPdS0_S0_dddi
 .text._ZN8SPIClass5beginEv
                0x00002d7e       0x6c S:\Members\ShouShan\gitlab_projects\origami-continuum-arm\software\ArduinoSketch7\ArduinoSketch7\ArduinoCore\Debug\libArduinoCore.a(SPI.o)
                0x00002d7e                _ZN8SPIClass5beginEv
 .text._ZN7TwoWire9availableEv
                0x00002dea       0x10 S:\Members\ShouShan\gitlab_projects\origami-continuum-arm\software\ArduinoSketch7\ArduinoSketch7\ArduinoCore\Debug\libArduinoCore.a(Wire.o)
                0x00002dea                _ZN7TwoWire9availableEv
 .text._ZN7TwoWire4readEv
                0x00002dfa       0x28 S:\Members\ShouShan\gitlab_projects\origami-continuum-arm\software\ArduinoSketch7\ArduinoSketch7\ArduinoCore\Debug\libArduinoCore.a(Wire.o)
                0x00002dfa                _ZN7TwoWire4readEv
 .text._ZN7TwoWire4peekEv
                0x00002e22       0x1e S:\Members\ShouShan\gitlab_projects\origami-continuum-arm\software\ArduinoSketch7\ArduinoSketch7\ArduinoCore\Debug\libArduinoCore.a(Wire.o)
                0x00002e22                _ZN7TwoWire4peekEv
 .text._ZN7TwoWire5flushEv
                0x00002e40        0x2 S:\Members\ShouShan\gitlab_projects\origami-continuum-arm\software\ArduinoSketch7\ArduinoSketch7\ArduinoCore\Debug\libArduinoCore.a(Wire.o)
                0x00002e40                _ZN7TwoWire5flushEv
 .text._ZN7TwoWire16onReceiveServiceEPhi
                0x00002e42       0x54 S:\Members\ShouShan\gitlab_projects\origami-continuum-arm\software\ArduinoSketch7\ArduinoSketch7\ArduinoCore\Debug\libArduinoCore.a(Wire.o)
                0x00002e42                _ZN7TwoWire16onReceiveServiceEPhi
 .text._ZN7TwoWire16onRequestServiceEv
                0x00002e96       0x18 S:\Members\ShouShan\gitlab_projects\origami-continuum-arm\software\ArduinoSketch7\ArduinoSketch7\ArduinoCore\Debug\libArduinoCore.a(Wire.o)
                0x00002e96                _ZN7TwoWire16onRequestServiceEv
 .text._ZN7TwoWire5writeEPKhj
                0x00002eae       0x5a S:\Members\ShouShan\gitlab_projects\origami-continuum-arm\software\ArduinoSketch7\ArduinoSketch7\ArduinoCore\Debug\libArduinoCore.a(Wire.o)
                0x00002eae                _ZN7TwoWire5writeEPKhj
 .text._ZN7TwoWire5writeEh
                0x00002f08       0x5e S:\Members\ShouShan\gitlab_projects\origami-continuum-arm\software\ArduinoSketch7\ArduinoSketch7\ArduinoCore\Debug\libArduinoCore.a(Wire.o)
                0x00002f08                _ZN7TwoWire5writeEh
 .text._ZN7TwoWireC2Ev
                0x00002f66       0x20 S:\Members\ShouShan\gitlab_projects\origami-continuum-arm\software\ArduinoSketch7\ArduinoSketch7\ArduinoCore\Debug\libArduinoCore.a(Wire.o)
                0x00002f66                _ZN7TwoWireC1Ev
                0x00002f66                _ZN7TwoWireC2Ev
 .text._ZN7TwoWire5beginEv
                0x00002f86       0x14 S:\Members\ShouShan\gitlab_projects\origami-continuum-arm\software\ArduinoSketch7\ArduinoSketch7\ArduinoCore\Debug\libArduinoCore.a(Wire.o)
                0x00002f86                _ZN7TwoWire5beginEv
 .text._ZN7TwoWire5beginEh
                0x00002f9a       0x26 S:\Members\ShouShan\gitlab_projects\origami-continuum-arm\software\ArduinoSketch7\ArduinoSketch7\ArduinoCore\Debug\libArduinoCore.a(Wire.o)
                0x00002f9a                _ZN7TwoWire5beginEh
 .text._ZN7TwoWire5beginEi
                0x00002fc0        0x4 S:\Members\ShouShan\gitlab_projects\origami-continuum-arm\software\ArduinoSketch7\ArduinoSketch7\ArduinoCore\Debug\libArduinoCore.a(Wire.o)
                0x00002fc0                _ZN7TwoWire5beginEi
 .text._ZN7TwoWire9onReceiveEPFviE
                0x00002fc4        0xa S:\Members\ShouShan\gitlab_projects\origami-continuum-arm\software\ArduinoSketch7\ArduinoSketch7\ArduinoCore\Debug\libArduinoCore.a(Wire.o)
                0x00002fc4                _ZN7TwoWire9onReceiveEPFviE
 .text._ZN7TwoWire9onRequestEPFvvE
                0x00002fce        0xa S:\Members\ShouShan\gitlab_projects\origami-continuum-arm\software\ArduinoSketch7\ArduinoSketch7\ArduinoCore\Debug\libArduinoCore.a(Wire.o)
                0x00002fce                _ZN7TwoWire9onRequestEPFvvE
 .text.startup._GLOBAL__sub_I__ZN7TwoWire8rxBufferE
                0x00002fd8        0x8 S:\Members\ShouShan\gitlab_projects\origami-continuum-arm\software\ArduinoSketch7\ArduinoSketch7\ArduinoCore\Debug\libArduinoCore.a(Wire.o)
 .text._ZN7Serial_5writeEh
                0x00002fe0       0x2c S:\Members\ShouShan\gitlab_projects\origami-continuum-arm\software\ArduinoSketch7\ArduinoSketch7\ArduinoCore\Debug\libArduinoCore.a(CDC.o)
                0x00002fe0                _ZN7Serial_5writeEh
 .text._ZN7Serial_4peekEv
                0x0000300c       0x22 S:\Members\ShouShan\gitlab_projects\origami-continuum-arm\software\ArduinoSketch7\ArduinoSketch7\ArduinoCore\Debug\libArduinoCore.a(CDC.o)
                0x0000300c                _ZN7Serial_4peekEv
 .text._ZN7Serial_5flushEv
                0x0000302e        0x6 S:\Members\ShouShan\gitlab_projects\origami-continuum-arm\software\ArduinoSketch7\ArduinoSketch7\ArduinoCore\Debug\libArduinoCore.a(CDC.o)
                0x0000302e                _ZN7Serial_5flushEv
 .text._ZN7Serial_9availableEv
                0x00003034       0x20 S:\Members\ShouShan\gitlab_projects\origami-continuum-arm\software\ArduinoSketch7\ArduinoSketch7\ArduinoCore\Debug\libArduinoCore.a(CDC.o)
                0x00003034                _ZN7Serial_9availableEv
 .text._ZN7Serial_4readEv
                0x00003054       0x1a S:\Members\ShouShan\gitlab_projects\origami-continuum-arm\software\ArduinoSketch7\ArduinoSketch7\ArduinoCore\Debug\libArduinoCore.a(CDC.o)
                0x00003054                _ZN7Serial_4readEv
 .text._ZN7Serial_5writeEPKhj
                0x0000306e       0x2c S:\Members\ShouShan\gitlab_projects\origami-continuum-arm\software\ArduinoSketch7\ArduinoSketch7\ArduinoCore\Debug\libArduinoCore.a(CDC.o)
                0x0000306e                _ZN7Serial_5writeEPKhj
 .text._Z16CDC_GetInterfacePh
                0x0000309a       0x16 S:\Members\ShouShan\gitlab_projects\origami-continuum-arm\software\ArduinoSketch7\ArduinoSketch7\ArduinoCore\Debug\libArduinoCore.a(CDC.o)
                0x0000309a                _Z16CDC_GetInterfacePh
 .text._Z9CDC_SetupR8USBSetup
                0x000030b0      0x104 S:\Members\ShouShan\gitlab_projects\origami-continuum-arm\software\ArduinoSketch7\ArduinoSketch7\ArduinoCore\Debug\libArduinoCore.a(CDC.o)
                0x000030b0                _Z9CDC_SetupR8USBSetup
 .text.startup._GLOBAL__sub_I__updatedLUFAbootloader
                0x000031b4       0x2a S:\Members\ShouShan\gitlab_projects\origami-continuum-arm\software\ArduinoSketch7\ArduinoSketch7\ArduinoCore\Debug\libArduinoCore.a(CDC.o)
 .text.__empty  0x000031de        0x2 S:\Members\ShouShan\gitlab_projects\origami-continuum-arm\software\ArduinoSketch7\ArduinoSketch7\ArduinoCore\Debug\libArduinoCore.a(hooks.o)
                0x000031de                yield
 .text._ZN13PluggableUSB_12getInterfaceEPh
                0x000031e0       0x52 S:\Members\ShouShan\gitlab_projects\origami-continuum-arm\software\ArduinoSketch7\ArduinoSketch7\ArduinoCore\Debug\libArduinoCore.a(PluggableUSB.o)
                0x000031e0                _ZN13PluggableUSB_12getInterfaceEPh
 .text._ZN13PluggableUSB_13getDescriptorER8USBSetup
                0x00003232       0x3e S:\Members\ShouShan\gitlab_projects\origami-continuum-arm\software\ArduinoSketch7\ArduinoSketch7\ArduinoCore\Debug\libArduinoCore.a(PluggableUSB.o)
                0x00003232                _ZN13PluggableUSB_13getDescriptorER8USBSetup
 .text._ZN13PluggableUSB_12getShortNameEPc
                0x00003270       0x3e S:\Members\ShouShan\gitlab_projects\origami-continuum-arm\software\ArduinoSketch7\ArduinoSketch7\ArduinoCore\Debug\libArduinoCore.a(PluggableUSB.o)
                0x00003270                _ZN13PluggableUSB_12getShortNameEPc
 .text._ZN13PluggableUSB_5setupER8USBSetup
                0x000032ae       0x3c S:\Members\ShouShan\gitlab_projects\origami-continuum-arm\software\ArduinoSketch7\ArduinoSketch7\ArduinoCore\Debug\libArduinoCore.a(PluggableUSB.o)
                0x000032ae                _ZN13PluggableUSB_5setupER8USBSetup
 .text._Z12PluggableUSBv
                0x000032ea       0x28 S:\Members\ShouShan\gitlab_projects\origami-continuum-arm\software\ArduinoSketch7\ArduinoSketch7\ArduinoCore\Debug\libArduinoCore.a(PluggableUSB.o)
                0x000032ea                _Z12PluggableUSBv
 .text.twi_init
                0x00003312       0x3c S:\Members\ShouShan\gitlab_projects\origami-continuum-arm\software\ArduinoSketch7\ArduinoSketch7\ArduinoCore\Debug\libArduinoCore.a(twi.o)
                0x00003312                twi_init
 .text.twi_setAddress
                0x0000334e        0x8 S:\Members\ShouShan\gitlab_projects\origami-continuum-arm\software\ArduinoSketch7\ArduinoSketch7\ArduinoCore\Debug\libArduinoCore.a(twi.o)
                0x0000334e                twi_setAddress
 .text.twi_transmit
                0x00003356       0x50 S:\Members\ShouShan\gitlab_projects\origami-continuum-arm\software\ArduinoSketch7\ArduinoSketch7\ArduinoCore\Debug\libArduinoCore.a(twi.o)
                0x00003356                twi_transmit
 .text.twi_attachSlaveRxEvent
                0x000033a6        0xa S:\Members\ShouShan\gitlab_projects\origami-continuum-arm\software\ArduinoSketch7\ArduinoSketch7\ArduinoCore\Debug\libArduinoCore.a(twi.o)
                0x000033a6                twi_attachSlaveRxEvent
 .text.twi_attachSlaveTxEvent
                0x000033b0        0xa S:\Members\ShouShan\gitlab_projects\origami-continuum-arm\software\ArduinoSketch7\ArduinoSketch7\ArduinoCore\Debug\libArduinoCore.a(twi.o)
                0x000033b0                twi_attachSlaveTxEvent
 .text.twi_stop
                0x000033ba       0x14 S:\Members\ShouShan\gitlab_projects\origami-continuum-arm\software\ArduinoSketch7\ArduinoSketch7\ArduinoCore\Debug\libArduinoCore.a(twi.o)
                0x000033ba                twi_stop
 .text.twi_releaseBus
                0x000033ce        0xc S:\Members\ShouShan\gitlab_projects\origami-continuum-arm\software\ArduinoSketch7\ArduinoSketch7\ArduinoCore\Debug\libArduinoCore.a(twi.o)
                0x000033ce                twi_releaseBus
 .text.__vector_36
                0x000033da      0x25a S:\Members\ShouShan\gitlab_projects\origami-continuum-arm\software\ArduinoSketch7\ArduinoSketch7\ArduinoCore\Debug\libArduinoCore.a(twi.o)
                0x000033da                __vector_36
 .text.libgcc.div
                0x00003634       0x44 c:/program files (x86)/atmel/studio/7.0/toolchain/avr8/avr8-gnu-toolchain/bin/../lib/gcc/avr/5.4.0/avr5\libgcc.a(_udivmodsi4.o)
                0x00003634                __udivmodsi4
 .text.libgcc   0x00003678        0xc c:/program files (x86)/atmel/studio/7.0/toolchain/avr8/avr8-gnu-toolchain/bin/../lib/gcc/avr/5.4.0/avr5\libgcc.a(_tablejump2.o)
                0x00003678                __tablejump2__
                0x00003684                . = ALIGN (0x2)
 *(.fini9)
 .fini9         0x00003684        0x0 c:/program files (x86)/atmel/studio/7.0/toolchain/avr8/avr8-gnu-toolchain/bin/../lib/gcc/avr/5.4.0/avr5\libgcc.a(_exit.o)
                0x00003684                _exit
                0x00003684                exit
 *(.fini9)
 *(.fini8)
 *(.fini8)
 *(.fini7)
 *(.fini7)
 *(.fini6)
 *(.fini6)
 *(.fini5)
 *(.fini5)
 *(.fini4)
 *(.fini4)
 *(.fini3)
 *(.fini3)
 *(.fini2)
 *(.fini2)
 *(.fini1)
 *(.fini1)
 *(.fini0)
 .fini0         0x00003684        0x4 c:/program files (x86)/atmel/studio/7.0/toolchain/avr8/avr8-gnu-toolchain/bin/../lib/gcc/avr/5.4.0/avr5\libgcc.a(_exit.o)
 *(.fini0)
                0x00003688                _etext = .

.data           0x00800100       0xf0 load address 0x00003688
                0x00800100                PROVIDE (__data_start, .)
 *(.data)
 *(.data*)
 .data.command_type
                0x00800100        0x2 Sketch.o
                0x00800100                command_type
 .data.alpha    0x00800102        0x4 Sketch.o
                0x00800102                alpha
 .data.touch_switch_read
                0x00800106        0x1 Sketch.o
                0x00800106                touch_switch_read
 .data.Kd3      0x00800107        0x4 Sketch.o
                0x00800107                Kd3
 .data.Ki3      0x0080010b        0x4 Sketch.o
                0x0080010b                Ki3
 .data.Kp3      0x0080010f        0x4 Sketch.o
                0x0080010f                Kp3
 .data.Kd2      0x00800113        0x4 Sketch.o
                0x00800113                Kd2
 .data.Ki2      0x00800117        0x4 Sketch.o
                0x00800117                Ki2
 .data.Kp2      0x0080011b        0x4 Sketch.o
                0x0080011b                Kp2
 .data.Kd1      0x0080011f        0x4 Sketch.o
                0x0080011f                Kd1
 .data.Ki1      0x00800123        0x4 Sketch.o
                0x00800123                Ki1
 .data.Kp1      0x00800127        0x4 Sketch.o
                0x00800127                Kp1
 .data.pi       0x0080012b        0x4 Sketch.o
                0x0080012b                pi
 .data.min_module_length
                0x0080012f        0x4 Sketch.o
                0x0080012f                min_module_length
 .data.max_module_length
                0x00800133        0x4 Sketch.o
                0x00800133                max_module_length
 .data.shaft_diameter
                0x00800137        0x4 Sketch.o
                0x00800137                shaft_diameter
 .data.quad_count_mode_multiplier
                0x0080013b        0x2 Sketch.o
                0x0080013b                quad_count_mode_multiplier
 .data.encoder_ticks_per_rev
                0x0080013d        0x2 Sketch.o
                0x0080013d                encoder_ticks_per_rev
 .data.gear_ratio
                0x0080013f        0x4 Sketch.o
                0x0080013f                gear_ratio
 .data._initEndpoints
                0x00800143        0x7 S:\Members\ShouShan\gitlab_projects\origami-continuum-arm\software\ArduinoSketch7\ArduinoSketch7\ArduinoCore\Debug\libArduinoCore.a(USBCore.o)
                0x00800143                _initEndpoints
 .data.analog_reference
                0x0080014a        0x1 S:\Members\ShouShan\gitlab_projects\origami-continuum-arm\software\ArduinoSketch7\ArduinoSketch7\ArduinoCore\Debug\libArduinoCore.a(wiring_analog.o)
                0x0080014a                analog_reference
 .data._ZL10breakValue
                0x0080014b        0x4 S:\Members\ShouShan\gitlab_projects\origami-continuum-arm\software\ArduinoSketch7\ArduinoSketch7\ArduinoCore\Debug\libArduinoCore.a(CDC.o)
 .data._ZL12_usbLineInfo
                0x0080014f        0x8 S:\Members\ShouShan\gitlab_projects\origami-continuum-arm\software\ArduinoSketch7\ArduinoSketch7\ArduinoCore\Debug\libArduinoCore.a(CDC.o)
 *(.rodata)
 *(.rodata*)
 .rodata.str1.1
                0x00800157       0x5a Sketch.o
 .rodata._ZTV14HardwareSerial
                0x008001b1       0x10 S:\Members\ShouShan\gitlab_projects\origami-continuum-arm\software\ArduinoSketch7\ArduinoSketch7\ArduinoCore\Debug\libArduinoCore.a(HardwareSerial.o)
                0x008001b1                _ZTV14HardwareSerial
 .rodata.str1.1
                0x008001c1        0xf S:\Members\ShouShan\gitlab_projects\origami-continuum-arm\software\ArduinoSketch7\ArduinoSketch7\ArduinoCore\Debug\libArduinoCore.a(Print.o)
                                 0x11 (size before relaxing)
 .rodata._ZTV7TwoWire
                0x008001d0       0x10 S:\Members\ShouShan\gitlab_projects\origami-continuum-arm\software\ArduinoSketch7\ArduinoSketch7\ArduinoCore\Debug\libArduinoCore.a(Wire.o)
                0x008001d0                _ZTV7TwoWire
 .rodata._ZTV7Serial_
                0x008001e0       0x10 S:\Members\ShouShan\gitlab_projects\origami-continuum-arm\software\ArduinoSketch7\ArduinoSketch7\ArduinoCore\Debug\libArduinoCore.a(CDC.o)
                0x008001e0                _ZTV7Serial_
 *(.gnu.linkonce.d*)
                0x008001f0                . = ALIGN (0x2)
                0x008001f0                _edata = .
                0x008001f0                PROVIDE (__data_end, .)

.bss            0x008001f0      0x2c5
                0x008001f0                PROVIDE (__bss_start, .)
 *(.bss)
 *(.bss*)
 .bss.encoder_offset
                0x008001f0        0x4 Sketch.o
                0x008001f0                encoder_offset
 .bss.motor3_stall
                0x008001f4        0x1 Sketch.o
                0x008001f4                motor3_stall
 .bss.motor2_stall
                0x008001f5        0x1 Sketch.o
                0x008001f5                motor2_stall
 .bss.motor1_stall
                0x008001f6        0x1 Sketch.o
                0x008001f6                motor1_stall
 .bss.m3_cur_val
                0x008001f7        0x4 Sketch.o
                0x008001f7                m3_cur_val
 .bss.m2_cur_val
                0x008001fb        0x4 Sketch.o
                0x008001fb                m2_cur_val
 .bss.m1_cur_val
                0x008001ff        0x4 Sketch.o
                0x008001ff                m1_cur_val
 .bss.motor3_cur_val
                0x00800203        0x2 Sketch.o
                0x00800203                motor3_cur_val
 .bss.motor2_cur_val
                0x00800205        0x2 Sketch.o
                0x00800205                motor2_cur_val
 .bss.motor1_cur_val
                0x00800207        0x2 Sketch.o
                0x00800207                motor1_cur_val
 .bss.m3pid     0x00800209       0x37 Sketch.o
                0x00800209                m3pid
 .bss.m2pid     0x00800240       0x37 Sketch.o
                0x00800240                m2pid
 .bss.m1pid     0x00800277       0x37 Sketch.o
                0x00800277                m1pid
 .bss.touch_state
                0x008002ae        0x1 Sketch.o
                0x008002ae                touch_state
 .bss.encoder   0x008002af        0xc Sketch.o
                0x008002af                encoder
 .bss.encoderData
                0x008002bb        0x6 Sketch.o
                0x008002bb                encoderData
 .bss.motorCommand
                0x008002c1        0x6 Sketch.o
                0x008002c1                motorCommand
 .bss.des_length3
                0x008002c7        0x4 Sketch.o
                0x008002c7                des_length3
 .bss.des_length2
                0x008002cb        0x4 Sketch.o
                0x008002cb                des_length2
 .bss.des_length1
                0x008002cf        0x4 Sketch.o
                0x008002cf                des_length1
 .bss.mo3       0x008002d3        0x4 Sketch.o
                0x008002d3                mo3
 .bss.mo2       0x008002d7        0x4 Sketch.o
                0x008002d7                mo2
 .bss.mo        0x008002db        0x4 Sketch.o
                0x008002db                mo
 .bss.encoder_ticks_to_angle
                0x008002df        0x4 Sketch.o
                0x008002df                encoder_ticks_to_angle
 .bss.Serial1   0x008002e3       0x9d S:\Members\ShouShan\gitlab_projects\origami-continuum-arm\software\ArduinoSketch7\ArduinoSketch7\ArduinoCore\Debug\libArduinoCore.a(HardwareSerial1.o)
                0x008002e3                Serial1
 .bss.USBDevice
                0x00800380        0x1 S:\Members\ShouShan\gitlab_projects\origami-continuum-arm\software\ArduinoSketch7\ArduinoSketch7\ArduinoCore\Debug\libArduinoCore.a(USBCore.o)
                0x00800380                USBDevice
 .bss._ZL13_cdcComposite
                0x00800381        0x1 S:\Members\ShouShan\gitlab_projects\origami-continuum-arm\software\ArduinoSketch7\ArduinoSketch7\ArduinoCore\Debug\libArduinoCore.a(USBCore.o)
 .bss._ZL5_cend
                0x00800382        0x2 S:\Members\ShouShan\gitlab_projects\origami-continuum-arm\software\ArduinoSketch7\ArduinoSketch7\ArduinoCore\Debug\libArduinoCore.a(USBCore.o)
 .bss._ZL6_cmark
                0x00800384        0x2 S:\Members\ShouShan\gitlab_projects\origami-continuum-arm\software\ArduinoSketch7\ArduinoSketch7\ArduinoCore\Debug\libArduinoCore.a(USBCore.o)
 .bss._usbSuspendState
                0x00800386        0x1 S:\Members\ShouShan\gitlab_projects\origami-continuum-arm\software\ArduinoSketch7\ArduinoSketch7\ArduinoCore\Debug\libArduinoCore.a(USBCore.o)
                0x00800386                _usbSuspendState
 .bss._usbCurrentStatus
                0x00800387        0x1 S:\Members\ShouShan\gitlab_projects\origami-continuum-arm\software\ArduinoSketch7\ArduinoSketch7\ArduinoCore\Debug\libArduinoCore.a(USBCore.o)
                0x00800387                _usbCurrentStatus
 .bss._usbConfiguration
                0x00800388        0x1 S:\Members\ShouShan\gitlab_projects\origami-continuum-arm\software\ArduinoSketch7\ArduinoSketch7\ArduinoCore\Debug\libArduinoCore.a(USBCore.o)
                0x00800388                _usbConfiguration
 .bss.RxLEDPulse
                0x00800389        0x1 S:\Members\ShouShan\gitlab_projects\origami-continuum-arm\software\ArduinoSketch7\ArduinoSketch7\ArduinoCore\Debug\libArduinoCore.a(USBCore.o)
                0x00800389                RxLEDPulse
 .bss.TxLEDPulse
                0x0080038a        0x1 S:\Members\ShouShan\gitlab_projects\origami-continuum-arm\software\ArduinoSketch7\ArduinoSketch7\ArduinoCore\Debug\libArduinoCore.a(USBCore.o)
                0x0080038a                TxLEDPulse
 .bss.timer0_fract
                0x0080038b        0x1 S:\Members\ShouShan\gitlab_projects\origami-continuum-arm\software\ArduinoSketch7\ArduinoSketch7\ArduinoCore\Debug\libArduinoCore.a(wiring.o)
 .bss.timer0_millis
                0x0080038c        0x4 S:\Members\ShouShan\gitlab_projects\origami-continuum-arm\software\ArduinoSketch7\ArduinoSketch7\ArduinoCore\Debug\libArduinoCore.a(wiring.o)
                0x0080038c                timer0_millis
 .bss.timer0_overflow_count
                0x00800390        0x4 S:\Members\ShouShan\gitlab_projects\origami-continuum-arm\software\ArduinoSketch7\ArduinoSketch7\ArduinoCore\Debug\libArduinoCore.a(wiring.o)
                0x00800390                timer0_overflow_count
 .bss._ZN8SPIClass11initializedE
                0x00800394        0x1 S:\Members\ShouShan\gitlab_projects\origami-continuum-arm\software\ArduinoSketch7\ArduinoSketch7\ArduinoCore\Debug\libArduinoCore.a(SPI.o)
                0x00800394                _ZN8SPIClass11initializedE
 .bss.Wire      0x00800395        0xc S:\Members\ShouShan\gitlab_projects\origami-continuum-arm\software\ArduinoSketch7\ArduinoSketch7\ArduinoCore\Debug\libArduinoCore.a(Wire.o)
                0x00800395                Wire
 .bss._ZN7TwoWire14user_onReceiveE
                0x008003a1        0x2 S:\Members\ShouShan\gitlab_projects\origami-continuum-arm\software\ArduinoSketch7\ArduinoSketch7\ArduinoCore\Debug\libArduinoCore.a(Wire.o)
                0x008003a1                _ZN7TwoWire14user_onReceiveE
 .bss._ZN7TwoWire14user_onRequestE
                0x008003a3        0x2 S:\Members\ShouShan\gitlab_projects\origami-continuum-arm\software\ArduinoSketch7\ArduinoSketch7\ArduinoCore\Debug\libArduinoCore.a(Wire.o)
                0x008003a3                _ZN7TwoWire14user_onRequestE
 .bss._ZN7TwoWire12transmittingE
                0x008003a5        0x1 S:\Members\ShouShan\gitlab_projects\origami-continuum-arm\software\ArduinoSketch7\ArduinoSketch7\ArduinoCore\Debug\libArduinoCore.a(Wire.o)
                0x008003a5                _ZN7TwoWire12transmittingE
 .bss._ZN7TwoWire14txBufferLengthE
                0x008003a6        0x1 S:\Members\ShouShan\gitlab_projects\origami-continuum-arm\software\ArduinoSketch7\ArduinoSketch7\ArduinoCore\Debug\libArduinoCore.a(Wire.o)
                0x008003a6                _ZN7TwoWire14txBufferLengthE
 .bss._ZN7TwoWire13txBufferIndexE
                0x008003a7        0x1 S:\Members\ShouShan\gitlab_projects\origami-continuum-arm\software\ArduinoSketch7\ArduinoSketch7\ArduinoCore\Debug\libArduinoCore.a(Wire.o)
                0x008003a7                _ZN7TwoWire13txBufferIndexE
 .bss._ZN7TwoWire8txBufferE
                0x008003a8       0x20 S:\Members\ShouShan\gitlab_projects\origami-continuum-arm\software\ArduinoSketch7\ArduinoSketch7\ArduinoCore\Debug\libArduinoCore.a(Wire.o)
                0x008003a8                _ZN7TwoWire8txBufferE
 .bss._ZN7TwoWire14rxBufferLengthE
                0x008003c8        0x1 S:\Members\ShouShan\gitlab_projects\origami-continuum-arm\software\ArduinoSketch7\ArduinoSketch7\ArduinoCore\Debug\libArduinoCore.a(Wire.o)
                0x008003c8                _ZN7TwoWire14rxBufferLengthE
 .bss._ZN7TwoWire13rxBufferIndexE
                0x008003c9        0x1 S:\Members\ShouShan\gitlab_projects\origami-continuum-arm\software\ArduinoSketch7\ArduinoSketch7\ArduinoCore\Debug\libArduinoCore.a(Wire.o)
                0x008003c9                _ZN7TwoWire13rxBufferIndexE
 .bss._ZN7TwoWire8rxBufferE
                0x008003ca       0x20 S:\Members\ShouShan\gitlab_projects\origami-continuum-arm\software\ArduinoSketch7\ArduinoSketch7\ArduinoCore\Debug\libArduinoCore.a(Wire.o)
                0x008003ca                _ZN7TwoWire8rxBufferE
 .bss.Serial    0x008003ea       0x50 S:\Members\ShouShan\gitlab_projects\origami-continuum-arm\software\ArduinoSketch7\ArduinoSketch7\ArduinoCore\Debug\libArduinoCore.a(CDC.o)
                0x008003ea                Serial
 .bss._updatedLUFAbootloader
                0x0080043a        0x1 S:\Members\ShouShan\gitlab_projects\origami-continuum-arm\software\ArduinoSketch7\ArduinoSketch7\ArduinoCore\Debug\libArduinoCore.a(CDC.o)
                0x0080043a                _updatedLUFAbootloader
 .bss._ZZ12PluggableUSBvE3obj
                0x0080043b        0x4 S:\Members\ShouShan\gitlab_projects\origami-continuum-arm\software\ArduinoSketch7\ArduinoSketch7\ArduinoCore\Debug\libArduinoCore.a(PluggableUSB.o)
 .bss._ZGVZ12PluggableUSBvE3obj
                0x0080043f        0x8 S:\Members\ShouShan\gitlab_projects\origami-continuum-arm\software\ArduinoSketch7\ArduinoSketch7\ArduinoCore\Debug\libArduinoCore.a(PluggableUSB.o)
 .bss.twi_error
                0x00800447        0x1 S:\Members\ShouShan\gitlab_projects\origami-continuum-arm\software\ArduinoSketch7\ArduinoSketch7\ArduinoCore\Debug\libArduinoCore.a(twi.o)
 .bss.twi_rxBufferIndex
                0x00800448        0x1 S:\Members\ShouShan\gitlab_projects\origami-continuum-arm\software\ArduinoSketch7\ArduinoSketch7\ArduinoCore\Debug\libArduinoCore.a(twi.o)
 .bss.twi_rxBuffer
                0x00800449       0x20 S:\Members\ShouShan\gitlab_projects\origami-continuum-arm\software\ArduinoSketch7\ArduinoSketch7\ArduinoCore\Debug\libArduinoCore.a(twi.o)
 .bss.twi_txBufferLength
                0x00800469        0x1 S:\Members\ShouShan\gitlab_projects\origami-continuum-arm\software\ArduinoSketch7\ArduinoSketch7\ArduinoCore\Debug\libArduinoCore.a(twi.o)
 .bss.twi_txBufferIndex
                0x0080046a        0x1 S:\Members\ShouShan\gitlab_projects\origami-continuum-arm\software\ArduinoSketch7\ArduinoSketch7\ArduinoCore\Debug\libArduinoCore.a(twi.o)
 .bss.twi_txBuffer
                0x0080046b       0x20 S:\Members\ShouShan\gitlab_projects\origami-continuum-arm\software\ArduinoSketch7\ArduinoSketch7\ArduinoCore\Debug\libArduinoCore.a(twi.o)
 .bss.twi_masterBufferLength
                0x0080048b        0x1 S:\Members\ShouShan\gitlab_projects\origami-continuum-arm\software\ArduinoSketch7\ArduinoSketch7\ArduinoCore\Debug\libArduinoCore.a(twi.o)
 .bss.twi_masterBufferIndex
                0x0080048c        0x1 S:\Members\ShouShan\gitlab_projects\origami-continuum-arm\software\ArduinoSketch7\ArduinoSketch7\ArduinoCore\Debug\libArduinoCore.a(twi.o)
 .bss.twi_masterBuffer
                0x0080048d       0x20 S:\Members\ShouShan\gitlab_projects\origami-continuum-arm\software\ArduinoSketch7\ArduinoSketch7\ArduinoCore\Debug\libArduinoCore.a(twi.o)
 .bss.twi_onSlaveReceive
                0x008004ad        0x2 S:\Members\ShouShan\gitlab_projects\origami-continuum-arm\software\ArduinoSketch7\ArduinoSketch7\ArduinoCore\Debug\libArduinoCore.a(twi.o)
 .bss.twi_onSlaveTransmit
                0x008004af        0x2 S:\Members\ShouShan\gitlab_projects\origami-continuum-arm\software\ArduinoSketch7\ArduinoSketch7\ArduinoCore\Debug\libArduinoCore.a(twi.o)
 .bss.twi_inRepStart
                0x008004b1        0x1 S:\Members\ShouShan\gitlab_projects\origami-continuum-arm\software\ArduinoSketch7\ArduinoSketch7\ArduinoCore\Debug\libArduinoCore.a(twi.o)
 .bss.twi_sendStop
                0x008004b2        0x1 S:\Members\ShouShan\gitlab_projects\origami-continuum-arm\software\ArduinoSketch7\ArduinoSketch7\ArduinoCore\Debug\libArduinoCore.a(twi.o)
 .bss.twi_slarw
                0x008004b3        0x1 S:\Members\ShouShan\gitlab_projects\origami-continuum-arm\software\ArduinoSketch7\ArduinoSketch7\ArduinoCore\Debug\libArduinoCore.a(twi.o)
 .bss.twi_state
                0x008004b4        0x1 S:\Members\ShouShan\gitlab_projects\origami-continuum-arm\software\ArduinoSketch7\ArduinoSketch7\ArduinoCore\Debug\libArduinoCore.a(twi.o)
 *(COMMON)
                0x008004b5                PROVIDE (__bss_end, .)
                0x00003688                __data_load_start = LOADADDR (.data)
                0x00003778                __data_load_end = (__data_load_start + SIZEOF (.data))

.noinit         0x008004b5        0x0
                [!provide]                PROVIDE (__noinit_start, .)
 *(.noinit*)
                [!provide]                PROVIDE (__noinit_end, .)
                0x008004b5                _end = .
                [!provide]                PROVIDE (__heap_start, .)

.eeprom         0x00810000        0x0
 *(.eeprom*)
                0x00810000                __eeprom_end = .

.fuse
 *(.fuse)
 *(.lfuse)
 *(.hfuse)
 *(.efuse)

.lock
 *(.lock*)

.signature
 *(.signature*)

.user_signatures
 *(.user_signatures*)

.stab
 *(.stab)

.stabstr
 *(.stabstr)

.stab.excl
 *(.stab.excl)

.stab.exclstr
 *(.stab.exclstr)

.stab.index
 *(.stab.index)

.stab.indexstr
 *(.stab.indexstr)

.comment        0x00000000       0x30
 *(.comment)
 .comment       0x00000000       0x30 Sketch.o
                                 0x31 (size before relaxing)
 .comment       0x00000030       0x31 S:\Members\ShouShan\gitlab_projects\origami-continuum-arm\software\ArduinoSketch7\ArduinoSketch7\ArduinoCore\Debug\libArduinoCore.a(HardwareSerial.o)
 .comment       0x00000030       0x31 S:\Members\ShouShan\gitlab_projects\origami-continuum-arm\software\ArduinoSketch7\ArduinoSketch7\ArduinoCore\Debug\libArduinoCore.a(HardwareSerial1.o)
 .comment       0x00000030       0x31 S:\Members\ShouShan\gitlab_projects\origami-continuum-arm\software\ArduinoSketch7\ArduinoSketch7\ArduinoCore\Debug\libArduinoCore.a(main.o)
 .comment       0x00000030       0x31 S:\Members\ShouShan\gitlab_projects\origami-continuum-arm\software\ArduinoSketch7\ArduinoSketch7\ArduinoCore\Debug\libArduinoCore.a(Print.o)
 .comment       0x00000030       0x31 S:\Members\ShouShan\gitlab_projects\origami-continuum-arm\software\ArduinoSketch7\ArduinoSketch7\ArduinoCore\Debug\libArduinoCore.a(USBCore.o)
 .comment       0x00000030       0x31 S:\Members\ShouShan\gitlab_projects\origami-continuum-arm\software\ArduinoSketch7\ArduinoSketch7\ArduinoCore\Debug\libArduinoCore.a(wiring.o)
 .comment       0x00000030       0x31 S:\Members\ShouShan\gitlab_projects\origami-continuum-arm\software\ArduinoSketch7\ArduinoSketch7\ArduinoCore\Debug\libArduinoCore.a(wiring_analog.o)
 .comment       0x00000030       0x31 S:\Members\ShouShan\gitlab_projects\origami-continuum-arm\software\ArduinoSketch7\ArduinoSketch7\ArduinoCore\Debug\libArduinoCore.a(wiring_digital.o)
 .comment       0x00000030       0x31 S:\Members\ShouShan\gitlab_projects\origami-continuum-arm\software\ArduinoSketch7\ArduinoSketch7\ArduinoCore\Debug\libArduinoCore.a(PID_v1.o)
 .comment       0x00000030       0x31 S:\Members\ShouShan\gitlab_projects\origami-continuum-arm\software\ArduinoSketch7\ArduinoSketch7\ArduinoCore\Debug\libArduinoCore.a(SPI.o)
 .comment       0x00000030       0x31 S:\Members\ShouShan\gitlab_projects\origami-continuum-arm\software\ArduinoSketch7\ArduinoSketch7\ArduinoCore\Debug\libArduinoCore.a(Wire.o)
 .comment       0x00000030       0x31 S:\Members\ShouShan\gitlab_projects\origami-continuum-arm\software\ArduinoSketch7\ArduinoSketch7\ArduinoCore\Debug\libArduinoCore.a(CDC.o)
 .comment       0x00000030       0x31 S:\Members\ShouShan\gitlab_projects\origami-continuum-arm\software\ArduinoSketch7\ArduinoSketch7\ArduinoCore\Debug\libArduinoCore.a(hooks.o)
 .comment       0x00000030       0x31 S:\Members\ShouShan\gitlab_projects\origami-continuum-arm\software\ArduinoSketch7\ArduinoSketch7\ArduinoCore\Debug\libArduinoCore.a(PluggableUSB.o)
 .comment       0x00000030       0x31 S:\Members\ShouShan\gitlab_projects\origami-continuum-arm\software\ArduinoSketch7\ArduinoSketch7\ArduinoCore\Debug\libArduinoCore.a(twi.o)

.note.gnu.avr.deviceinfo
                0x00000000       0x40
 .note.gnu.avr.deviceinfo
                0x00000000       0x40 C:/Program Files (x86)/Atmel/Studio/7.0/Packs/atmel/ATmega_DFP/1.2.132/gcc/dev/atmega32u4/avr5/crtatmega32u4.o

.note.gnu.build-id
 *(.note.gnu.build-id)

.debug
 *(.debug)

.line
 *(.line)

.debug_srcinfo
 *(.debug_srcinfo)

.debug_sfnames
 *(.debug_sfnames)

.debug_aranges  0x00000000      0x708
 *(.debug_aranges)
 .debug_aranges
                0x00000000       0x70 Sketch.o
 .debug_aranges
                0x00000070       0x68 S:\Members\ShouShan\gitlab_projects\origami-continuum-arm\software\ArduinoSketch7\ArduinoSketch7\ArduinoCore\Debug\libArduinoCore.a(HardwareSerial.o)
 .debug_aranges
                0x000000d8       0x38 S:\Members\ShouShan\gitlab_projects\origami-continuum-arm\software\ArduinoSketch7\ArduinoSketch7\ArduinoCore\Debug\libArduinoCore.a(HardwareSerial1.o)
 .debug_aranges
                0x00000110       0x30 S:\Members\ShouShan\gitlab_projects\origami-continuum-arm\software\ArduinoSketch7\ArduinoSketch7\ArduinoCore\Debug\libArduinoCore.a(main.o)
 .debug_aranges
                0x00000140       0xf0 S:\Members\ShouShan\gitlab_projects\origami-continuum-arm\software\ArduinoSketch7\ArduinoSketch7\ArduinoCore\Debug\libArduinoCore.a(Print.o)
 .debug_aranges
                0x00000230       0xd8 S:\Members\ShouShan\gitlab_projects\origami-continuum-arm\software\ArduinoSketch7\ArduinoSketch7\ArduinoCore\Debug\libArduinoCore.a(USBCore.o)
 .debug_aranges
                0x00000308       0x48 S:\Members\ShouShan\gitlab_projects\origami-continuum-arm\software\ArduinoSketch7\ArduinoSketch7\ArduinoCore\Debug\libArduinoCore.a(wiring.o)
 .debug_aranges
                0x00000350       0x30 S:\Members\ShouShan\gitlab_projects\origami-continuum-arm\software\ArduinoSketch7\ArduinoSketch7\ArduinoCore\Debug\libArduinoCore.a(wiring_analog.o)
 .debug_aranges
                0x00000380       0x38 S:\Members\ShouShan\gitlab_projects\origami-continuum-arm\software\ArduinoSketch7\ArduinoSketch7\ArduinoCore\Debug\libArduinoCore.a(wiring_digital.o)
 .debug_aranges
                0x000003b8       0x80 S:\Members\ShouShan\gitlab_projects\origami-continuum-arm\software\ArduinoSketch7\ArduinoSketch7\ArduinoCore\Debug\libArduinoCore.a(PID_v1.o)
 .debug_aranges
                0x00000438       0x38 S:\Members\ShouShan\gitlab_projects\origami-continuum-arm\software\ArduinoSketch7\ArduinoSketch7\ArduinoCore\Debug\libArduinoCore.a(SPI.o)
 .debug_aranges
                0x00000470       0xe8 S:\Members\ShouShan\gitlab_projects\origami-continuum-arm\software\ArduinoSketch7\ArduinoSketch7\ArduinoCore\Debug\libArduinoCore.a(Wire.o)
 .debug_aranges
                0x00000558       0xc0 S:\Members\ShouShan\gitlab_projects\origami-continuum-arm\software\ArduinoSketch7\ArduinoSketch7\ArduinoCore\Debug\libArduinoCore.a(CDC.o)
 .debug_aranges
                0x00000618       0x20 S:\Members\ShouShan\gitlab_projects\origami-continuum-arm\software\ArduinoSketch7\ArduinoSketch7\ArduinoCore\Debug\libArduinoCore.a(hooks.o)
 .debug_aranges
                0x00000638       0x50 S:\Members\ShouShan\gitlab_projects\origami-continuum-arm\software\ArduinoSketch7\ArduinoSketch7\ArduinoCore\Debug\libArduinoCore.a(PluggableUSB.o)
 .debug_aranges
                0x00000688       0x80 S:\Members\ShouShan\gitlab_projects\origami-continuum-arm\software\ArduinoSketch7\ArduinoSketch7\ArduinoCore\Debug\libArduinoCore.a(twi.o)

.debug_pubnames
 *(.debug_pubnames)

.debug_info     0x00000000    0x121a9
 *(.debug_info .gnu.linkonce.wi.*)
 .debug_info    0x00000000      0x9f4 C:/Program Files (x86)/Atmel/Studio/7.0/Packs/atmel/ATmega_DFP/1.2.132/gcc/dev/atmega32u4/avr5/crtatmega32u4.o
 .debug_info    0x000009f4     0x1d8c Sketch.o
 .debug_info    0x00002780     0x1eb3 S:\Members\ShouShan\gitlab_projects\origami-continuum-arm\software\ArduinoSketch7\ArduinoSketch7\ArduinoCore\Debug\libArduinoCore.a(HardwareSerial.o)
 .debug_info    0x00004633     0x1aa7 S:\Members\ShouShan\gitlab_projects\origami-continuum-arm\software\ArduinoSketch7\ArduinoSketch7\ArduinoCore\Debug\libArduinoCore.a(HardwareSerial1.o)
 .debug_info    0x000060da      0x33a S:\Members\ShouShan\gitlab_projects\origami-continuum-arm\software\ArduinoSketch7\ArduinoSketch7\ArduinoCore\Debug\libArduinoCore.a(main.o)
 .debug_info    0x00006414     0x2892 S:\Members\ShouShan\gitlab_projects\origami-continuum-arm\software\ArduinoSketch7\ArduinoSketch7\ArduinoCore\Debug\libArduinoCore.a(Print.o)
 .debug_info    0x00008ca6     0x1a21 S:\Members\ShouShan\gitlab_projects\origami-continuum-arm\software\ArduinoSketch7\ArduinoSketch7\ArduinoCore\Debug\libArduinoCore.a(USBCore.o)
 .debug_info    0x0000a6c7      0x2f9 S:\Members\ShouShan\gitlab_projects\origami-continuum-arm\software\ArduinoSketch7\ArduinoSketch7\ArduinoCore\Debug\libArduinoCore.a(wiring.o)
 .debug_info    0x0000a9c0      0x2d7 S:\Members\ShouShan\gitlab_projects\origami-continuum-arm\software\ArduinoSketch7\ArduinoSketch7\ArduinoCore\Debug\libArduinoCore.a(wiring_analog.o)
 .debug_info    0x0000ac97      0x633 S:\Members\ShouShan\gitlab_projects\origami-continuum-arm\software\ArduinoSketch7\ArduinoSketch7\ArduinoCore\Debug\libArduinoCore.a(wiring_digital.o)
 .debug_info    0x0000b2ca      0x9f8 S:\Members\ShouShan\gitlab_projects\origami-continuum-arm\software\ArduinoSketch7\ArduinoSketch7\ArduinoCore\Debug\libArduinoCore.a(PID_v1.o)
 .debug_info    0x0000bcc2      0x699 S:\Members\ShouShan\gitlab_projects\origami-continuum-arm\software\ArduinoSketch7\ArduinoSketch7\ArduinoCore\Debug\libArduinoCore.a(SPI.o)
 .debug_info    0x0000c35b     0x2717 S:\Members\ShouShan\gitlab_projects\origami-continuum-arm\software\ArduinoSketch7\ArduinoSketch7\ArduinoCore\Debug\libArduinoCore.a(Wire.o)
 .debug_info    0x0000ea72     0x2928 S:\Members\ShouShan\gitlab_projects\origami-continuum-arm\software\ArduinoSketch7\ArduinoSketch7\ArduinoCore\Debug\libArduinoCore.a(CDC.o)
 .debug_info    0x0001139a       0x3e S:\Members\ShouShan\gitlab_projects\origami-continuum-arm\software\ArduinoSketch7\ArduinoSketch7\ArduinoCore\Debug\libArduinoCore.a(hooks.o)
 .debug_info    0x000113d8      0x79f S:\Members\ShouShan\gitlab_projects\origami-continuum-arm\software\ArduinoSketch7\ArduinoSketch7\ArduinoCore\Debug\libArduinoCore.a(PluggableUSB.o)
 .debug_info    0x00011b77      0x632 S:\Members\ShouShan\gitlab_projects\origami-continuum-arm\software\ArduinoSketch7\ArduinoSketch7\ArduinoCore\Debug\libArduinoCore.a(twi.o)

.debug_abbrev   0x00000000     0x3b82
 *(.debug_abbrev)
 .debug_abbrev  0x00000000      0x96a C:/Program Files (x86)/Atmel/Studio/7.0/Packs/atmel/ATmega_DFP/1.2.132/gcc/dev/atmega32u4/avr5/crtatmega32u4.o
 .debug_abbrev  0x0000096a      0x45c Sketch.o
 .debug_abbrev  0x00000dc6      0x432 S:\Members\ShouShan\gitlab_projects\origami-continuum-arm\software\ArduinoSketch7\ArduinoSketch7\ArduinoCore\Debug\libArduinoCore.a(HardwareSerial.o)
 .debug_abbrev  0x000011f8      0x3a2 S:\Members\ShouShan\gitlab_projects\origami-continuum-arm\software\ArduinoSketch7\ArduinoSketch7\ArduinoCore\Debug\libArduinoCore.a(HardwareSerial1.o)
 .debug_abbrev  0x0000159a      0x19a S:\Members\ShouShan\gitlab_projects\origami-continuum-arm\software\ArduinoSketch7\ArduinoSketch7\ArduinoCore\Debug\libArduinoCore.a(main.o)
 .debug_abbrev  0x00001734      0x469 S:\Members\ShouShan\gitlab_projects\origami-continuum-arm\software\ArduinoSketch7\ArduinoSketch7\ArduinoCore\Debug\libArduinoCore.a(Print.o)
 .debug_abbrev  0x00001b9d      0x5f1 S:\Members\ShouShan\gitlab_projects\origami-continuum-arm\software\ArduinoSketch7\ArduinoSketch7\ArduinoCore\Debug\libArduinoCore.a(USBCore.o)
 .debug_abbrev  0x0000218e      0x146 S:\Members\ShouShan\gitlab_projects\origami-continuum-arm\software\ArduinoSketch7\ArduinoSketch7\ArduinoCore\Debug\libArduinoCore.a(wiring.o)
 .debug_abbrev  0x000022d4      0x183 S:\Members\ShouShan\gitlab_projects\origami-continuum-arm\software\ArduinoSketch7\ArduinoSketch7\ArduinoCore\Debug\libArduinoCore.a(wiring_analog.o)
 .debug_abbrev  0x00002457      0x15a S:\Members\ShouShan\gitlab_projects\origami-continuum-arm\software\ArduinoSketch7\ArduinoSketch7\ArduinoCore\Debug\libArduinoCore.a(wiring_digital.o)
 .debug_abbrev  0x000025b1      0x29a S:\Members\ShouShan\gitlab_projects\origami-continuum-arm\software\ArduinoSketch7\ArduinoSketch7\ArduinoCore\Debug\libArduinoCore.a(PID_v1.o)
 .debug_abbrev  0x0000284b      0x283 S:\Members\ShouShan\gitlab_projects\origami-continuum-arm\software\ArduinoSketch7\ArduinoSketch7\ArduinoCore\Debug\libArduinoCore.a(SPI.o)
 .debug_abbrev  0x00002ace      0x583 S:\Members\ShouShan\gitlab_projects\origami-continuum-arm\software\ArduinoSketch7\ArduinoSketch7\ArduinoCore\Debug\libArduinoCore.a(Wire.o)
 .debug_abbrev  0x00003051      0x5e2 S:\Members\ShouShan\gitlab_projects\origami-continuum-arm\software\ArduinoSketch7\ArduinoSketch7\ArduinoCore\Debug\libArduinoCore.a(CDC.o)
 .debug_abbrev  0x00003633       0x2a S:\Members\ShouShan\gitlab_projects\origami-continuum-arm\software\ArduinoSketch7\ArduinoSketch7\ArduinoCore\Debug\libArduinoCore.a(hooks.o)
 .debug_abbrev  0x0000365d      0x2c5 S:\Members\ShouShan\gitlab_projects\origami-continuum-arm\software\ArduinoSketch7\ArduinoSketch7\ArduinoCore\Debug\libArduinoCore.a(PluggableUSB.o)
 .debug_abbrev  0x00003922      0x260 S:\Members\ShouShan\gitlab_projects\origami-continuum-arm\software\ArduinoSketch7\ArduinoSketch7\ArduinoCore\Debug\libArduinoCore.a(twi.o)

.debug_line     0x00000000     0x4552
 *(.debug_line .debug_line.* .debug_line_end)
 .debug_line    0x00000000      0x199 C:/Program Files (x86)/Atmel/Studio/7.0/Packs/atmel/ATmega_DFP/1.2.132/gcc/dev/atmega32u4/avr5/crtatmega32u4.o
 .debug_line    0x00000199      0x94b Sketch.o
 .debug_line    0x00000ae4      0x42f S:\Members\ShouShan\gitlab_projects\origami-continuum-arm\software\ArduinoSketch7\ArduinoSketch7\ArduinoCore\Debug\libArduinoCore.a(HardwareSerial.o)
 .debug_line    0x00000f13      0x260 S:\Members\ShouShan\gitlab_projects\origami-continuum-arm\software\ArduinoSketch7\ArduinoSketch7\ArduinoCore\Debug\libArduinoCore.a(HardwareSerial1.o)
 .debug_line    0x00001173      0x180 S:\Members\ShouShan\gitlab_projects\origami-continuum-arm\software\ArduinoSketch7\ArduinoSketch7\ArduinoCore\Debug\libArduinoCore.a(main.o)
 .debug_line    0x000012f3      0x637 S:\Members\ShouShan\gitlab_projects\origami-continuum-arm\software\ArduinoSketch7\ArduinoSketch7\ArduinoCore\Debug\libArduinoCore.a(Print.o)
 .debug_line    0x0000192a      0x9d1 S:\Members\ShouShan\gitlab_projects\origami-continuum-arm\software\ArduinoSketch7\ArduinoSketch7\ArduinoCore\Debug\libArduinoCore.a(USBCore.o)
 .debug_line    0x000022fb      0x2c6 S:\Members\ShouShan\gitlab_projects\origami-continuum-arm\software\ArduinoSketch7\ArduinoSketch7\ArduinoCore\Debug\libArduinoCore.a(wiring.o)
 .debug_line    0x000025c1      0x283 S:\Members\ShouShan\gitlab_projects\origami-continuum-arm\software\ArduinoSketch7\ArduinoSketch7\ArduinoCore\Debug\libArduinoCore.a(wiring_analog.o)
 .debug_line    0x00002844      0x273 S:\Members\ShouShan\gitlab_projects\origami-continuum-arm\software\ArduinoSketch7\ArduinoSketch7\ArduinoCore\Debug\libArduinoCore.a(wiring_digital.o)
 .debug_line    0x00002ab7      0x3f8 S:\Members\ShouShan\gitlab_projects\origami-continuum-arm\software\ArduinoSketch7\ArduinoSketch7\ArduinoCore\Debug\libArduinoCore.a(PID_v1.o)
 .debug_line    0x00002eaf      0x2ec S:\Members\ShouShan\gitlab_projects\origami-continuum-arm\software\ArduinoSketch7\ArduinoSketch7\ArduinoCore\Debug\libArduinoCore.a(SPI.o)
 .debug_line    0x0000319b      0x591 S:\Members\ShouShan\gitlab_projects\origami-continuum-arm\software\ArduinoSketch7\ArduinoSketch7\ArduinoCore\Debug\libArduinoCore.a(Wire.o)
 .debug_line    0x0000372c      0x600 S:\Members\ShouShan\gitlab_projects\origami-continuum-arm\software\ArduinoSketch7\ArduinoSketch7\ArduinoCore\Debug\libArduinoCore.a(CDC.o)
 .debug_line    0x00003d2c       0x41 S:\Members\ShouShan\gitlab_projects\origami-continuum-arm\software\ArduinoSketch7\ArduinoSketch7\ArduinoCore\Debug\libArduinoCore.a(hooks.o)
 .debug_line    0x00003d6d      0x2e7 S:\Members\ShouShan\gitlab_projects\origami-continuum-arm\software\ArduinoSketch7\ArduinoSketch7\ArduinoCore\Debug\libArduinoCore.a(PluggableUSB.o)
 .debug_line    0x00004054      0x4fe S:\Members\ShouShan\gitlab_projects\origami-continuum-arm\software\ArduinoSketch7\ArduinoSketch7\ArduinoCore\Debug\libArduinoCore.a(twi.o)

.debug_frame    0x00000000     0x1670
 *(.debug_frame)
 .debug_frame   0x00000000      0x214 Sketch.o
 .debug_frame   0x00000214      0x110 S:\Members\ShouShan\gitlab_projects\origami-continuum-arm\software\ArduinoSketch7\ArduinoSketch7\ArduinoCore\Debug\libArduinoCore.a(HardwareSerial.o)
 .debug_frame   0x00000324       0xc0 S:\Members\ShouShan\gitlab_projects\origami-continuum-arm\software\ArduinoSketch7\ArduinoSketch7\ArduinoCore\Debug\libArduinoCore.a(HardwareSerial1.o)
 .debug_frame   0x000003e4       0x54 S:\Members\ShouShan\gitlab_projects\origami-continuum-arm\software\ArduinoSketch7\ArduinoSketch7\ArduinoCore\Debug\libArduinoCore.a(main.o)
 .debug_frame   0x00000438      0x38c S:\Members\ShouShan\gitlab_projects\origami-continuum-arm\software\ArduinoSketch7\ArduinoSketch7\ArduinoCore\Debug\libArduinoCore.a(Print.o)
 .debug_frame   0x000007c4      0x394 S:\Members\ShouShan\gitlab_projects\origami-continuum-arm\software\ArduinoSketch7\ArduinoSketch7\ArduinoCore\Debug\libArduinoCore.a(USBCore.o)
 .debug_frame   0x00000b58       0xc4 S:\Members\ShouShan\gitlab_projects\origami-continuum-arm\software\ArduinoSketch7\ArduinoSketch7\ArduinoCore\Debug\libArduinoCore.a(wiring.o)
 .debug_frame   0x00000c1c       0x54 S:\Members\ShouShan\gitlab_projects\origami-continuum-arm\software\ArduinoSketch7\ArduinoSketch7\ArduinoCore\Debug\libArduinoCore.a(wiring_analog.o)
 .debug_frame   0x00000c70       0x7c S:\Members\ShouShan\gitlab_projects\origami-continuum-arm\software\ArduinoSketch7\ArduinoSketch7\ArduinoCore\Debug\libArduinoCore.a(wiring_digital.o)
 .debug_frame   0x00000cec      0x2d8 S:\Members\ShouShan\gitlab_projects\origami-continuum-arm\software\ArduinoSketch7\ArduinoSketch7\ArduinoCore\Debug\libArduinoCore.a(PID_v1.o)
 .debug_frame   0x00000fc4       0x5c S:\Members\ShouShan\gitlab_projects\origami-continuum-arm\software\ArduinoSketch7\ArduinoSketch7\ArduinoCore\Debug\libArduinoCore.a(SPI.o)
 .debug_frame   0x00001020      0x264 S:\Members\ShouShan\gitlab_projects\origami-continuum-arm\software\ArduinoSketch7\ArduinoSketch7\ArduinoCore\Debug\libArduinoCore.a(Wire.o)
 .debug_frame   0x00001284      0x1a8 S:\Members\ShouShan\gitlab_projects\origami-continuum-arm\software\ArduinoSketch7\ArduinoSketch7\ArduinoCore\Debug\libArduinoCore.a(CDC.o)
 .debug_frame   0x0000142c       0x24 S:\Members\ShouShan\gitlab_projects\origami-continuum-arm\software\ArduinoSketch7\ArduinoSketch7\ArduinoCore\Debug\libArduinoCore.a(hooks.o)
 .debug_frame   0x00001450       0xec S:\Members\ShouShan\gitlab_projects\origami-continuum-arm\software\ArduinoSketch7\ArduinoSketch7\ArduinoCore\Debug\libArduinoCore.a(PluggableUSB.o)
 .debug_frame   0x0000153c      0x134 S:\Members\ShouShan\gitlab_projects\origami-continuum-arm\software\ArduinoSketch7\ArduinoSketch7\ArduinoCore\Debug\libArduinoCore.a(twi.o)

.debug_str      0x00000000     0x41d3
 *(.debug_str)
 .debug_str     0x00000000      0x371 C:/Program Files (x86)/Atmel/Studio/7.0/Packs/atmel/ATmega_DFP/1.2.132/gcc/dev/atmega32u4/avr5/crtatmega32u4.o
 .debug_str     0x00000371      0xf0c Sketch.o
                                0xfbb (size before relaxing)
 .debug_str     0x0000127d     0x12f0 S:\Members\ShouShan\gitlab_projects\origami-continuum-arm\software\ArduinoSketch7\ArduinoSketch7\ArduinoCore\Debug\libArduinoCore.a(HardwareSerial.o)
                               0x15ff (size before relaxing)
 .debug_str     0x0000256d       0x55 S:\Members\ShouShan\gitlab_projects\origami-continuum-arm\software\ArduinoSketch7\ArduinoSketch7\ArduinoCore\Debug\libArduinoCore.a(HardwareSerial1.o)
                               0x13d7 (size before relaxing)
 .debug_str     0x000025c2      0x10e S:\Members\ShouShan\gitlab_projects\origami-continuum-arm\software\ArduinoSketch7\ArduinoSketch7\ArduinoCore\Debug\libArduinoCore.a(main.o)
                                0x3a9 (size before relaxing)
 .debug_str     0x000026d0      0x3ce S:\Members\ShouShan\gitlab_projects\origami-continuum-arm\software\ArduinoSketch7\ArduinoSketch7\ArduinoCore\Debug\libArduinoCore.a(Print.o)
                               0x11f7 (size before relaxing)
 .debug_str     0x00002a9e      0x82a S:\Members\ShouShan\gitlab_projects\origami-continuum-arm\software\ArduinoSketch7\ArduinoSketch7\ArduinoCore\Debug\libArduinoCore.a(USBCore.o)
                                0xc99 (size before relaxing)
 .debug_str     0x000032c8      0x141 S:\Members\ShouShan\gitlab_projects\origami-continuum-arm\software\ArduinoSketch7\ArduinoSketch7\ArduinoCore\Debug\libArduinoCore.a(wiring.o)
                                0x268 (size before relaxing)
 .debug_str     0x00003409       0x86 S:\Members\ShouShan\gitlab_projects\origami-continuum-arm\software\ArduinoSketch7\ArduinoSketch7\ArduinoCore\Debug\libArduinoCore.a(wiring_analog.o)
                                0x286 (size before relaxing)
 .debug_str     0x0000348f       0xa9 S:\Members\ShouShan\gitlab_projects\origami-continuum-arm\software\ArduinoSketch7\ArduinoSketch7\ArduinoCore\Debug\libArduinoCore.a(wiring_digital.o)
                                0x2e7 (size before relaxing)
 .debug_str     0x00003538       0x78 S:\Members\ShouShan\gitlab_projects\origami-continuum-arm\software\ArduinoSketch7\ArduinoSketch7\ArduinoCore\Debug\libArduinoCore.a(PID_v1.o)
                                0x552 (size before relaxing)
 .debug_str     0x000035b0       0xa4 S:\Members\ShouShan\gitlab_projects\origami-continuum-arm\software\ArduinoSketch7\ArduinoSketch7\ArduinoCore\Debug\libArduinoCore.a(SPI.o)
                                0x6cb (size before relaxing)
 .debug_str     0x00003654      0x523 S:\Members\ShouShan\gitlab_projects\origami-continuum-arm\software\ArduinoSketch7\ArduinoSketch7\ArduinoCore\Debug\libArduinoCore.a(Wire.o)
                               0x188f (size before relaxing)
 .debug_str     0x00003b77      0x4a3 S:\Members\ShouShan\gitlab_projects\origami-continuum-arm\software\ArduinoSketch7\ArduinoSketch7\ArduinoCore\Debug\libArduinoCore.a(CDC.o)
                               0x19f9 (size before relaxing)
 .debug_str     0x0000401a       0x1c S:\Members\ShouShan\gitlab_projects\origami-continuum-arm\software\ArduinoSketch7\ArduinoSketch7\ArduinoCore\Debug\libArduinoCore.a(hooks.o)
                                0x15d (size before relaxing)
 .debug_str     0x00004036       0x4c S:\Members\ShouShan\gitlab_projects\origami-continuum-arm\software\ArduinoSketch7\ArduinoSketch7\ArduinoCore\Debug\libArduinoCore.a(PluggableUSB.o)
                                0x5d9 (size before relaxing)
 .debug_str     0x00004082      0x151 S:\Members\ShouShan\gitlab_projects\origami-continuum-arm\software\ArduinoSketch7\ArduinoSketch7\ArduinoCore\Debug\libArduinoCore.a(twi.o)
                                0x3e8 (size before relaxing)

.debug_loc      0x00000000     0x725e
 *(.debug_loc)
 .debug_loc     0x00000000      0x84a Sketch.o
 .debug_loc     0x0000084a      0x482 S:\Members\ShouShan\gitlab_projects\origami-continuum-arm\software\ArduinoSketch7\ArduinoSketch7\ArduinoCore\Debug\libArduinoCore.a(HardwareSerial.o)
 .debug_loc     0x00000ccc      0x18a S:\Members\ShouShan\gitlab_projects\origami-continuum-arm\software\ArduinoSketch7\ArduinoSketch7\ArduinoCore\Debug\libArduinoCore.a(HardwareSerial1.o)
 .debug_loc     0x00000e56     0x1c79 S:\Members\ShouShan\gitlab_projects\origami-continuum-arm\software\ArduinoSketch7\ArduinoSketch7\ArduinoCore\Debug\libArduinoCore.a(Print.o)
 .debug_loc     0x00002acf     0x123d S:\Members\ShouShan\gitlab_projects\origami-continuum-arm\software\ArduinoSketch7\ArduinoSketch7\ArduinoCore\Debug\libArduinoCore.a(USBCore.o)
 .debug_loc     0x00003d0c      0x28d S:\Members\ShouShan\gitlab_projects\origami-continuum-arm\software\ArduinoSketch7\ArduinoSketch7\ArduinoCore\Debug\libArduinoCore.a(wiring.o)
 .debug_loc     0x00003f99      0x1cb S:\Members\ShouShan\gitlab_projects\origami-continuum-arm\software\ArduinoSketch7\ArduinoSketch7\ArduinoCore\Debug\libArduinoCore.a(wiring_analog.o)
 .debug_loc     0x00004164      0x665 S:\Members\ShouShan\gitlab_projects\origami-continuum-arm\software\ArduinoSketch7\ArduinoSketch7\ArduinoCore\Debug\libArduinoCore.a(wiring_digital.o)
 .debug_loc     0x000047c9      0xd10 S:\Members\ShouShan\gitlab_projects\origami-continuum-arm\software\ArduinoSketch7\ArduinoSketch7\ArduinoCore\Debug\libArduinoCore.a(PID_v1.o)
 .debug_loc     0x000054d9      0x22f S:\Members\ShouShan\gitlab_projects\origami-continuum-arm\software\ArduinoSketch7\ArduinoSketch7\ArduinoCore\Debug\libArduinoCore.a(SPI.o)
 .debug_loc     0x00005708      0xbd7 S:\Members\ShouShan\gitlab_projects\origami-continuum-arm\software\ArduinoSketch7\ArduinoSketch7\ArduinoCore\Debug\libArduinoCore.a(Wire.o)
 .debug_loc     0x000062df      0x754 S:\Members\ShouShan\gitlab_projects\origami-continuum-arm\software\ArduinoSketch7\ArduinoSketch7\ArduinoCore\Debug\libArduinoCore.a(CDC.o)
 .debug_loc     0x00006a33      0x445 S:\Members\ShouShan\gitlab_projects\origami-continuum-arm\software\ArduinoSketch7\ArduinoSketch7\ArduinoCore\Debug\libArduinoCore.a(PluggableUSB.o)
 .debug_loc     0x00006e78      0x3e6 S:\Members\ShouShan\gitlab_projects\origami-continuum-arm\software\ArduinoSketch7\ArduinoSketch7\ArduinoCore\Debug\libArduinoCore.a(twi.o)

.debug_macinfo
 *(.debug_macinfo)

.debug_weaknames
 *(.debug_weaknames)

.debug_funcnames
 *(.debug_funcnames)

.debug_typenames
 *(.debug_typenames)

.debug_varnames
 *(.debug_varnames)

.debug_pubtypes
 *(.debug_pubtypes)

.debug_ranges   0x00000000      0x768
 *(.debug_ranges)
 .debug_ranges  0x00000000       0x60 Sketch.o
 .debug_ranges  0x00000060       0x58 S:\Members\ShouShan\gitlab_projects\origami-continuum-arm\software\ArduinoSketch7\ArduinoSketch7\ArduinoCore\Debug\libArduinoCore.a(HardwareSerial.o)
 .debug_ranges  0x000000b8       0x28 S:\Members\ShouShan\gitlab_projects\origami-continuum-arm\software\ArduinoSketch7\ArduinoSketch7\ArduinoCore\Debug\libArduinoCore.a(HardwareSerial1.o)
 .debug_ranges  0x000000e0       0x20 S:\Members\ShouShan\gitlab_projects\origami-continuum-arm\software\ArduinoSketch7\ArduinoSketch7\ArduinoCore\Debug\libArduinoCore.a(main.o)
 .debug_ranges  0x00000100      0x110 S:\Members\ShouShan\gitlab_projects\origami-continuum-arm\software\ArduinoSketch7\ArduinoSketch7\ArduinoCore\Debug\libArduinoCore.a(Print.o)
 .debug_ranges  0x00000210      0x1c8 S:\Members\ShouShan\gitlab_projects\origami-continuum-arm\software\ArduinoSketch7\ArduinoSketch7\ArduinoCore\Debug\libArduinoCore.a(USBCore.o)
 .debug_ranges  0x000003d8       0x38 S:\Members\ShouShan\gitlab_projects\origami-continuum-arm\software\ArduinoSketch7\ArduinoSketch7\ArduinoCore\Debug\libArduinoCore.a(wiring.o)
 .debug_ranges  0x00000410       0x20 S:\Members\ShouShan\gitlab_projects\origami-continuum-arm\software\ArduinoSketch7\ArduinoSketch7\ArduinoCore\Debug\libArduinoCore.a(wiring_analog.o)
 .debug_ranges  0x00000430       0x28 S:\Members\ShouShan\gitlab_projects\origami-continuum-arm\software\ArduinoSketch7\ArduinoSketch7\ArduinoCore\Debug\libArduinoCore.a(wiring_digital.o)
 .debug_ranges  0x00000458       0x70 S:\Members\ShouShan\gitlab_projects\origami-continuum-arm\software\ArduinoSketch7\ArduinoSketch7\ArduinoCore\Debug\libArduinoCore.a(PID_v1.o)
 .debug_ranges  0x000004c8       0x28 S:\Members\ShouShan\gitlab_projects\origami-continuum-arm\software\ArduinoSketch7\ArduinoSketch7\ArduinoCore\Debug\libArduinoCore.a(SPI.o)
 .debug_ranges  0x000004f0       0xd8 S:\Members\ShouShan\gitlab_projects\origami-continuum-arm\software\ArduinoSketch7\ArduinoSketch7\ArduinoCore\Debug\libArduinoCore.a(Wire.o)
 .debug_ranges  0x000005c8       0xc8 S:\Members\ShouShan\gitlab_projects\origami-continuum-arm\software\ArduinoSketch7\ArduinoSketch7\ArduinoCore\Debug\libArduinoCore.a(CDC.o)
 .debug_ranges  0x00000690       0x10 S:\Members\ShouShan\gitlab_projects\origami-continuum-arm\software\ArduinoSketch7\ArduinoSketch7\ArduinoCore\Debug\libArduinoCore.a(hooks.o)
 .debug_ranges  0x000006a0       0x58 S:\Members\ShouShan\gitlab_projects\origami-continuum-arm\software\ArduinoSketch7\ArduinoSketch7\ArduinoCore\Debug\libArduinoCore.a(PluggableUSB.o)
 .debug_ranges  0x000006f8       0x70 S:\Members\ShouShan\gitlab_projects\origami-continuum-arm\software\ArduinoSketch7\ArduinoSketch7\ArduinoCore\Debug\libArduinoCore.a(twi.o)

.debug_macro
 *(.debug_macro)
OUTPUT(triple_motor_control_ls7366r_i2c_cur_sensing_atmeg.elf elf32-avr)
LOAD linker stubs
